Archive member included to satisfy reference by file (symbol)

c:/mounriver/mounriver_studio/toolchain/risc-v embedded gcc/bin/../lib/gcc/riscv-none-embed/8.2.0/../../../../riscv-none-embed/lib/rv32imafc/ilp32f\libm.a(lib_a-w_pow.o)
                              ./zf_device/zf_device_mt9v03x_dvp.o (pow)
c:/mounriver/mounriver_studio/toolchain/risc-v embedded gcc/bin/../lib/gcc/riscv-none-embed/8.2.0/../../../../riscv-none-embed/lib/rv32imafc/ilp32f\libm.a(lib_a-e_pow.o)
                              c:/mounriver/mounriver_studio/toolchain/risc-v embedded gcc/bin/../lib/gcc/riscv-none-embed/8.2.0/../../../../riscv-none-embed/lib/rv32imafc/ilp32f\libm.a(lib_a-w_pow.o) (__ieee754_pow)
c:/mounriver/mounriver_studio/toolchain/risc-v embedded gcc/bin/../lib/gcc/riscv-none-embed/8.2.0/../../../../riscv-none-embed/lib/rv32imafc/ilp32f\libm.a(lib_a-e_sqrt.o)
                              c:/mounriver/mounriver_studio/toolchain/risc-v embedded gcc/bin/../lib/gcc/riscv-none-embed/8.2.0/../../../../riscv-none-embed/lib/rv32imafc/ilp32f\libm.a(lib_a-e_pow.o) (__ieee754_sqrt)
c:/mounriver/mounriver_studio/toolchain/risc-v embedded gcc/bin/../lib/gcc/riscv-none-embed/8.2.0/../../../../riscv-none-embed/lib/rv32imafc/ilp32f\libm.a(lib_a-s_fabs.o)
                              c:/mounriver/mounriver_studio/toolchain/risc-v embedded gcc/bin/../lib/gcc/riscv-none-embed/8.2.0/../../../../riscv-none-embed/lib/rv32imafc/ilp32f\libm.a(lib_a-e_pow.o) (fabs)
c:/mounriver/mounriver_studio/toolchain/risc-v embedded gcc/bin/../lib/gcc/riscv-none-embed/8.2.0/../../../../riscv-none-embed/lib/rv32imafc/ilp32f\libm.a(lib_a-s_finite.o)
                              c:/mounriver/mounriver_studio/toolchain/risc-v embedded gcc/bin/../lib/gcc/riscv-none-embed/8.2.0/../../../../riscv-none-embed/lib/rv32imafc/ilp32f\libm.a(lib_a-w_pow.o) (finite)
c:/mounriver/mounriver_studio/toolchain/risc-v embedded gcc/bin/../lib/gcc/riscv-none-embed/8.2.0/../../../../riscv-none-embed/lib/rv32imafc/ilp32f\libm.a(lib_a-s_lib_ver.o)
                              c:/mounriver/mounriver_studio/toolchain/risc-v embedded gcc/bin/../lib/gcc/riscv-none-embed/8.2.0/../../../../riscv-none-embed/lib/rv32imafc/ilp32f\libm.a(lib_a-w_pow.o) (__fdlib_version)
c:/mounriver/mounriver_studio/toolchain/risc-v embedded gcc/bin/../lib/gcc/riscv-none-embed/8.2.0/../../../../riscv-none-embed/lib/rv32imafc/ilp32f\libm.a(lib_a-s_matherr.o)
                              c:/mounriver/mounriver_studio/toolchain/risc-v embedded gcc/bin/../lib/gcc/riscv-none-embed/8.2.0/../../../../riscv-none-embed/lib/rv32imafc/ilp32f\libm.a(lib_a-w_pow.o) (matherr)
c:/mounriver/mounriver_studio/toolchain/risc-v embedded gcc/bin/../lib/gcc/riscv-none-embed/8.2.0/../../../../riscv-none-embed/lib/rv32imafc/ilp32f\libm.a(lib_a-s_nan.o)
                              c:/mounriver/mounriver_studio/toolchain/risc-v embedded gcc/bin/../lib/gcc/riscv-none-embed/8.2.0/../../../../riscv-none-embed/lib/rv32imafc/ilp32f\libm.a(lib_a-e_pow.o) (nan)
c:/mounriver/mounriver_studio/toolchain/risc-v embedded gcc/bin/../lib/gcc/riscv-none-embed/8.2.0/../../../../riscv-none-embed/lib/rv32imafc/ilp32f\libm.a(lib_a-s_rint.o)
                              c:/mounriver/mounriver_studio/toolchain/risc-v embedded gcc/bin/../lib/gcc/riscv-none-embed/8.2.0/../../../../riscv-none-embed/lib/rv32imafc/ilp32f\libm.a(lib_a-w_pow.o) (rint)
c:/mounriver/mounriver_studio/toolchain/risc-v embedded gcc/bin/../lib/gcc/riscv-none-embed/8.2.0/../../../../riscv-none-embed/lib/rv32imafc/ilp32f\libm.a(lib_a-s_scalbn.o)
                              c:/mounriver/mounriver_studio/toolchain/risc-v embedded gcc/bin/../lib/gcc/riscv-none-embed/8.2.0/../../../../riscv-none-embed/lib/rv32imafc/ilp32f\libm.a(lib_a-e_pow.o) (scalbn)
c:/mounriver/mounriver_studio/toolchain/risc-v embedded gcc/bin/../lib/gcc/riscv-none-embed/8.2.0/../../../../riscv-none-embed/lib/rv32imafc/ilp32f\libm.a(lib_a-s_copysign.o)
                              c:/mounriver/mounriver_studio/toolchain/risc-v embedded gcc/bin/../lib/gcc/riscv-none-embed/8.2.0/../../../../riscv-none-embed/lib/rv32imafc/ilp32f\libm.a(lib_a-s_scalbn.o) (copysign)
c:/mounriver/mounriver_studio/toolchain/risc-v embedded gcc/bin/../lib/gcc/riscv-none-embed/8.2.0/rv32imafc/ilp32f\libgcc.a(adddf3.o)
                              ./zf_device/zf_device_mt9v03x_dvp.o (__adddf3)
c:/mounriver/mounriver_studio/toolchain/risc-v embedded gcc/bin/../lib/gcc/riscv-none-embed/8.2.0/rv32imafc/ilp32f\libgcc.a(divdf3.o)
                              ./zf_common/zf_common_function.o (__divdf3)
c:/mounriver/mounriver_studio/toolchain/risc-v embedded gcc/bin/../lib/gcc/riscv-none-embed/8.2.0/rv32imafc/ilp32f\libgcc.a(eqdf2.o)
                              ./zf_common/zf_common_function.o (__eqdf2)
c:/mounriver/mounriver_studio/toolchain/risc-v embedded gcc/bin/../lib/gcc/riscv-none-embed/8.2.0/rv32imafc/ilp32f\libgcc.a(gedf2.o)
[...]
Memory Configuration

Name             Origin             Length             Attributes
RAM              0x0000000020000000 0x0000000000010000 xrw
FLASH            0x0000000000000000 0x0000000000040000 xr
*default*        0x0000000000000000 0xffffffffffffffff

Linker script and memory map

LOAD ./zf_driver/zf_driver_adc.o
LOAD ./zf_driver/zf_driver_delay.o
LOAD ./zf_driver/zf_driver_dvp.o
LOAD ./zf_driver/zf_driver_encoder.o
LOAD ./zf_driver/zf_driver_exti.o
LOAD ./zf_driver/zf_driver_flash.o
LOAD ./zf_driver/zf_driver_gpio.o
LOAD ./zf_driver/zf_driver_irq.o
LOAD ./zf_driver/zf_driver_pit.o
LOAD ./zf_driver/zf_driver_pwm.o
LOAD ./zf_driver/zf_driver_soft_iic.o
LOAD ./zf_driver/zf_driver_spi.o
LOAD ./zf_driver/zf_driver_timer.o
LOAD ./zf_driver/zf_driver_uart.o
LOAD ./zf_driver/zf_driver_usb_cdc.o
LOAD ./zf_device/zf_device_absolute_encoder.o
LOAD ./zf_device/zf_device_bluetooth_ch9141.o
LOAD ./zf_device/zf_device_bluetooth_ch9141_ch2.o
LOAD ./zf_device/zf_device_camera.o
LOAD ./zf_device/zf_device_icm20602.o
LOAD ./zf_device/zf_device_ips114.o
LOAD ./zf_device/zf_device_ips200_parallel8.o
LOAD ./zf_device/zf_device_mpu6050.o
LOAD ./zf_device/zf_device_mt9v03x_dvp.o
LOAD ./zf_device/zf_device_oled.o
LOAD ./zf_device/zf_device_scc8660_dvp.o
LOAD ./zf_device/zf_device_tft180.o
LOAD ./zf_device/zf_device_type.o
LOAD ./zf_device/zf_device_virtual_oscilloscope.o
LOAD ./zf_device/zf_device_wireless_ch573.o
LOAD ./zf_device/zf_device_wireless_uart.o
LOAD ./zf_common/zf_common_clock.o
LOAD ./zf_common/zf_common_debug.o
LOAD ./zf_common/zf_common_fifo.o
LOAD ./zf_common/zf_common_font.o
LOAD ./zf_common/zf_common_function.o
LOAD ./zf_common/zf_common_interrupt.o
LOAD ./user_c/gif.o
LOAD ./user_c/isr.o
LOAD ./user_c/main.o
LOAD ./sdk/Startup/startup_ch32v30x.o
LOAD ./sdk/Startup/system_ch32v30x.o
LOAD ./sdk/Peripheral/ch32v30x_adc.o
LOAD ./sdk/Peripheral/ch32v30x_bkp.o
LOAD ./sdk/Peripheral/ch32v30x_can.o
LOAD ./sdk/Peripheral/ch32v30x_crc.o
LOAD ./sdk/Peripheral/ch32v30x_dac.o
LOAD ./sdk/Peripheral/ch32v30x_dbgmcu.o
LOAD ./sdk/Peripheral/ch32v30x_dma.o
LOAD ./sdk/Peripheral/ch32v30x_dvp.o
LOAD ./sdk/Peripheral/ch32v30x_eth.o
LOAD ./sdk/Peripheral/ch32v30x_exti.o
LOAD ./sdk/Peripheral/ch32v30x_flash.o
LOAD ./sdk/Peripheral/ch32v30x_fsmc.o
LOAD ./sdk/Peripheral/ch32v30x_gpio.o
LOAD ./sdk/Peripheral/ch32v30x_i2c.o
LOAD ./sdk/Peripheral/ch32v30x_iwdg.o
LOAD ./sdk/Peripheral/ch32v30x_misc.o
LOAD ./sdk/Peripheral/ch32v30x_opa.o
LOAD ./sdk/Peripheral/ch32v30x_pwr.o
LOAD ./sdk/Peripheral/ch32v30x_rcc.o
LOAD ./sdk/Peripheral/ch32v30x_rng.o
LOAD ./sdk/Peripheral/ch32v30x_rtc.o
LOAD ./sdk/Peripheral/ch32v30x_sdio.o
LOAD ./sdk/Peripheral/ch32v30x_spi.o
LOAD ./sdk/Peripheral/ch32v30x_tim.o
LOAD ./sdk/Peripheral/ch32v30x_usart.o
LOAD ./sdk/Peripheral/ch32v30x_usbotg_device.o
LOAD ./sdk/Peripheral/ch32v30x_wwdg.o
LOAD ./sdk/Core/core_riscv.o
LOAD c:/mounriver/mounriver_studio/toolchain/risc-v embedded gcc/bin/../lib/gcc/riscv-none-embed/8.2.0/../../../../riscv-none-embed/lib/rv32imafc/ilp32f\libm.a
LOAD c:/mounriver/mounriver_studio/toolchain/risc-v embedded gcc/bin/../lib/gcc/riscv-none-embed/8.2.0/rv32imafc/ilp32f\libgcc.a
LOAD c:/mounriver/mounriver_studio/toolchain/risc-v embedded gcc/bin/../lib/gcc/riscv-none-embed/8.2.0/../../../../riscv-none-embed/lib/rv32imafc/ilp32f\libg_nano.a
LOAD c:/mounriver/mounriver_studio/toolchain/risc-v embedded gcc/bin/../lib/gcc/riscv-none-embed/8.2.0/../../../../riscv-none-embed/lib/rv32imafc/ilp32f\libc_nano.a
LOAD c:/mounriver/mounriver_studio/toolchain/risc-v embedded gcc/bin/../lib/gcc/riscv-none-embed/8.2.0/rv32imafc/ilp32f\libgcc.a
START GROUP
LOAD c:/mounriver/mounriver_studio/toolchain/risc-v embedded gcc/bin/../lib/gcc/riscv-none-embed/8.2.0/rv32imafc/ilp32f\libgcc.a
LOAD c:/mounriver/mounriver_studio/toolchain/risc-v embedded gcc/bin/../lib/gcc/riscv-none-embed/8.2.0/../../../../riscv-none-embed/lib/rv32imafc/ilp32f\libc_nano.a
LOAD c:/mounriver/mounriver_studio/toolchain/risc-v embedded gcc/bin/../lib/gcc/riscv-none-embed/8.2.0/../../../../riscv-none-embed/lib/rv32imafc/ilp32f\libnosys.a
END GROUP
START GROUP
LOAD c:/mounriver/mounriver_studio/toolchain/risc-v embedded gcc/bin/../lib/gcc/riscv-none-embed/8.2.0/rv32imafc/ilp32f\libgcc.a
LOAD c:/mounriver/mounriver_studio/toolchain/risc-v embedded gcc/bin/../lib/gcc/riscv-none-embed/8.2.0/../../../../riscv-none-embed/lib/rv32imafc/ilp32f\libc_nano.a
LOAD c:/mounriver/mounriver_studio/toolchain/risc-v embedded gcc/bin/../lib/gcc/riscv-none-embed/8.2.0/../../../../riscv-none-embed/lib/rv32imafc/ilp32f\libnosys.a
END GROUP
                0x0000000000000800                __stack_size = 0x800
                [!provide]                        PROVIDE (_stack_size = __stack_size)

.init           0x0000000000000000       0x38
                0x0000000000000000                _sinit = .
                0x0000000000000000                . = ALIGN (0x4)
 *(SORT_NONE(.init))
 .init          0x0000000000000000       0x38 ./sdk/Startup/startup_ch32v30x.o
                0x0000000000000000                _start
                0x0000000000000038                . = ALIGN (0x4)
                0x0000000000000038                _einit = .

.vector         0x0000000000000038      0x1c8
 *(.vector)
 .vector        0x0000000000000038      0x1a0 ./sdk/Startup/startup_ch32v30x.o
                0x0000000000000200                . = ALIGN (0x40)
 *fill*         0x00000000000001d8       0x28 

.text           0x0000000000000200     0xe4fc
                0x0000000000000200                . = ALIGN (0x4)
 *(.text)
 .text          0x0000000000000200       0x14 ./zf_driver/zf_driver_irq.o
                0x0000000000000200                dis_interrupt
                0x0000000000000206                en_interrupt
 .text          0x0000000000000214       0xa8 c:/mounriver/mounriver_studio/toolchain/risc-v embedded gcc/bin/../lib/gcc/riscv-none-embed/8.2.0/../../../../riscv-none-embed/lib/rv32imafc/ilp32f\libg_nano.a(lib_a-memset.o)
                0x0000000000000214                memset
 *(.text.*)
 .text.system_delay
                0x00000000000002bc       0x5c ./zf_driver/zf_driver_delay.o
                0x00000000000002bc                system_delay
 .text.dvp_gpio_init
                0x0000000000000318      0x102 ./zf_driver/zf_driver_dvp.o
                0x0000000000000318                dvp_gpio_init
 .text.dvp_camera_init
                0x000000000000041a      0x144 ./zf_driver/zf_driver_dvp.o
                0x000000000000041a                dvp_camera_init
 .text.gpio_toggle_level
                0x000000000000055e       0x66 ./zf_driver/zf_driver_gpio.o
                0x000000000000055e                gpio_toggle_level
 .text.gpio_init
                0x00000000000005c4      0x1a2 ./zf_driver/zf_driver_gpio.o
                0x00000000000005c4                gpio_init
 .text.spi_gpio_init
                0x0000000000000766      0x204 ./zf_driver/zf_driver_spi.o
                0x0000000000000766                spi_gpio_init
 .text.spi_init
                0x000000000000096a      0x278 ./zf_driver/zf_driver_spi.o
                0x000000000000096a                spi_init
 .text.spi_write_8bit
                0x0000000000000be2       0x56 ./zf_driver/zf_driver_spi.o
                0x0000000000000be2                spi_write_8bit
 .text.uart_gpio_init
                0x0000000000000c38      0x404 ./zf_driver/zf_driver_uart.o
                0x0000000000000c38                uart_gpio_init
 .text.uart_write_byte
                0x000000000000103c       0x56 ./zf_driver/zf_driver_uart.o
                0x000000000000103c                uart_write_byte
 .text.uart_write_buffer
                0x0000000000001092       0x46 ./zf_driver/zf_driver_uart.o
                0x0000000000001092                uart_write_buffer
 .text.uart_write_string
                0x00000000000010d8       0x42 ./zf_driver/zf_driver_uart.o
                0x00000000000010d8                uart_write_string
 .text.uart_rx_interrupt
                0x000000000000111a       0x84 ./zf_driver/zf_driver_uart.o
                0x000000000000111a                uart_rx_interrupt
 .text.uart_query_byte
                0x000000000000119e       0x5e ./zf_driver/zf_driver_uart.o
                0x000000000000119e                uart_query_byte
 .text.uart_init
                0x00000000000011fc      0x2d0 ./zf_driver/zf_driver_uart.o
                0x00000000000011fc                uart_init
 .text.bluetooth_ch9141_uart_callback_ch1
                0x00000000000014cc       0x28 ./zf_device/zf_device_bluetooth_ch9141.o
                0x00000000000014cc                bluetooth_ch9141_uart_callback_ch1
 .text.bluetooth_ch9141_uart_callback_ch2
                0x00000000000014f4       0x28 ./zf_device/zf_device_bluetooth_ch9141_ch2.o
                0x00000000000014f4                bluetooth_ch9141_uart_callback_ch2
 .text.camera_uart_handler
                0x000000000000151c       0x38 ./zf_device/zf_device_camera.o
                0x000000000000151c                camera_uart_handler
 .text.camera_dvp_handler
                0x0000000000001554       0x2e ./zf_device/zf_device_camera.o
                0x0000000000001554                camera_dvp_handler
 .text.my_adapt_threshold
                0x0000000000001582      0x3c2 ./zf_device/zf_device_mt9v03x_dvp.o
                0x0000000000001582                my_adapt_threshold
 .text.mt9v03x_set_config_dvp
                0x0000000000001944      0x190 ./zf_device/zf_device_mt9v03x_dvp.o
 .text.mt9v03x_get_config_dvp
                0x0000000000001ad4      0x12c ./zf_device/zf_device_mt9v03x_dvp.o
 .text.mt9v03x_uart_callback_dvp
                0x0000000000001c00       0x66 ./zf_device/zf_device_mt9v03x_dvp.o
                0x0000000000001c00                mt9v03x_uart_callback_dvp
 .text.mt9v03x_handler_dvp
                0x0000000000001c66       0x7c ./zf_device/zf_device_mt9v03x_dvp.o
                0x0000000000001c66                mt9v03x_handler_dvp
 .text.mt9v03x_init_dvp
                0x0000000000001ce2       0xfc ./zf_device/zf_device_mt9v03x_dvp.o
                0x0000000000001ce2                mt9v03x_init_dvp
 .text.oled_write_data
                0x0000000000001dde       0x4e ./zf_device/zf_device_oled.o
 .text.oled_write_command
                0x0000000000001e2c       0x4e ./zf_device/zf_device_oled.o
 .text.oled_set_coordinate
                0x0000000000001e7a       0x96 ./zf_device/zf_device_oled.o
 .text.oled_debug_init
                0x0000000000001f10       0x7e ./zf_device/zf_device_oled.o
 .text.oled_clear
                0x0000000000001f8e       0x60 ./zf_device/zf_device_oled.o
                0x0000000000001f8e                oled_clear
 .text.oled_full
                0x0000000000001fee       0x6a ./zf_device/zf_device_oled.o
                0x0000000000001fee                oled_full
 .text.oled_set_dir
                0x0000000000002058       0x1a ./zf_device/zf_device_oled.o
                0x0000000000002058                oled_set_dir
 .text.oled_show_string
                0x0000000000002072      0x210 ./zf_device/zf_device_oled.o
                0x0000000000002072                oled_show_string
 .text.oled_show_gray_image
                0x0000000000002282      0x320 ./zf_device/zf_device_oled.o
                0x0000000000002282                oled_show_gray_image
 .text.oled_init
                0x00000000000025a2      0x1be ./zf_device/zf_device_oled.o
                0x00000000000025a2                oled_init
 .text.scc8660_uart_callback_dvp
                0x0000000000002760       0x66 ./zf_device/zf_device_scc8660_dvp.o
                0x0000000000002760                scc8660_uart_callback_dvp
 .text.scc8660_vsync_dvp
                0x00000000000027c6       0x14 ./zf_device/zf_device_scc8660_dvp.o
                0x00000000000027c6                scc8660_vsync_dvp
 .text.set_camera_type
                0x00000000000027da       0x1a ./zf_device/zf_device_type.o
                0x00000000000027da                set_camera_type
 .text.wireless_ch573_callback
                0x00000000000027f4       0x2e ./zf_device/zf_device_wireless_ch573.o
                0x00000000000027f4                wireless_ch573_callback
 .text.wireless_uart_callback
                0x0000000000002822       0x2e ./zf_device/zf_device_wireless_uart.o
                0x0000000000002822                wireless_uart_callback
 .text.clock_init
                0x0000000000002850       0x2a ./zf_common/zf_common_clock.o
                0x0000000000002850                clock_init
 .text.clock_reset
                0x000000000000287a       0x76 ./zf_common/zf_common_clock.o
 .text.clock_set_freq
                0x00000000000028f0      0x260 ./zf_common/zf_common_clock.o
 .text.__NOP    0x0000000000002b50       0x10 ./zf_common/zf_common_debug.o
 .text.debug_delay
                0x0000000000002b60       0x52 ./zf_common/zf_common_debug.o
 .text.debug_uart_str_output
                0x0000000000002bb2       0x20 ./zf_common/zf_common_debug.o
 .text.debug_output
                0x0000000000002bd2      0x37e ./zf_common/zf_common_debug.o
 .text._write   0x0000000000002f50       0x7c ./zf_common/zf_common_debug.o
                0x0000000000002f50                _write
 .text.debug_assert_handler
                0x0000000000002fcc       0x5e ./zf_common/zf_common_debug.o
                0x0000000000002fcc                debug_assert_handler
 .text.debug_output_struct_init
                0x000000000000302a       0x5a ./zf_common/zf_common_debug.o
                0x000000000000302a                debug_output_struct_init
 .text.debug_output_init
                0x0000000000003084       0xa8 ./zf_common/zf_common_debug.o
                0x0000000000003084                debug_output_init
 .text.debug_init
                0x000000000000312c       0x42 ./zf_common/zf_common_debug.o
                0x000000000000312c                debug_init
 .text.fifo_head_offset
                0x000000000000316e       0x4e ./zf_common/zf_common_fifo.o
                0x000000000000316e                fifo_head_offset
 .text.fifo_write_buffer
                0x00000000000031bc      0x100 ./zf_common/zf_common_fifo.o
                0x00000000000031bc                fifo_write_buffer
 .text.NVIC_EnableIRQ
                0x00000000000032bc       0x32 ./zf_common/zf_common_interrupt.o
 .text.NVIC_DisableIRQ
                0x00000000000032ee       0x32 ./zf_common/zf_common_interrupt.o
 .text.NVIC_SetPriority
                0x0000000000003320       0x2a ./zf_common/zf_common_interrupt.o
 .text.interrupt_enable
                0x000000000000334a       0x1c ./zf_common/zf_common_interrupt.o
                0x000000000000334a                interrupt_enable
 .text.interrupt_disable
                0x0000000000003366       0x1c ./zf_common/zf_common_interrupt.o
                0x0000000000003366                interrupt_disable
 .text.interrupt_set_priority
                0x0000000000003382       0x28 ./zf_common/zf_common_interrupt.o
                0x0000000000003382                interrupt_set_priority
 .text.interrupt_init
                0x00000000000033aa        0xe ./zf_common/zf_common_interrupt.o
                0x00000000000033aa                interrupt_init
 .text.interrupt_global_enable
                0x00000000000033b8       0x2e ./zf_common/zf_common_interrupt.o
                0x00000000000033b8                interrupt_global_enable
 .text.interrupt_global_disable
                0x00000000000033e6       0x28 ./zf_common/zf_common_interrupt.o
                0x00000000000033e6                interrupt_global_disable
 .text.USART1_IRQHandler
                0x000000000000340e       0x84 ./user_c/isr.o
                0x000000000000340e                USART1_IRQHandler
 .text.USART2_IRQHandler
                0x0000000000003492       0xb2 ./user_c/isr.o
                0x0000000000003492                USART2_IRQHandler
 .text.USART3_IRQHandler
                0x0000000000003544       0x84 ./user_c/isr.o
                0x0000000000003544                USART3_IRQHandler
 .text.UART4_IRQHandler
                0x00000000000035c8       0x84 ./user_c/isr.o
                0x00000000000035c8                UART4_IRQHandler
 .text.UART5_IRQHandler
                0x000000000000364c       0x80 ./user_c/isr.o
                0x000000000000364c                UART5_IRQHandler
 .text.UART6_IRQHandler
                0x00000000000036cc       0x84 ./user_c/isr.o
                0x00000000000036cc                UART6_IRQHandler
 .text.UART7_IRQHandler
                0x0000000000003750       0x9c ./user_c/isr.o
                0x0000000000003750                UART7_IRQHandler
 .text.UART8_IRQHandler
                0x00000000000037ec       0x7c ./user_c/isr.o
                0x00000000000037ec                UART8_IRQHandler
 .text.DVP_IRQHandler
                0x0000000000003868       0x8e ./user_c/isr.o
                0x0000000000003868                DVP_IRQHandler
 .text.EXTI0_IRQHandler
                0x00000000000038f6       0x74 ./user_c/isr.o
                0x00000000000038f6                EXTI0_IRQHandler
 .text.EXTI1_IRQHandler
                0x000000000000396a       0x74 ./user_c/isr.o
                0x000000000000396a                EXTI1_IRQHandler
 .text.EXTI2_IRQHandler
                0x00000000000039de       0x74 ./user_c/isr.o
                0x00000000000039de                EXTI2_IRQHandler
 .text.EXTI3_IRQHandler
                0x0000000000003a52       0x74 ./user_c/isr.o
                0x0000000000003a52                EXTI3_IRQHandler
 .text.EXTI4_IRQHandler
                0x0000000000003ac6       0x74 ./user_c/isr.o
                0x0000000000003ac6                EXTI4_IRQHandler
 .text.EXTI9_5_IRQHandler
                0x0000000000003b3a       0xd8 ./user_c/isr.o
                0x0000000000003b3a                EXTI9_5_IRQHandler
 .text.EXTI15_10_IRQHandler
                0x0000000000003c12       0xd4 ./user_c/isr.o
                0x0000000000003c12                EXTI15_10_IRQHandler
 .text.TIM1_UP_IRQHandler
                0x0000000000003ce6       0x80 ./user_c/isr.o
                0x0000000000003ce6                TIM1_UP_IRQHandler
 .text.TIM2_IRQHandler
                0x0000000000003d66       0x80 ./user_c/isr.o
                0x0000000000003d66                TIM2_IRQHandler
 .text.TIM3_IRQHandler
                0x0000000000003de6       0x80 ./user_c/isr.o
                0x0000000000003de6                TIM3_IRQHandler
 .text.TIM4_IRQHandler
                0x0000000000003e66       0x80 ./user_c/isr.o
                0x0000000000003e66                TIM4_IRQHandler
 .text.TIM5_IRQHandler
                0x0000000000003ee6       0x80 ./user_c/isr.o
                0x0000000000003ee6                TIM5_IRQHandler
 .text.TIM6_IRQHandler
                0x0000000000003f66       0x78 ./user_c/isr.o
                0x0000000000003f66                TIM6_IRQHandler
 .text.TIM7_IRQHandler
                0x0000000000003fde       0x80 ./user_c/isr.o
                0x0000000000003fde                TIM7_IRQHandler
 .text.TIM8_UP_IRQHandler
                0x000000000000405e       0x80 ./user_c/isr.o
                0x000000000000405e                TIM8_UP_IRQHandler
 .text.TIM9_UP_IRQHandler
                0x00000000000040de       0x80 ./user_c/isr.o
                0x00000000000040de                TIM9_UP_IRQHandler
 .text.TIM10_UP_IRQHandler
                0x000000000000415e       0x78 ./user_c/isr.o
                0x000000000000415e                TIM10_UP_IRQHandler
 .text.NMI_Handler
                0x00000000000041d6       0x10 ./user_c/isr.o
                0x00000000000041d6                NMI_Handler
 .text.HardFault_Handler
                0x00000000000041e6        0x8 ./user_c/isr.o
                0x00000000000041e6                HardFault_Handler
 .text.main     0x00000000000041ee       0x38 ./user_c/main.o
                0x00000000000041ee                main
 .text.vector_handler
                0x0000000000004226       0xbe ./sdk/Startup/startup_ch32v30x.o
                0x000000000000422a                Ecall_M_Mode_Handler
                0x000000000000422c                Ecall_U_Mode_Handler
                0x000000000000422e                Break_Point_Handler
                0x0000000000004230                SysTick_Handler
                0x0000000000004232                SW_Handler
                0x0000000000004234                WWDG_IRQHandler
                0x0000000000004236                PVD_IRQHandler
                0x0000000000004238                TAMPER_IRQHandler
                0x000000000000423a                RTC_IRQHandler
                0x000000000000423c                FLASH_IRQHandler
                0x000000000000423e                RCC_IRQHandler
                0x000000000000424a                DMA1_Channel1_IRQHandler
                0x000000000000424c                DMA1_Channel2_IRQHandler
                0x000000000000424e                DMA1_Channel3_IRQHandler
                0x0000000000004250                DMA1_Channel4_IRQHandler
                0x0000000000004252                DMA1_Channel5_IRQHandler
                0x0000000000004254                DMA1_Channel6_IRQHandler
                0x0000000000004256                DMA1_Channel7_IRQHandler
                0x0000000000004258                ADC1_2_IRQHandler
                0x000000000000425a                USB_HP_CAN1_TX_IRQHandler
                0x000000000000425c                USB_LP_CAN1_RX0_IRQHandler
                0x000000000000425e                CAN1_RX1_IRQHandler
                0x0000000000004260                CAN1_SCE_IRQHandler
                0x0000000000004264                TIM1_BRK_IRQHandler
                0x0000000000004268                TIM1_TRG_COM_IRQHandler
                0x000000000000426a                TIM1_CC_IRQHandler
                0x0000000000004272                I2C1_EV_IRQHandler
                0x0000000000004274                I2C1_ER_IRQHandler
                0x0000000000004276                I2C2_EV_IRQHandler
                0x0000000000004278                I2C2_ER_IRQHandler
                0x000000000000427a                SPI1_IRQHandler
                0x000000000000427c                SPI2_IRQHandler
                0x0000000000004286                RTCAlarm_IRQHandler
                0x0000000000004288                USBWakeUp_IRQHandler
                0x000000000000428a                TIM8_BRK_IRQHandler
                0x000000000000428e                TIM8_TRG_COM_IRQHandler
                0x0000000000004290                TIM8_CC_IRQHandler
                0x0000000000004292                RNG_IRQHandler
                0x0000000000004294                FSMC_IRQHandler
                0x0000000000004296                SDIO_IRQHandler
                0x000000000000429a                SPI3_IRQHandler
                0x00000000000042a4                DMA2_Channel1_IRQHandler
                0x00000000000042a6                DMA2_Channel2_IRQHandler
                0x00000000000042a8                DMA2_Channel3_IRQHandler
                0x00000000000042aa                DMA2_Channel4_IRQHandler
                0x00000000000042ac                DMA2_Channel5_IRQHandler
                0x00000000000042ae                ETH_IRQHandler
                0x00000000000042b0                ETH_WKUP_IRQHandler
                0x00000000000042b2                CAN2_TX_IRQHandler
                0x00000000000042b4                CAN2_RX0_IRQHandler
                0x00000000000042b6                CAN2_RX1_IRQHandler
                0x00000000000042b8                CAN2_SCE_IRQHandler
                0x00000000000042bc                USBHSWakeup_IRQHandler
                0x00000000000042be                USBHS_IRQHandler
                0x00000000000042c8                TIM9_BRK_IRQHandler
                0x00000000000042cc                TIM9_TRG_COM_IRQHandler
                0x00000000000042ce                TIM9_CC_IRQHandler
                0x00000000000042d0                TIM10_BRK_IRQHandler
                0x00000000000042d4                TIM10_TRG_COM_IRQHandler
                0x00000000000042d6                TIM10_CC_IRQHandler
                0x00000000000042d8                DMA2_Channel6_IRQHandler
                0x00000000000042da                DMA2_Channel7_IRQHandler
                0x00000000000042dc                DMA2_Channel8_IRQHandler
                0x00000000000042de                DMA2_Channel9_IRQHandler
                0x00000000000042e0                DMA2_Channel10_IRQHandler
                0x00000000000042e2                DMA2_Channel11_IRQHandler
 .text.handle_reset
                0x00000000000042e4       0xa2 ./sdk/Startup/startup_ch32v30x.o
                0x00000000000042e4                handle_reset
 .text.EXTI_GetITStatus
                0x0000000000004386       0x56 ./sdk/Peripheral/ch32v30x_exti.o
                0x0000000000004386                EXTI_GetITStatus
 .text.EXTI_ClearITPendingBit
                0x00000000000043dc       0x20 ./sdk/Peripheral/ch32v30x_exti.o
                0x00000000000043dc                EXTI_ClearITPendingBit
 .text.GPIO_Init
                0x00000000000043fc      0x22a ./sdk/Peripheral/ch32v30x_gpio.o
                0x00000000000043fc                GPIO_Init
 .text.GPIO_WriteBit
                0x0000000000004626       0x38 ./sdk/Peripheral/ch32v30x_gpio.o
                0x0000000000004626                GPIO_WriteBit
 .text.GPIO_PinRemapConfig
                0x000000000000465e      0x13c ./sdk/Peripheral/ch32v30x_gpio.o
                0x000000000000465e                GPIO_PinRemapConfig
 .text.RCC_GetClocksFreq
                0x000000000000479a      0x2ca ./sdk/Peripheral/ch32v30x_rcc.o
                0x000000000000479a                RCC_GetClocksFreq
 .text.RCC_AHBPeriphClockCmd
                0x0000000000004a64       0x46 ./sdk/Peripheral/ch32v30x_rcc.o
                0x0000000000004a64                RCC_AHBPeriphClockCmd
 .text.RCC_APB2PeriphClockCmd
                0x0000000000004aaa       0x46 ./sdk/Peripheral/ch32v30x_rcc.o
                0x0000000000004aaa                RCC_APB2PeriphClockCmd
 .text.RCC_APB1PeriphClockCmd
                0x0000000000004af0       0x46 ./sdk/Peripheral/ch32v30x_rcc.o
                0x0000000000004af0                RCC_APB1PeriphClockCmd
 .text.RCC_APB2PeriphResetCmd
                0x0000000000004b36       0x46 ./sdk/Peripheral/ch32v30x_rcc.o
                0x0000000000004b36                RCC_APB2PeriphResetCmd
 .text.RCC_APB1PeriphResetCmd
                0x0000000000004b7c       0x46 ./sdk/Peripheral/ch32v30x_rcc.o
                0x0000000000004b7c                RCC_APB1PeriphResetCmd
 .text.SPI_I2S_DeInit
                0x0000000000004bc2       0x76 ./sdk/Peripheral/ch32v30x_spi.o
                0x0000000000004bc2                SPI_I2S_DeInit
 .text.SPI_Init
                0x0000000000004c38       0xf8 ./sdk/Peripheral/ch32v30x_spi.o
                0x0000000000004c38                SPI_Init
 .text.SPI_Cmd  0x0000000000004d30       0x5a ./sdk/Peripheral/ch32v30x_spi.o
                0x0000000000004d30                SPI_Cmd
 .text.TIM_GetITStatus
                0x0000000000004d8a       0x70 ./sdk/Peripheral/ch32v30x_tim.o
                0x0000000000004d8a                TIM_GetITStatus
 .text.TIM_ClearITPendingBit
                0x0000000000004dfa       0x2e ./sdk/Peripheral/ch32v30x_tim.o
                0x0000000000004dfa                TIM_ClearITPendingBit
 .text.USART_Init
                0x0000000000004e28      0x234 ./sdk/Peripheral/ch32v30x_usart.o
                0x0000000000004e28                USART_Init
 .text.USART_Cmd
                0x000000000000505c       0x60 ./sdk/Peripheral/ch32v30x_usart.o
                0x000000000000505c                USART_Cmd
 .text.USART_ITConfig
                0x00000000000050bc       0xc4 ./sdk/Peripheral/ch32v30x_usart.o
                0x00000000000050bc                USART_ITConfig
 .text.USART_SendData
                0x0000000000005180       0x2e ./sdk/Peripheral/ch32v30x_usart.o
                0x0000000000005180                USART_SendData
 .text.USART_GetFlagStatus
                0x00000000000051ae       0x46 ./sdk/Peripheral/ch32v30x_usart.o
                0x00000000000051ae                USART_GetFlagStatus
 .text.USART_GetITStatus
                0x00000000000051f4      0x102 ./sdk/Peripheral/ch32v30x_usart.o
                0x00000000000051f4                USART_GetITStatus
 .text.USART_ClearITPendingBit
                0x00000000000052f6       0x4e ./sdk/Peripheral/ch32v30x_usart.o
                0x00000000000052f6                USART_ClearITPendingBit
 .text.DevEP1_IN_Deal
                0x0000000000005344       0x3e ./sdk/Peripheral/ch32v30x_usbotg_device.o
                0x0000000000005344                DevEP1_IN_Deal
 .text.DevEP2_IN_Deal
                0x0000000000005382       0x3e ./sdk/Peripheral/ch32v30x_usbotg_device.o
                0x0000000000005382                DevEP2_IN_Deal
 .text.DevEP1_OUT_Deal
                0x00000000000053c0       0x66 ./sdk/Peripheral/ch32v30x_usbotg_device.o
                0x00000000000053c0                DevEP1_OUT_Deal
 .text.DevEP2_OUT_Deal
                0x0000000000005426       0x66 ./sdk/Peripheral/ch32v30x_usbotg_device.o
                0x0000000000005426                DevEP2_OUT_Deal
 .text.OTG_FS_IRQHandler
                0x000000000000548c      0xcc4 ./sdk/Peripheral/ch32v30x_usbotg_device.o
                0x000000000000548c                OTG_FS_IRQHandler
 .text.pow      0x0000000000006150      0x324 c:/mounriver/mounriver_studio/toolchain/risc-v embedded gcc/bin/../lib/gcc/riscv-none-embed/8.2.0/../../../../riscv-none-embed/lib/rv32imafc/ilp32f\libm.a(lib_a-w_pow.o)
                0x0000000000006150                pow
 .text.__ieee754_pow
                0x0000000000006474      0xad4 c:/mounriver/mounriver_studio/toolchain/risc-v embedded gcc/bin/../lib/gcc/riscv-none-embed/8.2.0/../../../../riscv-none-embed/lib/rv32imafc/ilp32f\libm.a(lib_a-e_pow.o)
                0x0000000000006474                __ieee754_pow
 .text.__ieee754_sqrt
                0x0000000000006f48      0x1d4 c:/mounriver/mounriver_studio/toolchain/risc-v embedded gcc/bin/../lib/gcc/riscv-none-embed/8.2.0/../../../../riscv-none-embed/lib/rv32imafc/ilp32f\libm.a(lib_a-e_sqrt.o)
                0x0000000000006f48                __ieee754_sqrt
 .text.fabs     0x000000000000711c        0x6 c:/mounriver/mounriver_studio/toolchain/risc-v embedded gcc/bin/../lib/gcc/riscv-none-embed/8.2.0/../../../../riscv-none-embed/lib/rv32imafc/ilp32f\libm.a(lib_a-s_fabs.o)
                0x000000000000711c                fabs
 .text.finite   0x0000000000007122        0xe c:/mounriver/mounriver_studio/toolchain/risc-v embedded gcc/bin/../lib/gcc/riscv-none-embed/8.2.0/../../../../riscv-none-embed/lib/rv32imafc/ilp32f\libm.a(lib_a-s_finite.o)
                0x0000000000007122                finite
 .text.matherr  0x0000000000007130        0x4 c:/mounriver/mounriver_studio/toolchain/risc-v embedded gcc/bin/../lib/gcc/riscv-none-embed/8.2.0/../../../../riscv-none-embed/lib/rv32imafc/ilp32f\libm.a(lib_a-s_matherr.o)
                0x0000000000007130                matherr
 .text.nan      0x0000000000007134        0xe c:/mounriver/mounriver_studio/toolchain/risc-v embedded gcc/bin/../lib/gcc/riscv-none-embed/8.2.0/../../../../riscv-none-embed/lib/rv32imafc/ilp32f\libm.a(lib_a-s_nan.o)
                0x0000000000007134                nan
 .text.rint     0x0000000000007142      0x186 c:/mounriver/mounriver_studio/toolchain/risc-v embedded gcc/bin/../lib/gcc/riscv-none-embed/8.2.0/../../../../riscv-none-embed/lib/rv32imafc/ilp32f\libm.a(lib_a-s_rint.o)
                0x0000000000007142                rint
 .text.scalbn   0x00000000000072c8      0x13e c:/mounriver/mounriver_studio/toolchain/risc-v embedded gcc/bin/../lib/gcc/riscv-none-embed/8.2.0/../../../../riscv-none-embed/lib/rv32imafc/ilp32f\libm.a(lib_a-s_scalbn.o)
                0x00000000000072c8                scalbn
 .text.copysign
                0x0000000000007406       0x16 c:/mounriver/mounriver_studio/toolchain/risc-v embedded gcc/bin/../lib/gcc/riscv-none-embed/8.2.0/../../../../riscv-none-embed/lib/rv32imafc/ilp32f\libm.a(lib_a-s_copysign.o)
                0x0000000000007406                copysign
 .text.__adddf3
                0x000000000000741c      0xa0e c:/mounriver/mounriver_studio/toolchain/risc-v embedded gcc/bin/../lib/gcc/riscv-none-embed/8.2.0/rv32imafc/ilp32f\libgcc.a(adddf3.o)
                0x000000000000741c                __adddf3
 .text.__divdf3
                0x0000000000007e2a      0x7ea c:/mounriver/mounriver_studio/toolchain/risc-v embedded gcc/bin/../lib/gcc/riscv-none-embed/8.2.0/rv32imafc/ilp32f\libgcc.a(divdf3.o)
                0x0000000000007e2a                __divdf3
 .text.__eqdf2  0x0000000000008614       0x98 c:/mounriver/mounriver_studio/toolchain/risc-v embedded gcc/bin/../lib/gcc/riscv-none-embed/8.2.0/rv32imafc/ilp32f\libgcc.a(eqdf2.o)
                0x0000000000008614                __nedf2
                0x0000000000008614                __eqdf2
 .text.__gedf2  0x00000000000086ac       0xb6 c:/mounriver/mounriver_studio/toolchain/risc-v embedded gcc/bin/../lib/gcc/riscv-none-embed/8.2.0/rv32imafc/ilp32f\libgcc.a(gedf2.o)
                0x00000000000086ac                __gedf2
                0x00000000000086ac                __gtdf2
 .text.__ledf2  0x0000000000008762       0xb6 c:/mounriver/mounriver_studio/toolchain/risc-v embedded gcc/bin/../lib/gcc/riscv-none-embed/8.2.0/rv32imafc/ilp32f\libgcc.a(ledf2.o)
                0x0000000000008762                __ledf2
                0x0000000000008762                __ltdf2
 .text.__muldf3
                0x0000000000008818      0x656 c:/mounriver/mounriver_studio/toolchain/risc-v embedded gcc/bin/../lib/gcc/riscv-none-embed/8.2.0/rv32imafc/ilp32f\libgcc.a(muldf3.o)
                0x0000000000008818                __muldf3
 .text.__subdf3
                0x0000000000008e6e      0xa8c c:/mounriver/mounriver_studio/toolchain/risc-v embedded gcc/bin/../lib/gcc/riscv-none-embed/8.2.0/rv32imafc/ilp32f\libgcc.a(subdf3.o)
                0x0000000000008e6e                __subdf3
 .text.__unorddf2
                0x00000000000098fa       0x7c c:/mounriver/mounriver_studio/toolchain/risc-v embedded gcc/bin/../lib/gcc/riscv-none-embed/8.2.0/rv32imafc/ilp32f\libgcc.a(unorddf2.o)
                0x00000000000098fa                __unorddf2
 .text.__fixdfsi
                0x0000000000009976       0xd8 c:/mounriver/mounriver_studio/toolchain/risc-v embedded gcc/bin/../lib/gcc/riscv-none-embed/8.2.0/rv32imafc/ilp32f\libgcc.a(fixdfsi.o)
                0x0000000000009976                __fixdfsi
 .text.__floatsidf
                0x0000000000009a4e       0x70 c:/mounriver/mounriver_studio/toolchain/risc-v embedded gcc/bin/../lib/gcc/riscv-none-embed/8.2.0/rv32imafc/ilp32f\libgcc.a(floatsidf.o)
                0x0000000000009a4e                __floatsidf
 .text.__extendsfdf2
                0x0000000000009abe       0xe8 c:/mounriver/mounriver_studio/toolchain/risc-v embedded gcc/bin/../lib/gcc/riscv-none-embed/8.2.0/rv32imafc/ilp32f\libgcc.a(extendsfdf2.o)
                0x0000000000009abe                __extendsfdf2
 .text.__truncdfsf2
                0x0000000000009ba6      0x31e c:/mounriver/mounriver_studio/toolchain/risc-v embedded gcc/bin/../lib/gcc/riscv-none-embed/8.2.0/rv32imafc/ilp32f\libgcc.a(truncdfsf2.o)
                0x0000000000009ba6                __truncdfsf2
 .text.__clzsi2
                0x0000000000009ec4       0x76 c:/mounriver/mounriver_studio/toolchain/risc-v embedded gcc/bin/../lib/gcc/riscv-none-embed/8.2.0/rv32imafc/ilp32f\libgcc.a(_clzsi2.o)
                0x0000000000009ec4                __clzsi2
 .text.__errno  0x0000000000009f3a        0x8 c:/mounriver/mounriver_studio/toolchain/risc-v embedded gcc/bin/../lib/gcc/riscv-none-embed/8.2.0/../../../../riscv-none-embed/lib/rv32imafc/ilp32f\libg_nano.a(lib_a-errno.o)
                0x0000000000009f3a                __errno
 .text.memcpy   0x0000000000009f42       0xb6 c:/mounriver/mounriver_studio/toolchain/risc-v embedded gcc/bin/../lib/gcc/riscv-none-embed/8.2.0/../../../../riscv-none-embed/lib/rv32imafc/ilp32f\libg_nano.a(lib_a-memcpy.o)
                0x0000000000009f42                memcpy
 .text.__cvt    0x0000000000009ff8       0xee c:/mounriver/mounriver_studio/toolchain/risc-v embedded gcc/bin/../lib/gcc/riscv-none-embed/8.2.0/../../../../riscv-none-embed/lib/rv32imafc/ilp32f\libg_nano.a(lib_a-nano-vfprintf_float.o)
                0x0000000000009ff8                __cvt
 .text.__exponent
                0x000000000000a0e6       0x8c c:/mounriver/mounriver_studio/toolchain/risc-v embedded gcc/bin/../lib/gcc/riscv-none-embed/8.2.0/../../../../riscv-none-embed/lib/rv32imafc/ilp32f\libg_nano.a(lib_a-nano-vfprintf_float.o)
                0x000000000000a0e6                __exponent
 .text._printf_float
                0x000000000000a172      0x4c4 c:/mounriver/mounriver_studio/toolchain/risc-v embedded gcc/bin/../lib/gcc/riscv-none-embed/8.2.0/../../../../riscv-none-embed/lib/rv32imafc/ilp32f\libg_nano.a(lib_a-nano-vfprintf_float.o)
                0x000000000000a172                _printf_float
 .text._printf_common
                0x000000000000a636      0x10c c:/mounriver/mounriver_studio/toolchain/risc-v embedded gcc/bin/../lib/gcc/riscv-none-embed/8.2.0/../../../../riscv-none-embed/lib/rv32imafc/ilp32f\libg_nano.a(lib_a-nano-vfprintf_i.o)
                0x000000000000a636                _printf_common
 .text._printf_i
                0x000000000000a742      0x2ac c:/mounriver/mounriver_studio/toolchain/risc-v embedded gcc/bin/../lib/gcc/riscv-none-embed/8.2.0/../../../../riscv-none-embed/lib/rv32imafc/ilp32f\libg_nano.a(lib_a-nano-vfprintf_i.o)
                0x000000000000a742                _printf_i
 .text.printf   0x000000000000a9ee       0x42 c:/mounriver/mounriver_studio/toolchain/risc-v embedded gcc/bin/../lib/gcc/riscv-none-embed/8.2.0/../../../../riscv-none-embed/lib/rv32imafc/ilp32f\libg_nano.a(lib_a-printf.o)
                0x000000000000a9ee                iprintf
                0x000000000000a9ee                printf
 .text.sprintf  0x000000000000aa30       0x46 c:/mounriver/mounriver_studio/toolchain/risc-v embedded gcc/bin/../lib/gcc/riscv-none-embed/8.2.0/../../../../riscv-none-embed/lib/rv32imafc/ilp32f\libg_nano.a(lib_a-sprintf.o)
                0x000000000000aa30                siprintf
                0x000000000000aa30                sprintf
 .text.strlen   0x000000000000aa76       0x12 c:/mounriver/mounriver_studio/toolchain/risc-v embedded gcc/bin/../lib/gcc/riscv-none-embed/8.2.0/../../../../riscv-none-embed/lib/rv32imafc/ilp32f\libg_nano.a(lib_a-strlen.o)
                0x000000000000aa76                strlen
 .text.__swbuf_r
                0x000000000000aa88       0xc6 c:/mounriver/mounriver_studio/toolchain/risc-v embedded gcc/bin/../lib/gcc/riscv-none-embed/8.2.0/../../../../riscv-none-embed/lib/rv32imafc/ilp32f\libg_nano.a(lib_a-wbuf.o)
                0x000000000000aa88                __swbuf_r
 .text.__swsetup_r
                0x000000000000ab4e      0x112 c:/mounriver/mounriver_studio/toolchain/risc-v embedded gcc/bin/../lib/gcc/riscv-none-embed/8.2.0/../../../../riscv-none-embed/lib/rv32imafc/ilp32f\libg_nano.a(lib_a-wsetup.o)
                0x000000000000ab4e                __swsetup_r
 .text.quorem   0x000000000000ac60      0x13a c:/mounriver/mounriver_studio/toolchain/risc-v embedded gcc/bin/../lib/gcc/riscv-none-embed/8.2.0/../../../../riscv-none-embed/lib/rv32imafc/ilp32f\libg_nano.a(lib_a-dtoa.o)
 .text._dtoa_r  0x000000000000ad9a      0xc02 c:/mounriver/mounriver_studio/toolchain/risc-v embedded gcc/bin/../lib/gcc/riscv-none-embed/8.2.0/../../../../riscv-none-embed/lib/rv32imafc/ilp32f\libg_nano.a(lib_a-dtoa.o)
                0x000000000000ad9a                _dtoa_r
 .text.__sflush_r
                0x000000000000b99c      0x13e c:/mounriver/mounriver_studio/toolchain/risc-v embedded gcc/bin/../lib/gcc/riscv-none-embed/8.2.0/../../../../riscv-none-embed/lib/rv32imafc/ilp32f\libg_nano.a(lib_a-fflush.o)
                0x000000000000b99c                __sflush_r
 .text._fflush_r
                0x000000000000bada       0x66 c:/mounriver/mounriver_studio/toolchain/risc-v embedded gcc/bin/../lib/gcc/riscv-none-embed/8.2.0/../../../../riscv-none-embed/lib/rv32imafc/ilp32f\libg_nano.a(lib_a-fflush.o)
                0x000000000000bada                _fflush_r
 .text.std      0x000000000000bb40       0x6a c:/mounriver/mounriver_studio/toolchain/risc-v embedded gcc/bin/../lib/gcc/riscv-none-embed/8.2.0/../../../../riscv-none-embed/lib/rv32imafc/ilp32f\libg_nano.a(lib_a-findfp.o)
 .text._cleanup_r
                0x000000000000bbaa        0xa c:/mounriver/mounriver_studio/toolchain/risc-v embedded gcc/bin/../lib/gcc/riscv-none-embed/8.2.0/../../../../riscv-none-embed/lib/rv32imafc/ilp32f\libg_nano.a(lib_a-findfp.o)
                0x000000000000bbaa                _cleanup_r
 .text.__sfmoreglue
                0x000000000000bbb4       0x48 c:/mounriver/mounriver_studio/toolchain/risc-v embedded gcc/bin/../lib/gcc/riscv-none-embed/8.2.0/../../../../riscv-none-embed/lib/rv32imafc/ilp32f\libg_nano.a(lib_a-findfp.o)
                0x000000000000bbb4                __sfmoreglue
 .text.__sinit  0x000000000000bbfc       0x6c c:/mounriver/mounriver_studio/toolchain/risc-v embedded gcc/bin/../lib/gcc/riscv-none-embed/8.2.0/../../../../riscv-none-embed/lib/rv32imafc/ilp32f\libg_nano.a(lib_a-findfp.o)
                0x000000000000bbfc                __sinit
 .text.__sfp    0x000000000000bc68       0xa0 c:/mounriver/mounriver_studio/toolchain/risc-v embedded gcc/bin/../lib/gcc/riscv-none-embed/8.2.0/../../../../riscv-none-embed/lib/rv32imafc/ilp32f\libg_nano.a(lib_a-findfp.o)
                0x000000000000bc68                __sfp
 .text._fwalk_reent
                0x000000000000bd08       0x6c c:/mounriver/mounriver_studio/toolchain/risc-v embedded gcc/bin/../lib/gcc/riscv-none-embed/8.2.0/../../../../riscv-none-embed/lib/rv32imafc/ilp32f\libg_nano.a(lib_a-fwalk.o)
                0x000000000000bd08                _fwalk_reent
 .text._localeconv_r
                0x000000000000bd74       0x18 c:/mounriver/mounriver_studio/toolchain/risc-v embedded gcc/bin/../lib/gcc/riscv-none-embed/8.2.0/../../../../riscv-none-embed/lib/rv32imafc/ilp32f\libg_nano.a(lib_a-localeconv.o)
                0x000000000000bd74                _localeconv_r
 .text.__swhatbuf_r
                0x000000000000bd8c       0x5a c:/mounriver/mounriver_studio/toolchain/risc-v embedded gcc/bin/../lib/gcc/riscv-none-embed/8.2.0/../../../../riscv-none-embed/lib/rv32imafc/ilp32f\libg_nano.a(lib_a-makebuf.o)
                0x000000000000bd8c                __swhatbuf_r
 .text.__smakebuf_r
                0x000000000000bde6       0xa2 c:/mounriver/mounriver_studio/toolchain/risc-v embedded gcc/bin/../lib/gcc/riscv-none-embed/8.2.0/../../../../riscv-none-embed/lib/rv32imafc/ilp32f\libg_nano.a(lib_a-makebuf.o)
                0x000000000000bde6                __smakebuf_r
 .text.malloc   0x000000000000be88        0xc c:/mounriver/mounriver_studio/toolchain/risc-v embedded gcc/bin/../lib/gcc/riscv-none-embed/8.2.0/../../../../riscv-none-embed/lib/rv32imafc/ilp32f\libg_nano.a(lib_a-malloc.o)
                0x000000000000be88                malloc
 .text.memchr   0x000000000000be94       0x1a c:/mounriver/mounriver_studio/toolchain/risc-v embedded gcc/bin/../lib/gcc/riscv-none-embed/8.2.0/../../../../riscv-none-embed/lib/rv32imafc/ilp32f\libg_nano.a(lib_a-memchr.o)
                0x000000000000be94                memchr
 .text._Balloc  0x000000000000beae       0x88 c:/mounriver/mounriver_studio/toolchain/risc-v embedded gcc/bin/../lib/gcc/riscv-none-embed/8.2.0/../../../../riscv-none-embed/lib/rv32imafc/ilp32f\libg_nano.a(lib_a-mprec.o)
                0x000000000000beae                _Balloc
 .text._Bfree   0x000000000000bf36       0x44 c:/mounriver/mounriver_studio/toolchain/risc-v embedded gcc/bin/../lib/gcc/riscv-none-embed/8.2.0/../../../../riscv-none-embed/lib/rv32imafc/ilp32f\libg_nano.a(lib_a-mprec.o)
                0x000000000000bf36                _Bfree
 .text.__multadd
                0x000000000000bf7a       0x98 c:/mounriver/mounriver_studio/toolchain/risc-v embedded gcc/bin/../lib/gcc/riscv-none-embed/8.2.0/../../../../riscv-none-embed/lib/rv32imafc/ilp32f\libg_nano.a(lib_a-mprec.o)
                0x000000000000bf7a                __multadd
 .text.__hi0bits
                0x000000000000c012       0x46 c:/mounriver/mounriver_studio/toolchain/risc-v embedded gcc/bin/../lib/gcc/riscv-none-embed/8.2.0/../../../../riscv-none-embed/lib/rv32imafc/ilp32f\libg_nano.a(lib_a-mprec.o)
                0x000000000000c012                __hi0bits
 .text.__lo0bits
                0x000000000000c058       0x6a c:/mounriver/mounriver_studio/toolchain/risc-v embedded gcc/bin/../lib/gcc/riscv-none-embed/8.2.0/../../../../riscv-none-embed/lib/rv32imafc/ilp32f\libg_nano.a(lib_a-mprec.o)
                0x000000000000c058                __lo0bits
 .text.__i2b    0x000000000000c0c2       0x1c c:/mounriver/mounriver_studio/toolchain/risc-v embedded gcc/bin/../lib/gcc/riscv-none-embed/8.2.0/../../../../riscv-none-embed/lib/rv32imafc/ilp32f\libg_nano.a(lib_a-mprec.o)
                0x000000000000c0c2                __i2b
 .text.__multiply
                0x000000000000c0de      0x144 c:/mounriver/mounriver_studio/toolchain/risc-v embedded gcc/bin/../lib/gcc/riscv-none-embed/8.2.0/../../../../riscv-none-embed/lib/rv32imafc/ilp32f\libg_nano.a(lib_a-mprec.o)
                0x000000000000c0de                __multiply
 .text.__pow5mult
                0x000000000000c222       0xbe c:/mounriver/mounriver_studio/toolchain/risc-v embedded gcc/bin/../lib/gcc/riscv-none-embed/8.2.0/../../../../riscv-none-embed/lib/rv32imafc/ilp32f\libg_nano.a(lib_a-mprec.o)
                0x000000000000c222                __pow5mult
 .text.__lshift
                0x000000000000c2e0       0xce c:/mounriver/mounriver_studio/toolchain/risc-v embedded gcc/bin/../lib/gcc/riscv-none-embed/8.2.0/../../../../riscv-none-embed/lib/rv32imafc/ilp32f\libg_nano.a(lib_a-mprec.o)
                0x000000000000c2e0                __lshift
 .text.__mcmp   0x000000000000c3ae       0x32 c:/mounriver/mounriver_studio/toolchain/risc-v embedded gcc/bin/../lib/gcc/riscv-none-embed/8.2.0/../../../../riscv-none-embed/lib/rv32imafc/ilp32f\libg_nano.a(lib_a-mprec.o)
                0x000000000000c3ae                __mcmp
 .text.__mdiff  0x000000000000c3e0       0xf2 c:/mounriver/mounriver_studio/toolchain/risc-v embedded gcc/bin/../lib/gcc/riscv-none-embed/8.2.0/../../../../riscv-none-embed/lib/rv32imafc/ilp32f\libg_nano.a(lib_a-mprec.o)
                0x000000000000c3e0                __mdiff
 .text.__d2b    0x000000000000c4d2       0xd4 c:/mounriver/mounriver_studio/toolchain/risc-v embedded gcc/bin/../lib/gcc/riscv-none-embed/8.2.0/../../../../riscv-none-embed/lib/rv32imafc/ilp32f\libg_nano.a(lib_a-mprec.o)
                0x000000000000c4d2                __d2b
 .text._calloc_r
                0x000000000000c5a6       0x26 c:/mounriver/mounriver_studio/toolchain/risc-v embedded gcc/bin/../lib/gcc/riscv-none-embed/8.2.0/../../../../riscv-none-embed/lib/rv32imafc/ilp32f\libg_nano.a(lib_a-nano-callocr.o)
                0x000000000000c5a6                _calloc_r
 .text._free_r  0x000000000000c5cc       0xa8 c:/mounriver/mounriver_studio/toolchain/risc-v embedded gcc/bin/../lib/gcc/riscv-none-embed/8.2.0/../../../../riscv-none-embed/lib/rv32imafc/ilp32f\libg_nano.a(lib_a-nano-freer.o)
                0x000000000000c5cc                _free_r
 .text._malloc_r
                0x000000000000c674       0xd4 c:/mounriver/mounriver_studio/toolchain/risc-v embedded gcc/bin/../lib/gcc/riscv-none-embed/8.2.0/../../../../riscv-none-embed/lib/rv32imafc/ilp32f\libg_nano.a(lib_a-nano-mallocr.o)
                0x000000000000c674                _malloc_r
 .text.__ssputs_r
                0x000000000000c748       0xee c:/mounriver/mounriver_studio/toolchain/risc-v embedded gcc/bin/../lib/gcc/riscv-none-embed/8.2.0/../../../../riscv-none-embed/lib/rv32imafc/ilp32f\libg_nano.a(lib_a-nano-svfprintf.o)
                0x000000000000c748                __ssputs_r
 .text._svfprintf_r
                0x000000000000c836      0x27e c:/mounriver/mounriver_studio/toolchain/risc-v embedded gcc/bin/../lib/gcc/riscv-none-embed/8.2.0/../../../../riscv-none-embed/lib/rv32imafc/ilp32f\libg_nano.a(lib_a-nano-svfprintf.o)
                0x000000000000c836                _svfiprintf_r
                0x000000000000c836                _svfprintf_r
 .text.__sfputc_r
                0x000000000000cab4       0x2a c:/mounriver/mounriver_studio/toolchain/risc-v embedded gcc/bin/../lib/gcc/riscv-none-embed/8.2.0/../../../../riscv-none-embed/lib/rv32imafc/ilp32f\libg_nano.a(lib_a-nano-vfprintf.o)
 .text.__sfputs_r
                0x000000000000cade       0x44 c:/mounriver/mounriver_studio/toolchain/risc-v embedded gcc/bin/../lib/gcc/riscv-none-embed/8.2.0/../../../../riscv-none-embed/lib/rv32imafc/ilp32f\libg_nano.a(lib_a-nano-vfprintf.o)
                0x000000000000cade                __sfputs_r
 .text._vfprintf_r
                0x000000000000cb22      0x2a0 c:/mounriver/mounriver_studio/toolchain/risc-v embedded gcc/bin/../lib/gcc/riscv-none-embed/8.2.0/../../../../riscv-none-embed/lib/rv32imafc/ilp32f\libg_nano.a(lib_a-nano-vfprintf.o)
                0x000000000000cb22                _vfprintf_r
                0x000000000000cb22                _vfiprintf_r
 .text._sbrk_r  0x000000000000cdc2       0x32 c:/mounriver/mounriver_studio/toolchain/risc-v embedded gcc/bin/../lib/gcc/riscv-none-embed/8.2.0/../../../../riscv-none-embed/lib/rv32imafc/ilp32f\libg_nano.a(lib_a-sbrkr.o)
                0x000000000000cdc2                _sbrk_r
 .text.__sread  0x000000000000cdf4       0x30 c:/mounriver/mounriver_studio/toolchain/risc-v embedded gcc/bin/../lib/gcc/riscv-none-embed/8.2.0/../../../../riscv-none-embed/lib/rv32imafc/ilp32f\libg_nano.a(lib_a-stdio.o)
                0x000000000000cdf4                __sread
 .text.__swrite
                0x000000000000ce24       0x4e c:/mounriver/mounriver_studio/toolchain/risc-v embedded gcc/bin/../lib/gcc/riscv-none-embed/8.2.0/../../../../riscv-none-embed/lib/rv32imafc/ilp32f\libg_nano.a(lib_a-stdio.o)
                0x000000000000ce24                __swrite
 .text.__sseek  0x000000000000ce72       0x36 c:/mounriver/mounriver_studio/toolchain/risc-v embedded gcc/bin/../lib/gcc/riscv-none-embed/8.2.0/../../../../riscv-none-embed/lib/rv32imafc/ilp32f\libg_nano.a(lib_a-stdio.o)
                0x000000000000ce72                __sseek
 .text.__sclose
                0x000000000000cea8        0x6 c:/mounriver/mounriver_studio/toolchain/risc-v embedded gcc/bin/../lib/gcc/riscv-none-embed/8.2.0/../../../../riscv-none-embed/lib/rv32imafc/ilp32f\libg_nano.a(lib_a-stdio.o)
                0x000000000000cea8                __sclose
 .text._write_r
                0x000000000000ceae       0x36 c:/mounriver/mounriver_studio/toolchain/risc-v embedded gcc/bin/../lib/gcc/riscv-none-embed/8.2.0/../../../../riscv-none-embed/lib/rv32imafc/ilp32f\libg_nano.a(lib_a-writer.o)
                0x000000000000ceae                _write_r
 .text._close_r
                0x000000000000cee4       0x30 c:/mounriver/mounriver_studio/toolchain/risc-v embedded gcc/bin/../lib/gcc/riscv-none-embed/8.2.0/../../../../riscv-none-embed/lib/rv32imafc/ilp32f\libg_nano.a(lib_a-closer.o)
                0x000000000000cee4                _close_r
 .text._fstat_r
                0x000000000000cf14       0x32 c:/mounriver/mounriver_studio/toolchain/risc-v embedded gcc/bin/../lib/gcc/riscv-none-embed/8.2.0/../../../../riscv-none-embed/lib/rv32imafc/ilp32f\libg_nano.a(lib_a-fstatr.o)
                0x000000000000cf14                _fstat_r
 .text._isatty_r
                0x000000000000cf46       0x30 c:/mounriver/mounriver_studio/toolchain/risc-v embedded gcc/bin/../lib/gcc/riscv-none-embed/8.2.0/../../../../riscv-none-embed/lib/rv32imafc/ilp32f\libg_nano.a(lib_a-isattyr.o)
                0x000000000000cf46                _isatty_r
 .text._lseek_r
                0x000000000000cf76       0x34 c:/mounriver/mounriver_studio/toolchain/risc-v embedded gcc/bin/../lib/gcc/riscv-none-embed/8.2.0/../../../../riscv-none-embed/lib/rv32imafc/ilp32f\libg_nano.a(lib_a-lseekr.o)
                0x000000000000cf76                _lseek_r
 .text.__ascii_mbtowc
                0x000000000000cfaa       0x3a c:/mounriver/mounriver_studio/toolchain/risc-v embedded gcc/bin/../lib/gcc/riscv-none-embed/8.2.0/../../../../riscv-none-embed/lib/rv32imafc/ilp32f\libg_nano.a(lib_a-mbtowc_r.o)
                0x000000000000cfaa                __ascii_mbtowc
 .text.memmove  0x000000000000cfe4       0x4a c:/mounriver/mounriver_studio/toolchain/risc-v embedded gcc/bin/../lib/gcc/riscv-none-embed/8.2.0/../../../../riscv-none-embed/lib/rv32imafc/ilp32f\libg_nano.a(lib_a-memmove.o)
                0x000000000000cfe4                memmove
 .text.__malloc_lock
                0x000000000000d02e        0x2 c:/mounriver/mounriver_studio/toolchain/risc-v embedded gcc/bin/../lib/gcc/riscv-none-embed/8.2.0/../../../../riscv-none-embed/lib/rv32imafc/ilp32f\libg_nano.a(lib_a-mlock.o)
                0x000000000000d02e                __malloc_lock
 .text.__malloc_unlock
                0x000000000000d030        0x2 c:/mounriver/mounriver_studio/toolchain/risc-v embedded gcc/bin/../lib/gcc/riscv-none-embed/8.2.0/../../../../riscv-none-embed/lib/rv32imafc/ilp32f\libg_nano.a(lib_a-mlock.o)
                0x000000000000d030                __malloc_unlock
 .text._realloc_r
                0x000000000000d032       0x58 c:/mounriver/mounriver_studio/toolchain/risc-v embedded gcc/bin/../lib/gcc/riscv-none-embed/8.2.0/../../../../riscv-none-embed/lib/rv32imafc/ilp32f\libg_nano.a(lib_a-nano-reallocr.o)
                0x000000000000d032                _realloc_r
 .text._read_r  0x000000000000d08a       0x34 c:/mounriver/mounriver_studio/toolchain/risc-v embedded gcc/bin/../lib/gcc/riscv-none-embed/8.2.0/../../../../riscv-none-embed/lib/rv32imafc/ilp32f\libg_nano.a(lib_a-readr.o)
                0x000000000000d08a                _read_r
 .text.__ascii_wctomb
                0x000000000000d0be       0x20 c:/mounriver/mounriver_studio/toolchain/risc-v embedded gcc/bin/../lib/gcc/riscv-none-embed/8.2.0/../../../../riscv-none-embed/lib/rv32imafc/ilp32f\libg_nano.a(lib_a-wctomb_r.o)
                0x000000000000d0be                __ascii_wctomb
 .text._malloc_usable_size_r
                0x000000000000d0de       0x14 c:/mounriver/mounriver_studio/toolchain/risc-v embedded gcc/bin/../lib/gcc/riscv-none-embed/8.2.0/../../../../riscv-none-embed/lib/rv32imafc/ilp32f\libg_nano.a(lib_a-nano-msizer.o)
                0x000000000000d0de                _malloc_usable_size_r
 .text.__floatunsidf
                0x000000000000d0f2       0x68 c:/mounriver/mounriver_studio/toolchain/risc-v embedded gcc/bin/../lib/gcc/riscv-none-embed/8.2.0/rv32imafc/ilp32f\libgcc.a(floatunsidf.o)
                0x000000000000d0f2                __floatunsidf
 .text.__trunctfdf2
                0x000000000000d15a      0x3d0 c:/mounriver/mounriver_studio/toolchain/risc-v embedded gcc/bin/../lib/gcc/riscv-none-embed/8.2.0/rv32imafc/ilp32f\libgcc.a(trunctfdf2.o)
                0x000000000000d15a                __trunctfdf2
 .text._close   0x000000000000d52a       0x10 c:/mounriver/mounriver_studio/toolchain/risc-v embedded gcc/bin/../lib/gcc/riscv-none-embed/8.2.0/../../../../riscv-none-embed/lib/rv32imafc/ilp32f\libnosys.a(close.o)
                0x000000000000d52a                _close
 .text._fstat   0x000000000000d53a       0x10 c:/mounriver/mounriver_studio/toolchain/risc-v embedded gcc/bin/../lib/gcc/riscv-none-embed/8.2.0/../../../../riscv-none-embed/lib/rv32imafc/ilp32f\libnosys.a(fstat.o)
                0x000000000000d53a                _fstat
 .text._isatty  0x000000000000d54a       0x10 c:/mounriver/mounriver_studio/toolchain/risc-v embedded gcc/bin/../lib/gcc/riscv-none-embed/8.2.0/../../../../riscv-none-embed/lib/rv32imafc/ilp32f\libnosys.a(isatty.o)
                0x000000000000d54a                _isatty
 .text._lseek   0x000000000000d55a       0x10 c:/mounriver/mounriver_studio/toolchain/risc-v embedded gcc/bin/../lib/gcc/riscv-none-embed/8.2.0/../../../../riscv-none-embed/lib/rv32imafc/ilp32f\libnosys.a(lseek.o)
                0x000000000000d55a                _lseek
 .text._read    0x000000000000d56a       0x10 c:/mounriver/mounriver_studio/toolchain/risc-v embedded gcc/bin/../lib/gcc/riscv-none-embed/8.2.0/../../../../riscv-none-embed/lib/rv32imafc/ilp32f\libnosys.a(read.o)
                0x000000000000d56a                _read
 .text._sbrk    0x000000000000d57a       0x24 c:/mounriver/mounriver_studio/toolchain/risc-v embedded gcc/bin/../lib/gcc/riscv-none-embed/8.2.0/../../../../riscv-none-embed/lib/rv32imafc/ilp32f\libnosys.a(sbrk.o)
                0x000000000000d57a                _sbrk
 *(.rodata)
 *fill*         0x000000000000d59e        0x2 
 .rodata        0x000000000000d5a0       0x43 ./zf_driver/zf_driver_spi.o
 *fill*         0x000000000000d5e3        0x5 
 .rodata        0x000000000000d5e8       0x58 ./zf_device/zf_device_mt9v03x_dvp.o
 .rodata        0x000000000000d640       0x4c ./zf_device/zf_device_oled.o
 .rodata        0x000000000000d68c       0x7d ./zf_common/zf_common_debug.o
 *fill*         0x000000000000d709        0x3 
 .rodata        0x000000000000d70c       0x41 ./sdk/Peripheral/ch32v30x_usbotg_device.o
 *(.rodata*)
 *fill*         0x000000000000d74d        0x3 
 .rodata.gpio_group
                0x000000000000d750       0x14 ./zf_driver/zf_driver_gpio.o
                0x000000000000d750                gpio_group
 .rodata.spi_index
                0x000000000000d764        0xc ./zf_driver/zf_driver_spi.o
                0x000000000000d764                spi_index
 .rodata.uart_index
                0x000000000000d770       0x20 ./zf_driver/zf_driver_uart.o
                0x000000000000d770                uart_index
 .rodata.oled_6x8
                0x000000000000d790      0x228 ./zf_common/zf_common_font.o
                0x000000000000d790                oled_6x8
 .rodata.oled_8x16
                0x000000000000d9b8      0x5f0 ./zf_common/zf_common_font.o
                0x000000000000d9b8                oled_8x16
 .rodata.MyDevDescrHD
                0x000000000000dfa8       0x12 ./sdk/Peripheral/ch32v30x_usbotg_device.o
                0x000000000000dfa8                MyDevDescrHD
 *fill*         0x000000000000dfba        0x2 
 .rodata.MyCfgDescrHD
                0x000000000000dfbc       0x43 ./sdk/Peripheral/ch32v30x_usbotg_device.o
                0x000000000000dfbc                MyCfgDescrHD
 *fill*         0x000000000000dfff        0x1 
 .rodata.MyReportDescHD
                0x000000000000e000       0x14 ./sdk/Peripheral/ch32v30x_usbotg_device.o
                0x000000000000e000                MyReportDescHD
 .rodata.MyManuInfoHD
                0x000000000000e014        0xe ./sdk/Peripheral/ch32v30x_usbotg_device.o
                0x000000000000e014                MyManuInfoHD
 *fill*         0x000000000000e022        0x2 
 .rodata.MyProdInfoHD
                0x000000000000e024        0xc ./sdk/Peripheral/ch32v30x_usbotg_device.o
                0x000000000000e024                MyProdInfoHD
 .rodata.MySerNumInfoHD
                0x000000000000e030       0x16 ./sdk/Peripheral/ch32v30x_usbotg_device.o
                0x000000000000e030                MySerNumInfoHD
 *fill*         0x000000000000e046        0x2 
 .rodata.MyUSBQUADescHD
                0x000000000000e048        0xa ./sdk/Peripheral/ch32v30x_usbotg_device.o
                0x000000000000e048                MyUSBQUADescHD
 *fill*         0x000000000000e052        0x2 
 .rodata.OTG_FS_IRQHandler
                0x000000000000e054       0xbc ./sdk/Peripheral/ch32v30x_usbotg_device.o
 .rodata.pow.cst8
                0x000000000000e110       0x30 c:/mounriver/mounriver_studio/toolchain/risc-v embedded gcc/bin/../lib/gcc/riscv-none-embed/8.2.0/../../../../riscv-none-embed/lib/rv32imafc/ilp32f\libm.a(lib_a-w_pow.o)
 .rodata.pow.str1.4
                0x000000000000e140        0x4 c:/mounriver/mounriver_studio/toolchain/risc-v embedded gcc/bin/../lib/gcc/riscv-none-embed/8.2.0/../../../../riscv-none-embed/lib/rv32imafc/ilp32f\libm.a(lib_a-w_pow.o)
 *fill*         0x000000000000e144        0x4 
 .rodata.__ieee754_pow.cst8
                0x000000000000e148      0x100 c:/mounriver/mounriver_studio/toolchain/risc-v embedded gcc/bin/../lib/gcc/riscv-none-embed/8.2.0/../../../../riscv-none-embed/lib/rv32imafc/ilp32f\libm.a(lib_a-e_pow.o)
                                        0x110 (size before relaxing)
 .rodata.__ieee754_pow.str1.4
                0x000000000000e248        0x4 c:/mounriver/mounriver_studio/toolchain/risc-v embedded gcc/bin/../lib/gcc/riscv-none-embed/8.2.0/../../../../riscv-none-embed/lib/rv32imafc/ilp32f\libm.a(lib_a-e_pow.o)
                                          0x1 (size before relaxing)
 .rodata.nan.cst8
                0x000000000000e248        0x8 c:/mounriver/mounriver_studio/toolchain/risc-v embedded gcc/bin/../lib/gcc/riscv-none-embed/8.2.0/../../../../riscv-none-embed/lib/rv32imafc/ilp32f\libm.a(lib_a-s_nan.o)
 .rodata.TWO52  0x000000000000e250       0x10 c:/mounriver/mounriver_studio/toolchain/risc-v embedded gcc/bin/../lib/gcc/riscv-none-embed/8.2.0/../../../../riscv-none-embed/lib/rv32imafc/ilp32f\libm.a(lib_a-s_rint.o)
 .rodata.scalbn.cst8
                0x000000000000e260       0x10 c:/mounriver/mounriver_studio/toolchain/risc-v embedded gcc/bin/../lib/gcc/riscv-none-embed/8.2.0/../../../../riscv-none-embed/lib/rv32imafc/ilp32f\libm.a(lib_a-s_scalbn.o)
                                         0x20 (size before relaxing)
 .rodata.__divdf3
                0x000000000000e270       0x40 c:/mounriver/mounriver_studio/toolchain/risc-v embedded gcc/bin/../lib/gcc/riscv-none-embed/8.2.0/rv32imafc/ilp32f\libgcc.a(divdf3.o)
 .rodata.__muldf3
                0x000000000000e2b0       0x40 c:/mounriver/mounriver_studio/toolchain/risc-v embedded gcc/bin/../lib/gcc/riscv-none-embed/8.2.0/rv32imafc/ilp32f\libgcc.a(muldf3.o)
 .rodata.__clz_tab
                0x000000000000e2f0      0x100 c:/mounriver/mounriver_studio/toolchain/risc-v embedded gcc/bin/../lib/gcc/riscv-none-embed/8.2.0/rv32imafc/ilp32f\libgcc.a(_clz.o)
                0x000000000000e2f0                __clz_tab
 .rodata._printf_float.cst8
                0x000000000000e3f0        0x8 c:/mounriver/mounriver_studio/toolchain/risc-v embedded gcc/bin/../lib/gcc/riscv-none-embed/8.2.0/../../../../riscv-none-embed/lib/rv32imafc/ilp32f\libg_nano.a(lib_a-nano-vfprintf_float.o)
 .rodata._printf_float.str1.4
                0x000000000000e3f8       0x12 c:/mounriver/mounriver_studio/toolchain/risc-v embedded gcc/bin/../lib/gcc/riscv-none-embed/8.2.0/../../../../riscv-none-embed/lib/rv32imafc/ilp32f\libg_nano.a(lib_a-nano-vfprintf_float.o)
 *fill*         0x000000000000e40a        0x2 
 .rodata._printf_i.str1.4
                0x000000000000e40c       0x25 c:/mounriver/mounriver_studio/toolchain/risc-v embedded gcc/bin/../lib/gcc/riscv-none-embed/8.2.0/../../../../riscv-none-embed/lib/rv32imafc/ilp32f\libg_nano.a(lib_a-nano-vfprintf_i.o)
 *fill*         0x000000000000e431        0x7 
 .rodata._dtoa_r.cst8
                0x000000000000e438       0x30 c:/mounriver/mounriver_studio/toolchain/risc-v embedded gcc/bin/../lib/gcc/riscv-none-embed/8.2.0/../../../../riscv-none-embed/lib/rv32imafc/ilp32f\libg_nano.a(lib_a-dtoa.o)
                                         0x48 (size before relaxing)
 .rodata._dtoa_r.str1.4
                0x000000000000e468       0x10 c:/mounriver/mounriver_studio/toolchain/risc-v embedded gcc/bin/../lib/gcc/riscv-none-embed/8.2.0/../../../../riscv-none-embed/lib/rv32imafc/ilp32f\libg_nano.a(lib_a-dtoa.o)
                                         0x12 (size before relaxing)
 .rodata.__sf_fake_stderr
                0x000000000000e478       0x20 c:/mounriver/mounriver_studio/toolchain/risc-v embedded gcc/bin/../lib/gcc/riscv-none-embed/8.2.0/../../../../riscv-none-embed/lib/rv32imafc/ilp32f\libg_nano.a(lib_a-findfp.o)
                0x000000000000e478                __sf_fake_stderr
 .rodata.__sf_fake_stdin
                0x000000000000e498       0x20 c:/mounriver/mounriver_studio/toolchain/risc-v embedded gcc/bin/../lib/gcc/riscv-none-embed/8.2.0/../../../../riscv-none-embed/lib/rv32imafc/ilp32f\libg_nano.a(lib_a-findfp.o)
                0x000000000000e498                __sf_fake_stdin
 .rodata.__sf_fake_stdout
                0x000000000000e4b8       0x20 c:/mounriver/mounriver_studio/toolchain/risc-v embedded gcc/bin/../lib/gcc/riscv-none-embed/8.2.0/../../../../riscv-none-embed/lib/rv32imafc/ilp32f\libg_nano.a(lib_a-findfp.o)
                0x000000000000e4b8                __sf_fake_stdout
 .rodata.__mprec_bigtens
                0x000000000000e4d8       0x28 c:/mounriver/mounriver_studio/toolchain/risc-v embedded gcc/bin/../lib/gcc/riscv-none-embed/8.2.0/../../../../riscv-none-embed/lib/rv32imafc/ilp32f\libg_nano.a(lib_a-mprec.o)
                0x000000000000e4d8                __mprec_bigtens
 .rodata.__mprec_tens
                0x000000000000e500       0xc8 c:/mounriver/mounriver_studio/toolchain/risc-v embedded gcc/bin/../lib/gcc/riscv-none-embed/8.2.0/../../../../riscv-none-embed/lib/rv32imafc/ilp32f\libg_nano.a(lib_a-mprec.o)
                0x000000000000e500                __mprec_tens
 .rodata.p05.3321
                0x000000000000e5c8        0xc c:/mounriver/mounriver_studio/toolchain/risc-v embedded gcc/bin/../lib/gcc/riscv-none-embed/8.2.0/../../../../riscv-none-embed/lib/rv32imafc/ilp32f\libg_nano.a(lib_a-mprec.o)
 .rodata._svfprintf_r.str1.4
                0x000000000000e5d4       0x13 c:/mounriver/mounriver_studio/toolchain/risc-v embedded gcc/bin/../lib/gcc/riscv-none-embed/8.2.0/../../../../riscv-none-embed/lib/rv32imafc/ilp32f\libg_nano.a(lib_a-nano-svfprintf.o)
 .rodata._vfprintf_r.str1.4
                0x000000000000e5e7       0x13 c:/mounriver/mounriver_studio/toolchain/risc-v embedded gcc/bin/../lib/gcc/riscv-none-embed/8.2.0/../../../../riscv-none-embed/lib/rv32imafc/ilp32f\libg_nano.a(lib_a-nano-vfprintf.o)
 *fill*         0x000000000000e5e7        0x1 
 .rodata._setlocale_r.str1.4
                0x000000000000e5e8        0xa c:/mounriver/mounriver_studio/toolchain/risc-v embedded gcc/bin/../lib/gcc/riscv-none-embed/8.2.0/../../../../riscv-none-embed/lib/rv32imafc/ilp32f\libg_nano.a(lib_a-locale.o)
                                          0xd (size before relaxing)
 *fill*         0x000000000000e5f2        0x2 
 .rodata.str1.4
                0x000000000000e5f4        0x4 c:/mounriver/mounriver_studio/toolchain/risc-v embedded gcc/bin/../lib/gcc/riscv-none-embed/8.2.0/../../../../riscv-none-embed/lib/rv32imafc/ilp32f\libg_nano.a(lib_a-locale.o)
                                          0x2 (size before relaxing)
 .rodata._ctype_
                0x000000000000e5f8      0x101 c:/mounriver/mounriver_studio/toolchain/risc-v embedded gcc/bin/../lib/gcc/riscv-none-embed/8.2.0/../../../../riscv-none-embed/lib/rv32imafc/ilp32f\libg_nano.a(lib_a-ctype_.o)
                0x000000000000e5f8                _ctype_
 *(.glue_7)
 *(.glue_7t)
 *(.gnu.linkonce.t.*)
                0x000000000000e6fc                . = ALIGN (0x4)
 *fill*         0x000000000000e6f9        0x3 

.rela.dyn       0x000000000000e6fc        0x0
 .rela.init     0x000000000000e6fc        0x0 ./zf_driver/zf_driver_delay.o
 .rela.vector   0x000000000000e6fc        0x0 ./zf_driver/zf_driver_delay.o
 .rela.text.handle_reset
                0x000000000000e6fc        0x0 ./zf_driver/zf_driver_delay.o
 .rela.text._svfprintf_r
                0x000000000000e6fc        0x0 ./zf_driver/zf_driver_delay.o
 .rela.text._vfprintf_r
                0x000000000000e6fc        0x0 ./zf_driver/zf_driver_delay.o
 .rela.text._sbrk_r
                0x000000000000e6fc        0x0 ./zf_driver/zf_driver_delay.o
 .rela.text._write_r
                0x000000000000e6fc        0x0 ./zf_driver/zf_driver_delay.o
 .rela.text._close_r
                0x000000000000e6fc        0x0 ./zf_driver/zf_driver_delay.o
 .rela.text._fstat_r
                0x000000000000e6fc        0x0 ./zf_driver/zf_driver_delay.o
 .rela.text._isatty_r
                0x000000000000e6fc        0x0 ./zf_driver/zf_driver_delay.o
 .rela.text._lseek_r
                0x000000000000e6fc        0x0 ./zf_driver/zf_driver_delay.o
 .rela.text._read_r
                0x000000000000e6fc        0x0 ./zf_driver/zf_driver_delay.o
 .rela.text._close
                0x000000000000e6fc        0x0 ./zf_driver/zf_driver_delay.o
 .rela.text._fstat
                0x000000000000e6fc        0x0 ./zf_driver/zf_driver_delay.o
 .rela.text._isatty
                0x000000000000e6fc        0x0 ./zf_driver/zf_driver_delay.o
 .rela.text._lseek
                0x000000000000e6fc        0x0 ./zf_driver/zf_driver_delay.o
 .rela.text._read
                0x000000000000e6fc        0x0 ./zf_driver/zf_driver_delay.o
 .rela.text._sbrk
                0x000000000000e6fc        0x0 ./zf_driver/zf_driver_delay.o

.fini           0x000000000000e6fc        0x0
 *(SORT_NONE(.fini))
                0x000000000000e6fc                . = ALIGN (0x4)
                [!provide]                        PROVIDE (_etext = .)
                [!provide]                        PROVIDE (_eitcm = .)

.preinit_array  0x000000000000e6fc        0x0
                [!provide]                        PROVIDE (__preinit_array_start = .)
 *(.preinit_array)
                [!provide]                        PROVIDE (__preinit_array_end = .)

.init_array     0x000000000000e6fc        0x0
                [!provide]                        PROVIDE (__init_array_start = .)
 *(SORT_BY_INIT_PRIORITY(.init_array.*) SORT_BY_INIT_PRIORITY(.ctors.*))
 *(.init_array EXCLUDE_FILE(*crtend?.o *crtend.o *crtbegin?.o *crtbegin.o) .ctors)
                [!provide]                        PROVIDE (__init_array_end = .)

.fini_array     0x000000000000e6fc        0x0
                [!provide]                        PROVIDE (__fini_array_start = .)
 *(SORT_BY_INIT_PRIORITY(.fini_array.*) SORT_BY_INIT_PRIORITY(.dtors.*))
 *(.fini_array EXCLUDE_FILE(*crtend?.o *crtend.o *crtbegin?.o *crtbegin.o) .dtors)
                [!provide]                        PROVIDE (__fini_array_end = .)

.ctors
 *crtbegin.o(.ctors)
 *crtbegin?.o(.ctors)
 *(EXCLUDE_FILE(*crtend?.o *crtend.o) .ctors)
 *(SORT_BY_NAME(.ctors.*))
 *(.ctors)

.dtors
 *crtbegin.o(.dtors)
 *crtbegin?.o(.dtors)
 *(EXCLUDE_FILE(*crtend?.o *crtend.o) .dtors)
 *(SORT_BY_NAME(.dtors.*))
 *(.dtors)

.dalign         0x0000000020000000        0x0 load address 0x000000000000e6fc
                0x0000000020000000                . = ALIGN (0x4)
                0x0000000020000000                PROVIDE (_data_vma = .)

.dlalign        0x000000000000e6fc        0x0
                0x000000000000e6fc                . = ALIGN (0x4)
                0x000000000000e6fc                PROVIDE (_data_lma = .)

.data           0x0000000020000000      0x2a0 load address 0x000000000000e6fc
 *(.gnu.linkonce.r.*)
 *(.data .data.*)
 .data.mt9v03x_set_confing_buffer_dvp
                0x0000000020000000       0x28 ./zf_device/zf_device_mt9v03x_dvp.o
                0x0000000020000000                mt9v03x_set_confing_buffer_dvp
 .data.mt9v03x_get_confing_buffer_dvp
                0x0000000020000028       0x24 ./zf_device/zf_device_mt9v03x_dvp.o
                0x0000000020000028                mt9v03x_get_confing_buffer_dvp
 .data.APBAHBPrescTable
                0x000000002000004c       0x10 ./sdk/Peripheral/ch32v30x_rcc.o
 .data.TAB_USB_FS_OSC_DESC
                0x000000002000005c       0x43 ./sdk/Peripheral/ch32v30x_usbotg_device.o
                0x000000002000005c                TAB_USB_FS_OSC_DESC
 *fill*         0x000000002000009f        0x1 
 .data.impure_data
                0x00000000200000a0       0x60 c:/mounriver/mounriver_studio/toolchain/risc-v embedded gcc/bin/../lib/gcc/riscv-none-embed/8.2.0/../../../../riscv-none-embed/lib/rv32imafc/ilp32f\libg_nano.a(lib_a-impure.o)
 .data.__global_locale
                0x0000000020000100      0x16c c:/mounriver/mounriver_studio/toolchain/risc-v embedded gcc/bin/../lib/gcc/riscv-none-embed/8.2.0/../../../../riscv-none-embed/lib/rv32imafc/ilp32f\libg_nano.a(lib_a-locale.o)
                0x0000000020000100                __global_locale
 *(.gnu.linkonce.d.*)
                0x0000000020000270                . = ALIGN (0x8)
 *fill*         0x000000002000026c        0x4 
                0x0000000020000a70                PROVIDE (__global_pointer$ = (. + 0x800))
 *(.sdata .sdata.*)
 .sdata.zf_debug_assert_enable
                0x0000000020000270        0x1 ./zf_common/zf_common_debug.o
 *fill*         0x0000000020000271        0x3 
 .sdata.ADCPrescTable
                0x0000000020000274        0x4 ./sdk/Peripheral/ch32v30x_rcc.o
 .sdata.USBHD_Dev_Speed
                0x0000000020000278        0x1 ./sdk/Peripheral/ch32v30x_usbotg_device.o
                0x0000000020000278                USBHD_Dev_Speed
 *fill*         0x0000000020000279        0x3 
 .sdata.LineCoding
                0x000000002000027c        0x7 ./sdk/Peripheral/ch32v30x_usbotg_device.o
                0x000000002000027c                LineCoding
 *fill*         0x0000000020000283        0x1 
 .sdata.__fdlib_version
                0x0000000020000284        0x4 c:/mounriver/mounriver_studio/toolchain/risc-v embedded gcc/bin/../lib/gcc/riscv-none-embed/8.2.0/../../../../riscv-none-embed/lib/rv32imafc/ilp32f\libm.a(lib_a-s_lib_ver.o)
                0x0000000020000284                __fdlib_version
 .sdata._impure_ptr
                0x0000000020000288        0x4 c:/mounriver/mounriver_studio/toolchain/risc-v embedded gcc/bin/../lib/gcc/riscv-none-embed/8.2.0/../../../../riscv-none-embed/lib/rv32imafc/ilp32f\libg_nano.a(lib_a-impure.o)
                0x0000000020000288                _impure_ptr
 *(.sdata2.*)
 .sdata2.uart_irq
                0x000000002000028c        0x8 ./zf_driver/zf_driver_uart.o
                0x000000002000028c                uart_irq
 .sdata2.MyLangDescrHD
                0x0000000020000294        0x4 ./sdk/Peripheral/ch32v30x_usbotg_device.o
                0x0000000020000294                MyLangDescrHD
 .sdata2._global_impure_ptr
                0x0000000020000298        0x4 c:/mounriver/mounriver_studio/toolchain/risc-v embedded gcc/bin/../lib/gcc/riscv-none-embed/8.2.0/../../../../riscv-none-embed/lib/rv32imafc/ilp32f\libg_nano.a(lib_a-impure.o)
                0x0000000020000298                _global_impure_ptr
 *(.gnu.linkonce.s.*)
                0x00000000200002a0                . = ALIGN (0x8)
 *fill*         0x000000002000029c        0x4 
 *(.srodata.cst16)
 *(.srodata.cst8)
 *(.srodata.cst4)
 *(.srodata.cst2)
 *(.srodata .srodata.*)
                0x00000000200002a0                . = ALIGN (0x4)
                0x00000000200002a0                PROVIDE (_edata = .)

.bss            0x00000000200002a0     0x58f0 load address 0x000000000000e99c
                0x00000000200002a0                . = ALIGN (0x4)
                0x00000000200002a0                PROVIDE (_sbss = .)
 *(.sbss*)
 .sbss.bluetooth_ch9141_data
                0x00000000200002a0        0x1 ./zf_device/zf_device_bluetooth_ch9141.o
 .sbss.bluetooth_ch9141_data_ch2
                0x00000000200002a1        0x1 ./zf_device/zf_device_bluetooth_ch9141_ch2.o
 *fill*         0x00000000200002a2        0x2 
 .sbss.camera_buffer_addr
                0x00000000200002a4        0x4 ./zf_device/zf_device_mt9v03x_dvp.o
                0x00000000200002a4                camera_buffer_addr
 .sbss.mt9v03x_finish_flag_dvp
                0x00000000200002a8        0x1 ./zf_device/zf_device_mt9v03x_dvp.o
                0x00000000200002a8                mt9v03x_finish_flag_dvp
 *fill*         0x00000000200002a9        0x3 
 .sbss.receive_dvp
                0x00000000200002ac        0x3 ./zf_device/zf_device_mt9v03x_dvp.o
 .sbss.receive_num_dvp
                0x00000000200002af        0x1 ./zf_device/zf_device_mt9v03x_dvp.o
 .sbss.uart_receive_flag_dvp
                0x00000000200002b0        0x1 ./zf_device/zf_device_mt9v03x_dvp.o
 *fill*         0x00000000200002b1        0x3 
 .sbss.oled_display_dir
                0x00000000200002b4        0x4 ./zf_device/zf_device_oled.o
 .sbss.oled_display_font
                0x00000000200002b8        0x4 ./zf_device/zf_device_oled.o
 .sbss.scc8660_uart_receive_dvp
                0x00000000200002bc        0x3 ./zf_device/zf_device_scc8660_dvp.o
                0x00000000200002bc                scc8660_uart_receive_dvp
 .sbss.scc8660_uart_receive_num_dvp
                0x00000000200002bf        0x1 ./zf_device/zf_device_scc8660_dvp.o
                0x00000000200002bf                scc8660_uart_receive_num_dvp
 .sbss.scc8660_uart_receive_flag_dvp
                0x00000000200002c0        0x1 ./zf_device/zf_device_scc8660_dvp.o
                0x00000000200002c0                scc8660_uart_receive_flag_dvp
 .sbss.scc8660_finish_flag_dvp
                0x00000000200002c1        0x1 ./zf_device/zf_device_scc8660_dvp.o
                0x00000000200002c1                scc8660_finish_flag_dvp
 *fill*         0x00000000200002c2        0x2 
 .sbss.camera_type
                0x00000000200002c4        0x4 ./zf_device/zf_device_type.o
                0x00000000200002c4                camera_type
 .sbss.wireless_type
                0x00000000200002c8        0x4 ./zf_device/zf_device_type.o
                0x00000000200002c8                wireless_type
 .sbss.wireless_ch573_data
                0x00000000200002cc        0x1 ./zf_device/zf_device_wireless_ch573.o
 .sbss.wireless_uart_data
                0x00000000200002cd        0x1 ./zf_device/zf_device_wireless_uart.o
 *fill*         0x00000000200002ce        0x2 
 .sbss.system_clock
                0x00000000200002d0        0x4 ./zf_common/zf_common_clock.o
                0x00000000200002d0                system_clock
 .sbss.zf_debug_init_flag
                0x00000000200002d4        0x1 ./zf_common/zf_common_debug.o
 .sbss.assert_nest_index.4239
                0x00000000200002d5        0x1 ./zf_common/zf_common_debug.o
 *fill*         0x00000000200002d6        0x2 
 .sbss.interrupt_nest_count
                0x00000000200002d8        0x4 ./zf_common/zf_common_interrupt.o
 .sbss.EP0_DatabufHD
                0x00000000200002dc        0x8 ./sdk/Peripheral/ch32v30x_usbotg_device.o
                0x00000000200002dc                EP0_DatabufHD
 .sbss.pEP0_RAM_Addr
                0x00000000200002e4        0x4 ./sdk/Peripheral/ch32v30x_usbotg_device.o
                0x00000000200002e4                pEP0_RAM_Addr
 .sbss.pEP1_RAM_Addr
                0x00000000200002e8        0x4 ./sdk/Peripheral/ch32v30x_usbotg_device.o
                0x00000000200002e8                pEP1_RAM_Addr
 .sbss.pEP2_RAM_Addr
                0x00000000200002ec        0x4 ./sdk/Peripheral/ch32v30x_usbotg_device.o
                0x00000000200002ec                pEP2_RAM_Addr
 .sbss.pDescr   0x00000000200002f0        0x4 ./sdk/Peripheral/ch32v30x_usbotg_device.o
                0x00000000200002f0                pDescr
 .sbss.USBHD_Dev_SetupReqLen
                0x00000000200002f4        0x2 ./sdk/Peripheral/ch32v30x_usbotg_device.o
                0x00000000200002f4                USBHD_Dev_SetupReqLen
 .sbss.USBHD_Dev_SleepStatus
                0x00000000200002f6        0x1 ./sdk/Peripheral/ch32v30x_usbotg_device.o
                0x00000000200002f6                USBHD_Dev_SleepStatus
 .sbss.DevConfig
                0x00000000200002f7        0x1 ./sdk/Peripheral/ch32v30x_usbotg_device.o
                0x00000000200002f7                DevConfig
 .sbss.SetupReqCode
                0x00000000200002f8        0x1 ./sdk/Peripheral/ch32v30x_usbotg_device.o
                0x00000000200002f8                SetupReqCode
 *fill*         0x00000000200002f9        0x1 
 .sbss.SetupReqLen
                0x00000000200002fa        0x2 ./sdk/Peripheral/ch32v30x_usbotg_device.o
                0x00000000200002fa                SetupReqLen
 .sbss.__malloc_free_list
                0x00000000200002fc        0x4 c:/mounriver/mounriver_studio/toolchain/risc-v embedded gcc/bin/../lib/gcc/riscv-none-embed/8.2.0/../../../../riscv-none-embed/lib/rv32imafc/ilp32f\libg_nano.a(lib_a-nano-mallocr.o)
                0x00000000200002fc                __malloc_free_list
 .sbss.__malloc_sbrk_start
                0x0000000020000300        0x4 c:/mounriver/mounriver_studio/toolchain/risc-v embedded gcc/bin/../lib/gcc/riscv-none-embed/8.2.0/../../../../riscv-none-embed/lib/rv32imafc/ilp32f\libg_nano.a(lib_a-nano-mallocr.o)
                0x0000000020000300                __malloc_sbrk_start
 .sbss.heap_end.1520
                0x0000000020000304        0x4 c:/mounriver/mounriver_studio/toolchain/risc-v embedded gcc/bin/../lib/gcc/riscv-none-embed/8.2.0/../../../../riscv-none-embed/lib/rv32imafc/ilp32f\libnosys.a(sbrk.o)
 *(.gnu.linkonce.sb.*)
 *(.bss*)
 .bss.bluetooth_ch9141_fifo
                0x0000000020000308       0x14 ./zf_device/zf_device_bluetooth_ch9141.o
 .bss.bluetooth_ch9141_fifo_ch2
                0x000000002000031c       0x14 ./zf_device/zf_device_bluetooth_ch9141_ch2.o
 .bss.mt9v03x_image_dvp
                0x0000000020000330     0x5820 ./zf_device/zf_device_mt9v03x_dvp.o
                0x0000000020000330                mt9v03x_image_dvp
 .bss.wireless_ch573_fifo
                0x0000000020005b50       0x14 ./zf_device/zf_device_wireless_ch573.o
 .bss.wireless_uart_fifo
                0x0000000020005b64       0x14 ./zf_device/zf_device_wireless_uart.o
 .bss.debug_output_info
                0x0000000020005b78       0x14 ./zf_common/zf_common_debug.o
 *(.gnu.linkonce.b.*)
 *(COMMON*)
 COMMON         0x0000000020005b8c        0x4 c:/mounriver/mounriver_studio/toolchain/risc-v embedded gcc/bin/../lib/gcc/riscv-none-embed/8.2.0/../../../../riscv-none-embed/lib/rv32imafc/ilp32f\libg_nano.a(lib_a-reent.o)
                0x0000000020005b8c                errno
                0x0000000020005b90                . = ALIGN (0x4)
                0x0000000020005b90                PROVIDE (_ebss = .)
                [!provide]                        PROVIDE (_end = _ebss)
                0x0000000020005b90                PROVIDE (end = .)

.stack          0x000000002000f800      0x800
                0x000000002000f800                . = ALIGN (0x4)
                [!provide]                        PROVIDE (_susrstack = .)
                0x0000000020010000                . = (. + __stack_size)
 *fill*         0x000000002000f800      0x800 
                0x0000000020010000                PROVIDE (_eusrstack = .)
OUTPUT(camera.elf elf32-littleriscv)

.debug_info     0x0000000000000000    0x19b36
 .debug_info    0x0000000000000000      0x9fb ./zf_driver/zf_driver_delay.o
 .debug_info    0x00000000000009fb      0xeb9 ./zf_driver/zf_driver_dvp.o
 .debug_info    0x00000000000018b4      0xe6f ./zf_driver/zf_driver_gpio.o
 .debug_info    0x0000000000002723       0x26 ./zf_driver/zf_driver_irq.o
 .debug_info    0x0000000000002749     0x1500 ./zf_driver/zf_driver_spi.o
 .debug_info    0x0000000000003c49     0x13ad ./zf_driver/zf_driver_uart.o
 .debug_info    0x0000000000004ff6      0xef3 ./zf_device/zf_device_bluetooth_ch9141.o
 .debug_info    0x0000000000005ee9      0xef3 ./zf_device/zf_device_bluetooth_ch9141_ch2.o
 .debug_info    0x0000000000006ddc      0xc31 ./zf_device/zf_device_camera.o
 .debug_info    0x0000000000007a0d     0x1300 ./zf_device/zf_device_mt9v03x_dvp.o
 .debug_info    0x0000000000008d0d     0x1632 ./zf_device/zf_device_oled.o
 .debug_info    0x000000000000a33f     0x1325 ./zf_device/zf_device_scc8660_dvp.o
 .debug_info    0x000000000000b664      0x115 ./zf_device/zf_device_type.o
 .debug_info    0x000000000000b779      0xfb2 ./zf_device/zf_device_wireless_ch573.o
 .debug_info    0x000000000000c72b      0xfe0 ./zf_device/zf_device_wireless_uart.o
 .debug_info    0x000000000000d70b      0xbe3 ./zf_common/zf_common_clock.o
 .debug_info    0x000000000000e2ee      0xfda ./zf_common/zf_common_debug.o
 .debug_info    0x000000000000f2c8      0xbe3 ./zf_common/zf_common_fifo.o
 .debug_info    0x000000000000feab      0xa4a ./zf_common/zf_common_font.o
 .debug_info    0x00000000000108f5      0xf61 ./zf_common/zf_common_interrupt.o
 .debug_info    0x0000000000011856     0x173c ./user_c/isr.o
 .debug_info    0x0000000000012f92      0xf5a ./user_c/main.o
 .debug_info    0x0000000000013eec       0x22 ./sdk/Startup/startup_ch32v30x.o
 .debug_info    0x0000000000013f0e      0x35f ./sdk/Peripheral/ch32v30x_exti.o
 .debug_info    0x000000000001426d      0x71b ./sdk/Peripheral/ch32v30x_gpio.o
 .debug_info    0x0000000000014988      0xc6a ./sdk/Peripheral/ch32v30x_rcc.o
 .debug_info    0x00000000000155f2      0x95b ./sdk/Peripheral/ch32v30x_spi.o
 .debug_info    0x0000000000015f4d     0x1dde ./sdk/Peripheral/ch32v30x_tim.o
 .debug_info    0x0000000000017d2b      0xa4e ./sdk/Peripheral/ch32v30x_usart.o
 .debug_info    0x0000000000018779     0x13bd ./sdk/Peripheral/ch32v30x_usbotg_device.o

.debug_abbrev   0x0000000000000000     0x41ad
 .debug_abbrev  0x0000000000000000      0x1f6 ./zf_driver/zf_driver_delay.o
 .debug_abbrev  0x00000000000001f6      0x24e ./zf_driver/zf_driver_dvp.o
 .debug_abbrev  0x0000000000000444      0x2ad ./zf_driver/zf_driver_gpio.o
 .debug_abbrev  0x00000000000006f1       0x14 ./zf_driver/zf_driver_irq.o
 .debug_abbrev  0x0000000000000705      0x300 ./zf_driver/zf_driver_spi.o
 .debug_abbrev  0x0000000000000a05      0x2d1 ./zf_driver/zf_driver_uart.o
 .debug_abbrev  0x0000000000000cd6      0x266 ./zf_device/zf_device_bluetooth_ch9141.o
 .debug_abbrev  0x0000000000000f3c      0x266 ./zf_device/zf_device_bluetooth_ch9141_ch2.o
 .debug_abbrev  0x00000000000011a2      0x27e ./zf_device/zf_device_camera.o
 .debug_abbrev  0x0000000000001420      0x35b ./zf_device/zf_device_mt9v03x_dvp.o
 .debug_abbrev  0x000000000000177b      0x328 ./zf_device/zf_device_oled.o
 .debug_abbrev  0x0000000000001aa3      0x31f ./zf_device/zf_device_scc8660_dvp.o
 .debug_abbrev  0x0000000000001dc2       0xb3 ./zf_device/zf_device_type.o
 .debug_abbrev  0x0000000000001e75      0x282 ./zf_device/zf_device_wireless_ch573.o
 .debug_abbrev  0x00000000000020f7      0x293 ./zf_device/zf_device_wireless_uart.o
 .debug_abbrev  0x000000000000238a      0x278 ./zf_common/zf_common_clock.o
 .debug_abbrev  0x0000000000002602      0x333 ./zf_common/zf_common_debug.o
 .debug_abbrev  0x0000000000002935      0x278 ./zf_common/zf_common_fifo.o
 .debug_abbrev  0x0000000000002bad      0x1dd ./zf_common/zf_common_font.o
 .debug_abbrev  0x0000000000002d8a      0x29b ./zf_common/zf_common_interrupt.o
 .debug_abbrev  0x0000000000003025      0x24e ./user_c/isr.o
 .debug_abbrev  0x0000000000003273      0x20b ./user_c/main.o
 .debug_abbrev  0x000000000000347e       0x12 ./sdk/Startup/startup_ch32v30x.o
 .debug_abbrev  0x0000000000003490      0x157 ./sdk/Peripheral/ch32v30x_exti.o
 .debug_abbrev  0x00000000000035e7      0x1da ./sdk/Peripheral/ch32v30x_gpio.o
 .debug_abbrev  0x00000000000037c1      0x202 ./sdk/Peripheral/ch32v30x_rcc.o
 .debug_abbrev  0x00000000000039c3      0x1b1 ./sdk/Peripheral/ch32v30x_spi.o
 .debug_abbrev  0x0000000000003b74      0x1dc ./sdk/Peripheral/ch32v30x_tim.o
 .debug_abbrev  0x0000000000003d50      0x1b1 ./sdk/Peripheral/ch32v30x_usart.o
 .debug_abbrev  0x0000000000003f01      0x2ac ./sdk/Peripheral/ch32v30x_usbotg_device.o

.debug_aranges  0x0000000000000000      0xf28
 .debug_aranges
                0x0000000000000000       0x20 ./zf_driver/zf_driver_delay.o
 .debug_aranges
                0x0000000000000020       0x28 ./zf_driver/zf_driver_dvp.o
 .debug_aranges
                0x0000000000000048       0x38 ./zf_driver/zf_driver_gpio.o
 .debug_aranges
                0x0000000000000080       0x20 ./zf_driver/zf_driver_irq.o
 .debug_aranges
                0x00000000000000a0       0xb8 ./zf_driver/zf_driver_spi.o
 .debug_aranges
                0x0000000000000158       0x60 ./zf_driver/zf_driver_uart.o
 .debug_aranges
                0x00000000000001b8       0x38 ./zf_device/zf_device_bluetooth_ch9141.o
 .debug_aranges
                0x00000000000001f0       0x38 ./zf_device/zf_device_bluetooth_ch9141_ch2.o
 .debug_aranges
                0x0000000000000228       0x48 ./zf_device/zf_device_camera.o
 .debug_aranges
                0x0000000000000270       0x60 ./zf_device/zf_device_mt9v03x_dvp.o
 .debug_aranges
                0x00000000000002d0       0xa8 ./zf_device/zf_device_oled.o
 .debug_aranges
                0x0000000000000378       0x80 ./zf_device/zf_device_scc8660_dvp.o
 .debug_aranges
                0x00000000000003f8       0x28 ./zf_device/zf_device_type.o
 .debug_aranges
                0x0000000000000420       0x48 ./zf_device/zf_device_wireless_ch573.o
 .debug_aranges
                0x0000000000000468       0x50 ./zf_device/zf_device_wireless_uart.o
 .debug_aranges
                0x00000000000004b8       0x30 ./zf_common/zf_common_clock.o
 .debug_aranges
                0x00000000000004e8       0x78 ./zf_common/zf_common_debug.o
 .debug_aranges
                0x0000000000000560       0x50 ./zf_common/zf_common_fifo.o
 .debug_aranges
                0x00000000000005b0       0x18 ./zf_common/zf_common_font.o
 .debug_aranges
                0x00000000000005c8       0x60 ./zf_common/zf_common_interrupt.o
 .debug_aranges
                0x0000000000000628       0xf8 ./user_c/isr.o
 .debug_aranges
                0x0000000000000720       0x20 ./user_c/main.o
 .debug_aranges
                0x0000000000000740       0x30 ./sdk/Startup/startup_ch32v30x.o
 .debug_aranges
                0x0000000000000770       0x58 ./sdk/Peripheral/ch32v30x_exti.o
 .debug_aranges
                0x00000000000007c8       0xa8 ./sdk/Peripheral/ch32v30x_gpio.o
 .debug_aranges
                0x0000000000000870      0x1a8 ./sdk/Peripheral/ch32v30x_rcc.o
 .debug_aranges
                0x0000000000000a18       0xd0 ./sdk/Peripheral/ch32v30x_spi.o
 .debug_aranges
                0x0000000000000ae8      0x2f0 ./sdk/Peripheral/ch32v30x_tim.o
 .debug_aranges
                0x0000000000000dd8      0x100 ./sdk/Peripheral/ch32v30x_usart.o
 .debug_aranges
                0x0000000000000ed8       0x50 ./sdk/Peripheral/ch32v30x_usbotg_device.o

.debug_ranges   0x0000000000000000      0xd50
 .debug_ranges  0x0000000000000000       0x10 ./zf_driver/zf_driver_delay.o
 .debug_ranges  0x0000000000000010       0x18 ./zf_driver/zf_driver_dvp.o
 .debug_ranges  0x0000000000000028       0x28 ./zf_driver/zf_driver_gpio.o
 .debug_ranges  0x0000000000000050       0xa8 ./zf_driver/zf_driver_spi.o
 .debug_ranges  0x00000000000000f8       0x50 ./zf_driver/zf_driver_uart.o
 .debug_ranges  0x0000000000000148       0x28 ./zf_device/zf_device_bluetooth_ch9141.o
 .debug_ranges  0x0000000000000170       0x28 ./zf_device/zf_device_bluetooth_ch9141_ch2.o
 .debug_ranges  0x0000000000000198       0x38 ./zf_device/zf_device_camera.o
 .debug_ranges  0x00000000000001d0       0x68 ./zf_device/zf_device_mt9v03x_dvp.o
 .debug_ranges  0x0000000000000238       0x98 ./zf_device/zf_device_oled.o
 .debug_ranges  0x00000000000002d0       0x70 ./zf_device/zf_device_scc8660_dvp.o
 .debug_ranges  0x0000000000000340       0x18 ./zf_device/zf_device_type.o
 .debug_ranges  0x0000000000000358       0x38 ./zf_device/zf_device_wireless_ch573.o
 .debug_ranges  0x0000000000000390       0x40 ./zf_device/zf_device_wireless_uart.o
 .debug_ranges  0x00000000000003d0       0x20 ./zf_common/zf_common_clock.o
 .debug_ranges  0x00000000000003f0       0x68 ./zf_common/zf_common_debug.o
 .debug_ranges  0x0000000000000458       0x40 ./zf_common/zf_common_fifo.o
 .debug_ranges  0x0000000000000498       0x50 ./zf_common/zf_common_interrupt.o
 .debug_ranges  0x00000000000004e8       0xe8 ./user_c/isr.o
 .debug_ranges  0x00000000000005d0       0x10 ./user_c/main.o
 .debug_ranges  0x00000000000005e0       0x28 ./sdk/Startup/startup_ch32v30x.o
 .debug_ranges  0x0000000000000608       0x48 ./sdk/Peripheral/ch32v30x_exti.o
 .debug_ranges  0x0000000000000650       0x98 ./sdk/Peripheral/ch32v30x_gpio.o
 .debug_ranges  0x00000000000006e8      0x198 ./sdk/Peripheral/ch32v30x_rcc.o
 .debug_ranges  0x0000000000000880       0xc0 ./sdk/Peripheral/ch32v30x_spi.o
 .debug_ranges  0x0000000000000940      0x2e0 ./sdk/Peripheral/ch32v30x_tim.o
 .debug_ranges  0x0000000000000c20       0xf0 ./sdk/Peripheral/ch32v30x_usart.o
 .debug_ranges  0x0000000000000d10       0x40 ./sdk/Peripheral/ch32v30x_usbotg_device.o

.debug_line     0x0000000000000000    0x11bfb
 .debug_line    0x0000000000000000      0x321 ./zf_driver/zf_driver_delay.o
 .debug_line    0x0000000000000321      0x422 ./zf_driver/zf_driver_dvp.o
 .debug_line    0x0000000000000743      0x5ab ./zf_driver/zf_driver_gpio.o
 .debug_line    0x0000000000000cee       0x8b ./zf_driver/zf_driver_irq.o
 .debug_line    0x0000000000000d79     0x19ed ./zf_driver/zf_driver_spi.o
 .debug_line    0x0000000000002766      0xbc7 ./zf_driver/zf_driver_uart.o
 .debug_line    0x000000000000332d      0x49b ./zf_device/zf_device_bluetooth_ch9141.o
 .debug_line    0x00000000000037c8      0x49f ./zf_device/zf_device_bluetooth_ch9141_ch2.o
 .debug_line    0x0000000000003c67      0x516 ./zf_device/zf_device_camera.o
 .debug_line    0x000000000000417d      0xe4d ./zf_device/zf_device_mt9v03x_dvp.o
 .debug_line    0x0000000000004fca     0x14f0 ./zf_device/zf_device_oled.o
 .debug_line    0x00000000000064ba      0xcfd ./zf_device/zf_device_scc8660_dvp.o
 .debug_line    0x00000000000071b7       0xbc ./zf_device/zf_device_type.o
 .debug_line    0x0000000000007273      0x53d ./zf_device/zf_device_wireless_ch573.o
 .debug_line    0x00000000000077b0      0x60d ./zf_device/zf_device_wireless_uart.o
 .debug_line    0x0000000000007dbd      0x593 ./zf_common/zf_common_clock.o
 .debug_line    0x0000000000008350      0xa3c ./zf_common/zf_common_debug.o
 .debug_line    0x0000000000008d8c      0x603 ./zf_common/zf_common_fifo.o
 .debug_line    0x000000000000938f      0x178 ./zf_common/zf_common_font.o
 .debug_line    0x0000000000009507      0x479 ./zf_common/zf_common_interrupt.o