Archive member included to satisfy reference by file (symbol)

c:/mounriver/mounriver_studio/toolchain/risc-v embedded gcc/bin/../lib/gcc/riscv-none-embed/8.2.0/rv32imafc/ilp32f\libgcc.a(adddf3.o)
                              ./zf_common/zf_common_function.o (__adddf3)
c:/mounriver/mounriver_studio/toolchain/risc-v embedded gcc/bin/../lib/gcc/riscv-none-embed/8.2.0/rv32imafc/ilp32f\libgcc.a(divdf3.o)
                              ./zf_common/zf_common_function.o (__divdf3)
c:/mounriver/mounriver_studio/toolchain/risc-v embedded gcc/bin/../lib/gcc/riscv-none-embed/8.2.0/rv32imafc/ilp32f\libgcc.a(eqdf2.o)
                              ./zf_common/zf_common_function.o (__eqdf2)
c:/mounriver/mounriver_studio/toolchain/risc-v embedded gcc/bin/../lib/gcc/riscv-none-embed/8.2.0/rv32imafc/ilp32f\libgcc.a(ledf2.o)
                              ./zf_common/zf_common_function.o (__ltdf2)
c:/mounriver/mounriver_studio/toolchain/risc-v embedded gcc/bin/../lib/gcc/riscv-none-embed/8.2.0/rv32imafc/ilp32f\libgcc.a(muldf3.o)
                              ./zf_common/zf_common_function.o (__muldf3)
c:/mounriver/mounriver_studio/toolchain/risc-v embedded gcc/bin/../lib/gcc/riscv-none-embed/8.2.0/rv32imafc/ilp32f\libgcc.a(subdf3.o)
                              ./zf_common/zf_common_function.o (__subdf3)
c:/mounriver/mounriver_studio/toolchain/risc-v embedded gcc/bin/../lib/gcc/riscv-none-embed/8.2.0/rv32imafc/ilp32f\libgcc.a(fixdfsi.o)
                              ./zf_common/zf_common_function.o (__fixdfsi)
c:/mounriver/mounriver_studio/toolchain/risc-v embedded gcc/bin/../lib/gcc/riscv-none-embed/8.2.0/rv32imafc/ilp32f\libgcc.a(floatsidf.o)
                              ./zf_common/zf_common_function.o (__floatsidf)
c:/mounriver/mounriver_studio/toolchain/risc-v embedded gcc/bin/../lib/gcc/riscv-none-embed/8.2.0/rv32imafc/ilp32f\libgcc.a(_clzsi2.o)
                              c:/mounriver/mounriver_studio/toolchain/risc-v embedded gcc/bin/../lib/gcc/riscv-none-embed/8.2.0/rv32imafc/ilp32f\libgcc.a(adddf3.o) (__clzsi2)
c:/mounriver/mounriver_studio/toolchain/risc-v embedded gcc/bin/../lib/gcc/riscv-none-embed/8.2.0/rv32imafc/ilp32f\libgcc.a(_clz.o)
                              c:/mounriver/mounriver_studio/toolchain/risc-v embedded gcc/bin/../lib/gcc/riscv-none-embed/8.2.0/rv32imafc/ilp32f\libgcc.a(_clzsi2.o) (__clz_tab)
c:/mounriver/mounriver_studio/toolchain/risc-v embedded gcc/bin/../lib/gcc/riscv-none-embed/8.2.0/../../../../riscv-none-embed/lib/rv32imafc/ilp32f\libg_nano.a(lib_a-memcpy.o)
                              ./zf_common/zf_common_fifo.o (memcpy)
c:/mounriver/mounriver_studio/toolchain/risc-v embedded gcc/bin/../lib/gcc/riscv-none-embed/8.2.0/../../../../riscv-none-embed/lib/rv32imafc/ilp32f\libg_nano.a(lib_a-memset.o)
                              ./zf_driver/zf_driver_flash.o (memset)
c:/mounriver/mounriver_studio/toolchain/risc-v embedded gcc/bin/../lib/gcc/riscv-none-embed/8.2.0/../../../../riscv-none-embed/lib/rv32imafc/ilp32f\libg_nano.a(lib_a-nano-vfprintf_float.o)
                              (_printf_float)
c:/mounriver/mounriver_studio/toolchain/risc-v embedded gcc/bin/../lib/gcc/riscv-none-embed/8.2.0/../../../../riscv-none-embed/lib/rv32imafc/ilp32f\libg_nano.a(lib_a-nano-vfprintf_i.o)
                              c:/mounriver/mounriver_studio/toolchain/risc-v embedded gcc/bin/../lib/gcc/riscv-none-embed/8.2.0/../../../../riscv-none-embed/lib/rv32imafc/ilp32f\libg_nano.a(lib_a-nano-vfprintf_float.o) (_printf_common)
c:/mounriver/mounriver_studio/toolchain/risc-v embedded gcc/bin/../lib/gcc/riscv-none-embed/8.2.0/../../../../riscv-none-embed/lib/rv32imafc/ilp32f\libg_nano.a(lib_a-printf.o)
                              ./zf_common/zf_common_debug.o (printf)
c:/mounriver/mounriver_studio/toolchain/risc-v embedded gcc/bin/../lib/gcc/riscv-none-embed/8.2.0/../../../../riscv-none-embed/lib/rv32imafc/ilp32f\libg_nano.a(lib_a-puts.o)
                              ./sdk/Peripheral/ch32v30x_eth.o (puts)
c:/mounriver/mounriver_studio/toolchain/risc-v embedded gcc/bin/../lib/gcc/riscv-none-embed/8.2.0/../../../../riscv-none-embed/lib/rv32imafc/ilp32f\libg_nano.a(lib_a-sprintf.o)
                              ./zf_common/zf_common_debug.o (sprintf)
c:/mounriver/mounriver_studio/toolchain/risc-v embedded gcc/bin/../lib/gcc/riscv-none-embed/8.2.0/../../../../riscv-none-embed/lib/rv32imafc/ilp32f\libg_nano.a(lib_a-strlen.o)
                              ./zf_device/zf_device_wireless_uart.o (strlen)
c:/mounriver/mounriver_studio/toolchain/risc-v embedded gcc/bin/../lib/gcc/riscv-none-embed/8.2.0/../../../../riscv-none-embed/lib/rv32imafc/ilp32f\libg_nano.a(lib_a-wbuf.o)
                              c:/mounriver/mounriver_studio/toolchain/risc-v embedded gcc/bin/../lib/gcc/riscv-none-embed/8.2.0/../../../../riscv-none-embed/lib/rv32imafc/ilp32f\libg_nano.a(lib_a-puts.o) (__swbuf_r)
[...]
Memory Configuration

Name             Origin             Length             Attributes
RAM              0x0000000020000000 0x0000000000010000 xrw
FLASH            0x0000000000000000 0x0000000000040000 xr
*default*        0x0000000000000000 0xffffffffffffffff

Linker script and memory map

LOAD ./zf_driver/zf_driver_adc.o
LOAD ./zf_driver/zf_driver_delay.o
LOAD ./zf_driver/zf_driver_dvp.o
LOAD ./zf_driver/zf_driver_encoder.o
LOAD ./zf_driver/zf_driver_exti.o
LOAD ./zf_driver/zf_driver_flash.o
LOAD ./zf_driver/zf_driver_gpio.o
LOAD ./zf_driver/zf_driver_irq.o
LOAD ./zf_driver/zf_driver_pit.o
LOAD ./zf_driver/zf_driver_pwm.o
LOAD ./zf_driver/zf_driver_soft_iic.o
LOAD ./zf_driver/zf_driver_spi.o
LOAD ./zf_driver/zf_driver_timer.o
LOAD ./zf_driver/zf_driver_uart.o
LOAD ./zf_driver/zf_driver_usb_cdc.o
LOAD ./zf_device/zf_device_absolute_encoder.o
LOAD ./zf_device/zf_device_bluetooth_ch9141.o
LOAD ./zf_device/zf_device_bluetooth_ch9141_ch2.o
LOAD ./zf_device/zf_device_camera.o
LOAD ./zf_device/zf_device_icm20602.o
LOAD ./zf_device/zf_device_ips114.o
LOAD ./zf_device/zf_device_ips200_parallel8.o
LOAD ./zf_device/zf_device_mpu6050.o
LOAD ./zf_device/zf_device_mt9v03x_dvp.o
LOAD ./zf_device/zf_device_oled.o
LOAD ./zf_device/zf_device_scc8660_dvp.o
LOAD ./zf_device/zf_device_tft180.o
LOAD ./zf_device/zf_device_type.o
LOAD ./zf_device/zf_device_virtual_oscilloscope.o
LOAD ./zf_device/zf_device_wireless_ch573.o
LOAD ./zf_device/zf_device_wireless_uart.o
LOAD ./zf_common/zf_common_clock.o
LOAD ./zf_common/zf_common_debug.o
LOAD ./zf_common/zf_common_fifo.o
LOAD ./zf_common/zf_common_font.o
LOAD ./zf_common/zf_common_function.o
LOAD ./zf_common/zf_common_interrupt.o
LOAD ./user_c/gif.o
LOAD ./user_c/isr.o
LOAD ./user_c/main.o
LOAD ./sdk/Startup/startup_ch32v30x.o
LOAD ./sdk/Startup/system_ch32v30x.o
LOAD ./sdk/Peripheral/ch32v30x_adc.o
LOAD ./sdk/Peripheral/ch32v30x_bkp.o
LOAD ./sdk/Peripheral/ch32v30x_can.o
LOAD ./sdk/Peripheral/ch32v30x_crc.o
LOAD ./sdk/Peripheral/ch32v30x_dac.o
LOAD ./sdk/Peripheral/ch32v30x_dbgmcu.o
LOAD ./sdk/Peripheral/ch32v30x_dma.o
LOAD ./sdk/Peripheral/ch32v30x_dvp.o
LOAD ./sdk/Peripheral/ch32v30x_eth.o
LOAD ./sdk/Peripheral/ch32v30x_exti.o
LOAD ./sdk/Peripheral/ch32v30x_flash.o
LOAD ./sdk/Peripheral/ch32v30x_fsmc.o
LOAD ./sdk/Peripheral/ch32v30x_gpio.o
LOAD ./sdk/Peripheral/ch32v30x_i2c.o
LOAD ./sdk/Peripheral/ch32v30x_iwdg.o
LOAD ./sdk/Peripheral/ch32v30x_misc.o
LOAD ./sdk/Peripheral/ch32v30x_opa.o
LOAD ./sdk/Peripheral/ch32v30x_pwr.o
LOAD ./sdk/Peripheral/ch32v30x_rcc.o
LOAD ./sdk/Peripheral/ch32v30x_rng.o
LOAD ./sdk/Peripheral/ch32v30x_rtc.o
LOAD ./sdk/Peripheral/ch32v30x_sdio.o
LOAD ./sdk/Peripheral/ch32v30x_spi.o
LOAD ./sdk/Peripheral/ch32v30x_tim.o
LOAD ./sdk/Peripheral/ch32v30x_usart.o
LOAD ./sdk/Peripheral/ch32v30x_usbotg_device.o
LOAD ./sdk/Peripheral/ch32v30x_wwdg.o
LOAD ./sdk/Core/core_riscv.o
LOAD c:/mounriver/mounriver_studio/toolchain/risc-v embedded gcc/bin/../lib/gcc/riscv-none-embed/8.2.0/../../../../riscv-none-embed/lib/rv32imafc/ilp32f\libm.a
LOAD c:/mounriver/mounriver_studio/toolchain/risc-v embedded gcc/bin/../lib/gcc/riscv-none-embed/8.2.0/rv32imafc/ilp32f\libgcc.a
LOAD c:/mounriver/mounriver_studio/toolchain/risc-v embedded gcc/bin/../lib/gcc/riscv-none-embed/8.2.0/../../../../riscv-none-embed/lib/rv32imafc/ilp32f\libg_nano.a
LOAD c:/mounriver/mounriver_studio/toolchain/risc-v embedded gcc/bin/../lib/gcc/riscv-none-embed/8.2.0/../../../../riscv-none-embed/lib/rv32imafc/ilp32f\libc_nano.a
LOAD c:/mounriver/mounriver_studio/toolchain/risc-v embedded gcc/bin/../lib/gcc/riscv-none-embed/8.2.0/rv32imafc/ilp32f\libgcc.a
START GROUP
LOAD c:/mounriver/mounriver_studio/toolchain/risc-v embedded gcc/bin/../lib/gcc/riscv-none-embed/8.2.0/rv32imafc/ilp32f\libgcc.a
LOAD c:/mounriver/mounriver_studio/toolchain/risc-v embedded gcc/bin/../lib/gcc/riscv-none-embed/8.2.0/../../../../riscv-none-embed/lib/rv32imafc/ilp32f\libc_nano.a
LOAD c:/mounriver/mounriver_studio/toolchain/risc-v embedded gcc/bin/../lib/gcc/riscv-none-embed/8.2.0/../../../../riscv-none-embed/lib/rv32imafc/ilp32f\libnosys.a
END GROUP
START GROUP
LOAD c:/mounriver/mounriver_studio/toolchain/risc-v embedded gcc/bin/../lib/gcc/riscv-none-embed/8.2.0/rv32imafc/ilp32f\libgcc.a
LOAD c:/mounriver/mounriver_studio/toolchain/risc-v embedded gcc/bin/../lib/gcc/riscv-none-embed/8.2.0/../../../../riscv-none-embed/lib/rv32imafc/ilp32f\libc_nano.a
LOAD c:/mounriver/mounriver_studio/toolchain/risc-v embedded gcc/bin/../lib/gcc/riscv-none-embed/8.2.0/../../../../riscv-none-embed/lib/rv32imafc/ilp32f\libnosys.a
END GROUP
                0x0000000000000800                __stack_size = 0x800
                [!provide]                        PROVIDE (_stack_size = __stack_size)

.init           0x0000000000000000       0x38
                0x0000000000000000                _sinit = .
                0x0000000000000000                . = ALIGN (0x4)
 *(SORT_NONE(.init))
 .init          0x0000000000000000       0x38 ./sdk/Startup/startup_ch32v30x.o
                0x0000000000000000                _start
                0x0000000000000038                . = ALIGN (0x4)
                0x0000000000000038                _einit = .

.vector         0x0000000000000038      0x1c8
 *(.vector)
 .vector        0x0000000000000038      0x1a0 ./sdk/Startup/startup_ch32v30x.o
                0x0000000000000200                . = ALIGN (0x40)
 *fill*         0x00000000000001d8       0x28 

.text           0x0000000000000200     0xecec
                0x0000000000000200                . = ALIGN (0x4)
 *(.text)
 .text          0x0000000000000200       0x14 ./zf_driver/zf_driver_irq.o
                0x0000000000000200                dis_interrupt
                0x0000000000000206                en_interrupt
 .text          0x0000000000000214       0xa8 c:/mounriver/mounriver_studio/toolchain/risc-v embedded gcc/bin/../lib/gcc/riscv-none-embed/8.2.0/../../../../riscv-none-embed/lib/rv32imafc/ilp32f\libg_nano.a(lib_a-memset.o)
                0x0000000000000214                memset
 *(.text.*)
 .text.system_delay
                0x00000000000002bc       0x5c ./zf_driver/zf_driver_delay.o
                0x00000000000002bc                system_delay
 .text.gpio_set_level
                0x0000000000000318       0x74 ./zf_driver/zf_driver_gpio.o
                0x0000000000000318                gpio_set_level
 .text.gpio_get_level
                0x000000000000038c       0x40 ./zf_driver/zf_driver_gpio.o
                0x000000000000038c                gpio_get_level
 .text.gpio_toggle_level
                0x00000000000003cc       0x66 ./zf_driver/zf_driver_gpio.o
                0x00000000000003cc                gpio_toggle_level
 .text.gpio_init
                0x0000000000000432      0x1a2 ./zf_driver/zf_driver_gpio.o
                0x0000000000000432                gpio_init
 .text.spi_gpio_init
                0x00000000000005d4      0x204 ./zf_driver/zf_driver_spi.o
                0x00000000000005d4                spi_gpio_init
 .text.spi_init
                0x00000000000007d8      0x278 ./zf_driver/zf_driver_spi.o
                0x00000000000007d8                spi_init
 .text.spi_write_8bit
                0x0000000000000a50       0x56 ./zf_driver/zf_driver_spi.o
                0x0000000000000a50                spi_write_8bit
 .text.uart_gpio_init
                0x0000000000000aa6      0x3fe ./zf_driver/zf_driver_uart.o
                0x0000000000000aa6                uart_gpio_init
 .text.uart_write_byte
                0x0000000000000ea4       0x56 ./zf_driver/zf_driver_uart.o
                0x0000000000000ea4                uart_write_byte
 .text.uart_write_string
                0x0000000000000efa       0x42 ./zf_driver/zf_driver_uart.o
                0x0000000000000efa                uart_write_string
 .text.uart_query_byte
                0x0000000000000f3c       0x5e ./zf_driver/zf_driver_uart.o
                0x0000000000000f3c                uart_query_byte
 .text.uart_init
                0x0000000000000f9a      0x2d0 ./zf_driver/zf_driver_uart.o
                0x0000000000000f9a                uart_init
 .text.bluetooth_ch9141_uart_callback_ch1
                0x000000000000126a       0x28 ./zf_device/zf_device_bluetooth_ch9141.o
                0x000000000000126a                bluetooth_ch9141_uart_callback_ch1
 .text.bluetooth_ch9141_uart_callback_ch2
                0x0000000000001292       0x28 ./zf_device/zf_device_bluetooth_ch9141_ch2.o
                0x0000000000001292                bluetooth_ch9141_uart_callback_ch2
 .text.camera_uart_handler
                0x00000000000012ba       0x38 ./zf_device/zf_device_camera.o
                0x00000000000012ba                camera_uart_handler
 .text.camera_dvp_handler
                0x00000000000012f2       0x2e ./zf_device/zf_device_camera.o
                0x00000000000012f2                camera_dvp_handler
 .text.mt9v03x_uart_callback_dvp
                0x0000000000001320       0x64 ./zf_device/zf_device_mt9v03x_dvp.o
                0x0000000000001320                mt9v03x_uart_callback_dvp
 .text.mt9v03x_handler_dvp
                0x0000000000001384       0x14 ./zf_device/zf_device_mt9v03x_dvp.o
                0x0000000000001384                mt9v03x_handler_dvp
 .text.oled_write_data
                0x0000000000001398       0x4e ./zf_device/zf_device_oled.o
 .text.oled_write_command
                0x00000000000013e6       0x4e ./zf_device/zf_device_oled.o
 .text.oled_set_coordinate
                0x0000000000001434       0x96 ./zf_device/zf_device_oled.o
 .text.oled_debug_init
                0x00000000000014ca       0x7e ./zf_device/zf_device_oled.o
 .text.oled_clear
                0x0000000000001548       0x60 ./zf_device/zf_device_oled.o
                0x0000000000001548                oled_clear
 .text.oled_set_dir
                0x00000000000015a8       0x1a ./zf_device/zf_device_oled.o
                0x00000000000015a8                oled_set_dir
 .text.oled_show_string
                0x00000000000015c2      0x20c ./zf_device/zf_device_oled.o
                0x00000000000015c2                oled_show_string
 .text.oled_show_binary_image
                0x00000000000017ce      0x3cc ./zf_device/zf_device_oled.o
                0x00000000000017ce                oled_show_binary_image
 .text.oled_init
                0x0000000000001b9a      0x1b6 ./zf_device/zf_device_oled.o
                0x0000000000001b9a                oled_init
 .text.scc8660_uart_callback_dvp
                0x0000000000001d50       0x66 ./zf_device/zf_device_scc8660_dvp.o
                0x0000000000001d50                scc8660_uart_callback_dvp
 .text.scc8660_vsync_dvp
                0x0000000000001db6       0x14 ./zf_device/zf_device_scc8660_dvp.o
                0x0000000000001db6                scc8660_vsync_dvp
 .text.wireless_ch573_callback
                0x0000000000001dca       0x2a ./zf_device/zf_device_wireless_ch573.o
                0x0000000000001dca                wireless_ch573_callback
 .text.wireless_uart_callback
                0x0000000000001df4       0x2a ./zf_device/zf_device_wireless_uart.o
                0x0000000000001df4                wireless_uart_callback
 .text.clock_init
                0x0000000000001e1e       0x2a ./zf_common/zf_common_clock.o
                0x0000000000001e1e                clock_init
 .text.clock_reset
                0x0000000000001e48       0x76 ./zf_common/zf_common_clock.o
 .text.clock_set_freq
                0x0000000000001ebe      0x260 ./zf_common/zf_common_clock.o
 .text.__NOP    0x000000000000211e       0x10 ./zf_common/zf_common_debug.o
 .text.debug_delay
                0x000000000000212e       0x52 ./zf_common/zf_common_debug.o
 .text.debug_uart_str_output
                0x0000000000002180       0x20 ./zf_common/zf_common_debug.o
 .text.debug_output
                0x00000000000021a0      0x352 ./zf_common/zf_common_debug.o
 .text._write   0x00000000000024f2       0x7c ./zf_common/zf_common_debug.o
                0x00000000000024f2                _write
 .text.debug_assert_handler
                0x000000000000256e       0x5e ./zf_common/zf_common_debug.o
                0x000000000000256e                debug_assert_handler
 .text.debug_output_struct_init
                0x00000000000025cc       0x5a ./zf_common/zf_common_debug.o
                0x00000000000025cc                debug_output_struct_init
 .text.debug_output_init
                0x0000000000002626       0x88 ./zf_common/zf_common_debug.o
                0x0000000000002626                debug_output_init
 .text.debug_init
                0x00000000000026ae       0x42 ./zf_common/zf_common_debug.o
                0x00000000000026ae                debug_init
 .text.fifo_head_offset
                0x00000000000026f0       0x4e ./zf_common/zf_common_fifo.o
                0x00000000000026f0                fifo_head_offset
 .text.fifo_write_buffer
                0x000000000000273e      0x100 ./zf_common/zf_common_fifo.o
                0x000000000000273e                fifo_write_buffer
 .text.interrupt_init
                0x000000000000283e        0xe ./zf_common/zf_common_interrupt.o
                0x000000000000283e                interrupt_init
 .text.interrupt_global_enable
                0x000000000000284c       0x2e ./zf_common/zf_common_interrupt.o
                0x000000000000284c                interrupt_global_enable
 .text.interrupt_global_disable
                0x000000000000287a       0x28 ./zf_common/zf_common_interrupt.o
                0x000000000000287a                interrupt_global_disable
 .text.gif      0x00000000000028a2      0x23a ./user_c/gif.o
                0x00000000000028a2                gif
 .text.USART1_IRQHandler
                0x0000000000002adc       0x84 ./user_c/isr.o
                0x0000000000002adc                USART1_IRQHandler
 .text.USART2_IRQHandler
                0x0000000000002b60       0xb2 ./user_c/isr.o
                0x0000000000002b60                USART2_IRQHandler
 .text.USART3_IRQHandler
                0x0000000000002c12       0x84 ./user_c/isr.o
                0x0000000000002c12                USART3_IRQHandler
 .text.UART4_IRQHandler
                0x0000000000002c96       0x84 ./user_c/isr.o
                0x0000000000002c96                UART4_IRQHandler
 .text.UART5_IRQHandler
                0x0000000000002d1a       0x80 ./user_c/isr.o
                0x0000000000002d1a                UART5_IRQHandler
 .text.UART6_IRQHandler
                0x0000000000002d9a       0x84 ./user_c/isr.o
                0x0000000000002d9a                UART6_IRQHandler
 .text.UART7_IRQHandler
                0x0000000000002e1e       0x9c ./user_c/isr.o
                0x0000000000002e1e                UART7_IRQHandler
 .text.UART8_IRQHandler
                0x0000000000002eba       0x7c ./user_c/isr.o
                0x0000000000002eba                UART8_IRQHandler
 .text.DVP_IRQHandler
                0x0000000000002f36       0x8e ./user_c/isr.o
                0x0000000000002f36                DVP_IRQHandler
 .text.EXTI0_IRQHandler
                0x0000000000002fc4       0x74 ./user_c/isr.o
                0x0000000000002fc4                EXTI0_IRQHandler
 .text.EXTI1_IRQHandler
                0x0000000000003038       0x74 ./user_c/isr.o
                0x0000000000003038                EXTI1_IRQHandler
 .text.EXTI2_IRQHandler
                0x00000000000030ac       0x74 ./user_c/isr.o
                0x00000000000030ac                EXTI2_IRQHandler
 .text.EXTI3_IRQHandler
                0x0000000000003120       0x74 ./user_c/isr.o
                0x0000000000003120                EXTI3_IRQHandler
 .text.EXTI4_IRQHandler
                0x0000000000003194       0x74 ./user_c/isr.o
                0x0000000000003194                EXTI4_IRQHandler
 .text.EXTI9_5_IRQHandler
                0x0000000000003208       0xd8 ./user_c/isr.o
                0x0000000000003208                EXTI9_5_IRQHandler
 .text.EXTI15_10_IRQHandler
                0x00000000000032e0       0xe4 ./user_c/isr.o
                0x00000000000032e0                EXTI15_10_IRQHandler
 .text.TIM1_UP_IRQHandler
                0x00000000000033c4       0x80 ./user_c/isr.o
                0x00000000000033c4                TIM1_UP_IRQHandler
 .text.TIM2_IRQHandler
                0x0000000000003444       0x80 ./user_c/isr.o
                0x0000000000003444                TIM2_IRQHandler
 .text.TIM3_IRQHandler
                0x00000000000034c4       0x80 ./user_c/isr.o
                0x00000000000034c4                TIM3_IRQHandler
 .text.TIM4_IRQHandler
                0x0000000000003544       0x80 ./user_c/isr.o
                0x0000000000003544                TIM4_IRQHandler
 .text.TIM5_IRQHandler
                0x00000000000035c4       0x80 ./user_c/isr.o
                0x00000000000035c4                TIM5_IRQHandler
 .text.TIM6_IRQHandler
                0x0000000000003644       0x78 ./user_c/isr.o
                0x0000000000003644                TIM6_IRQHandler
 .text.TIM7_IRQHandler
                0x00000000000036bc       0x80 ./user_c/isr.o
                0x00000000000036bc                TIM7_IRQHandler
 .text.TIM8_UP_IRQHandler
                0x000000000000373c       0x80 ./user_c/isr.o
                0x000000000000373c                TIM8_UP_IRQHandler
 .text.TIM9_UP_IRQHandler
                0x00000000000037bc       0x80 ./user_c/isr.o
                0x00000000000037bc                TIM9_UP_IRQHandler
 .text.TIM10_UP_IRQHandler
                0x000000000000383c       0x78 ./user_c/isr.o
                0x000000000000383c                TIM10_UP_IRQHandler
 .text.NMI_Handler
                0x00000000000038b4       0x10 ./user_c/isr.o
                0x00000000000038b4                NMI_Handler
 .text.HardFault_Handler
                0x00000000000038c4        0x8 ./user_c/isr.o
                0x00000000000038c4                HardFault_Handler
 .text.key      0x00000000000038cc      0x206 ./user_c/main.o
                0x00000000000038cc                key
 .text.drawmap  0x0000000000003ad2       0x62 ./user_c/main.o
                0x0000000000003ad2                drawmap
 .text.Move     0x0000000000003b34       0xba ./user_c/main.o
                0x0000000000003b34                Move
 .text.main     0x0000000000003bee      0xbb6 ./user_c/main.o
                0x0000000000003bee                main
 .text.vector_handler
                0x00000000000047a4       0xbe ./sdk/Startup/startup_ch32v30x.o
                0x00000000000047a8                Ecall_M_Mode_Handler
                0x00000000000047aa                Ecall_U_Mode_Handler
                0x00000000000047ac                Break_Point_Handler
                0x00000000000047ae                SysTick_Handler
                0x00000000000047b0                SW_Handler
                0x00000000000047b2                WWDG_IRQHandler
                0x00000000000047b4                PVD_IRQHandler
                0x00000000000047b6                TAMPER_IRQHandler
                0x00000000000047b8                RTC_IRQHandler
                0x00000000000047ba                FLASH_IRQHandler
                0x00000000000047bc                RCC_IRQHandler
                0x00000000000047c8                DMA1_Channel1_IRQHandler
                0x00000000000047ca                DMA1_Channel2_IRQHandler
                0x00000000000047cc                DMA1_Channel3_IRQHandler
                0x00000000000047ce                DMA1_Channel4_IRQHandler
                0x00000000000047d0                DMA1_Channel5_IRQHandler
                0x00000000000047d2                DMA1_Channel6_IRQHandler
                0x00000000000047d4                DMA1_Channel7_IRQHandler
                0x00000000000047d6                ADC1_2_IRQHandler
                0x00000000000047d8                USB_HP_CAN1_TX_IRQHandler
                0x00000000000047da                USB_LP_CAN1_RX0_IRQHandler
                0x00000000000047dc                CAN1_RX1_IRQHandler
                0x00000000000047de                CAN1_SCE_IRQHandler
                0x00000000000047e2                TIM1_BRK_IRQHandler
                0x00000000000047e6                TIM1_TRG_COM_IRQHandler
                0x00000000000047e8                TIM1_CC_IRQHandler
                0x00000000000047f0                I2C1_EV_IRQHandler
                0x00000000000047f2                I2C1_ER_IRQHandler
                0x00000000000047f4                I2C2_EV_IRQHandler
                0x00000000000047f6                I2C2_ER_IRQHandler
                0x00000000000047f8                SPI1_IRQHandler
                0x00000000000047fa                SPI2_IRQHandler
                0x0000000000004804                RTCAlarm_IRQHandler
                0x0000000000004806                USBWakeUp_IRQHandler
                0x0000000000004808                TIM8_BRK_IRQHandler
                0x000000000000480c                TIM8_TRG_COM_IRQHandler
                0x000000000000480e                TIM8_CC_IRQHandler
                0x0000000000004810                RNG_IRQHandler
                0x0000000000004812                FSMC_IRQHandler
                0x0000000000004814                SDIO_IRQHandler
                0x0000000000004818                SPI3_IRQHandler
                0x0000000000004822                DMA2_Channel1_IRQHandler
                0x0000000000004824                DMA2_Channel2_IRQHandler
                0x0000000000004826                DMA2_Channel3_IRQHandler
                0x0000000000004828                DMA2_Channel4_IRQHandler
                0x000000000000482a                DMA2_Channel5_IRQHandler
                0x000000000000482c                ETH_IRQHandler
                0x000000000000482e                ETH_WKUP_IRQHandler
                0x0000000000004830                CAN2_TX_IRQHandler
                0x0000000000004832                CAN2_RX0_IRQHandler
                0x0000000000004834                CAN2_RX1_IRQHandler
                0x0000000000004836                CAN2_SCE_IRQHandler
                0x000000000000483a                USBHSWakeup_IRQHandler
                0x000000000000483c                USBHS_IRQHandler
                0x0000000000004846                TIM9_BRK_IRQHandler
                0x000000000000484a                TIM9_TRG_COM_IRQHandler
                0x000000000000484c                TIM9_CC_IRQHandler
                0x000000000000484e                TIM10_BRK_IRQHandler
                0x0000000000004852                TIM10_TRG_COM_IRQHandler
                0x0000000000004854                TIM10_CC_IRQHandler
                0x0000000000004856                DMA2_Channel6_IRQHandler
                0x0000000000004858                DMA2_Channel7_IRQHandler
                0x000000000000485a                DMA2_Channel8_IRQHandler
                0x000000000000485c                DMA2_Channel9_IRQHandler
                0x000000000000485e                DMA2_Channel10_IRQHandler
                0x0000000000004860                DMA2_Channel11_IRQHandler
 .text.handle_reset
                0x0000000000004862       0x9e ./sdk/Startup/startup_ch32v30x.o
                0x0000000000004862                handle_reset
 .text.EXTI_GetITStatus
                0x0000000000004900       0x56 ./sdk/Peripheral/ch32v30x_exti.o
                0x0000000000004900                EXTI_GetITStatus
 .text.EXTI_ClearITPendingBit
                0x0000000000004956       0x20 ./sdk/Peripheral/ch32v30x_exti.o
                0x0000000000004956                EXTI_ClearITPendingBit
 .text.GPIO_Init
                0x0000000000004976      0x22a ./sdk/Peripheral/ch32v30x_gpio.o
                0x0000000000004976                GPIO_Init
 .text.GPIO_WriteBit
                0x0000000000004ba0       0x38 ./sdk/Peripheral/ch32v30x_gpio.o
                0x0000000000004ba0                GPIO_WriteBit
 .text.GPIO_PinRemapConfig
                0x0000000000004bd8      0x13c ./sdk/Peripheral/ch32v30x_gpio.o
                0x0000000000004bd8                GPIO_PinRemapConfig
 .text.RCC_GetClocksFreq
                0x0000000000004d14      0x2c6 ./sdk/Peripheral/ch32v30x_rcc.o
                0x0000000000004d14                RCC_GetClocksFreq
 .text.RCC_APB2PeriphClockCmd
                0x0000000000004fda       0x46 ./sdk/Peripheral/ch32v30x_rcc.o
                0x0000000000004fda                RCC_APB2PeriphClockCmd
 .text.RCC_APB1PeriphClockCmd
                0x0000000000005020       0x46 ./sdk/Peripheral/ch32v30x_rcc.o
                0x0000000000005020                RCC_APB1PeriphClockCmd
 .text.RCC_APB2PeriphResetCmd
                0x0000000000005066       0x46 ./sdk/Peripheral/ch32v30x_rcc.o
                0x0000000000005066                RCC_APB2PeriphResetCmd
 .text.RCC_APB1PeriphResetCmd
                0x00000000000050ac       0x46 ./sdk/Peripheral/ch32v30x_rcc.o
                0x00000000000050ac                RCC_APB1PeriphResetCmd
 .text.SPI_I2S_DeInit
                0x00000000000050f2       0x76 ./sdk/Peripheral/ch32v30x_spi.o
                0x00000000000050f2                SPI_I2S_DeInit
 .text.SPI_Init
                0x0000000000005168       0xf8 ./sdk/Peripheral/ch32v30x_spi.o
                0x0000000000005168                SPI_Init
 .text.SPI_Cmd  0x0000000000005260       0x5a ./sdk/Peripheral/ch32v30x_spi.o
                0x0000000000005260                SPI_Cmd
 .text.TIM_GetITStatus
                0x00000000000052ba       0x70 ./sdk/Peripheral/ch32v30x_tim.o
                0x00000000000052ba                TIM_GetITStatus
 .text.TIM_ClearITPendingBit
                0x000000000000532a       0x2e ./sdk/Peripheral/ch32v30x_tim.o
                0x000000000000532a                TIM_ClearITPendingBit
 .text.USART_Init
                0x0000000000005358      0x234 ./sdk/Peripheral/ch32v30x_usart.o
                0x0000000000005358                USART_Init
 .text.USART_Cmd
                0x000000000000558c       0x60 ./sdk/Peripheral/ch32v30x_usart.o
                0x000000000000558c                USART_Cmd
 .text.USART_SendData
                0x00000000000055ec       0x2e ./sdk/Peripheral/ch32v30x_usart.o
                0x00000000000055ec                USART_SendData
 .text.USART_GetFlagStatus
                0x000000000000561a       0x46 ./sdk/Peripheral/ch32v30x_usart.o
                0x000000000000561a                USART_GetFlagStatus
 .text.USART_GetITStatus
                0x0000000000005660      0x102 ./sdk/Peripheral/ch32v30x_usart.o
                0x0000000000005660                USART_GetITStatus
 .text.USART_ClearITPendingBit
                0x0000000000005762       0x4e ./sdk/Peripheral/ch32v30x_usart.o
                0x0000000000005762                USART_ClearITPendingBit
 .text.DevEP1_IN_Deal
                0x00000000000057b0       0x3e ./sdk/Peripheral/ch32v30x_usbotg_device.o
                0x00000000000057b0                DevEP1_IN_Deal
 .text.DevEP2_IN_Deal
                0x00000000000057ee       0x3e ./sdk/Peripheral/ch32v30x_usbotg_device.o
                0x00000000000057ee                DevEP2_IN_Deal
 .text.DevEP1_OUT_Deal
                0x000000000000582c       0x66 ./sdk/Peripheral/ch32v30x_usbotg_device.o
                0x000000000000582c                DevEP1_OUT_Deal
 .text.DevEP2_OUT_Deal
                0x0000000000005892       0x66 ./sdk/Peripheral/ch32v30x_usbotg_device.o
                0x0000000000005892                DevEP2_OUT_Deal
 .text.OTG_FS_IRQHandler
                0x00000000000058f8      0xcc4 ./sdk/Peripheral/ch32v30x_usbotg_device.o
                0x00000000000058f8                OTG_FS_IRQHandler
 .text.__adddf3
                0x00000000000065bc      0xa0e c:/mounriver/mounriver_studio/toolchain/risc-v embedded gcc/bin/../lib/gcc/riscv-none-embed/8.2.0/rv32imafc/ilp32f\libgcc.a(adddf3.o)
                0x00000000000065bc                __adddf3
 .text.__divdf3
                0x0000000000006fca      0x7ea c:/mounriver/mounriver_studio/toolchain/risc-v embedded gcc/bin/../lib/gcc/riscv-none-embed/8.2.0/rv32imafc/ilp32f\libgcc.a(divdf3.o)
                0x0000000000006fca                __divdf3
 .text.__eqdf2  0x00000000000077b4       0x98 c:/mounriver/mounriver_studio/toolchain/risc-v embedded gcc/bin/../lib/gcc/riscv-none-embed/8.2.0/rv32imafc/ilp32f\libgcc.a(eqdf2.o)
                0x00000000000077b4                __nedf2
                0x00000000000077b4                __eqdf2
 .text.__ledf2  0x000000000000784c       0xb6 c:/mounriver/mounriver_studio/toolchain/risc-v embedded gcc/bin/../lib/gcc/riscv-none-embed/8.2.0/rv32imafc/ilp32f\libgcc.a(ledf2.o)
                0x000000000000784c                __ledf2
                0x000000000000784c                __ltdf2
 .text.__muldf3
                0x0000000000007902      0x656 c:/mounriver/mounriver_studio/toolchain/risc-v embedded gcc/bin/../lib/gcc/riscv-none-embed/8.2.0/rv32imafc/ilp32f\libgcc.a(muldf3.o)
                0x0000000000007902                __muldf3
 .text.__subdf3
                0x0000000000007f58      0xa8a c:/mounriver/mounriver_studio/toolchain/risc-v embedded gcc/bin/../lib/gcc/riscv-none-embed/8.2.0/rv32imafc/ilp32f\libgcc.a(subdf3.o)
                0x0000000000007f58                __subdf3
 .text.__fixdfsi
                0x00000000000089e2       0xd8 c:/mounriver/mounriver_studio/toolchain/risc-v embedded gcc/bin/../lib/gcc/riscv-none-embed/8.2.0/rv32imafc/ilp32f\libgcc.a(fixdfsi.o)
                0x00000000000089e2                __fixdfsi
 .text.__floatsidf
                0x0000000000008aba       0x70 c:/mounriver/mounriver_studio/toolchain/risc-v embedded gcc/bin/../lib/gcc/riscv-none-embed/8.2.0/rv32imafc/ilp32f\libgcc.a(floatsidf.o)
                0x0000000000008aba                __floatsidf
 .text.__clzsi2
                0x0000000000008b2a       0x76 c:/mounriver/mounriver_studio/toolchain/risc-v embedded gcc/bin/../lib/gcc/riscv-none-embed/8.2.0/rv32imafc/ilp32f\libgcc.a(_clzsi2.o)
                0x0000000000008b2a                __clzsi2
 .text.memcpy   0x0000000000008ba0       0xb6 c:/mounriver/mounriver_studio/toolchain/risc-v embedded gcc/bin/../lib/gcc/riscv-none-embed/8.2.0/../../../../riscv-none-embed/lib/rv32imafc/ilp32f\libg_nano.a(lib_a-memcpy.o)
                0x0000000000008ba0                memcpy
 .text.__cvt    0x0000000000008c56       0xee c:/mounriver/mounriver_studio/toolchain/risc-v embedded gcc/bin/../lib/gcc/riscv-none-embed/8.2.0/../../../../riscv-none-embed/lib/rv32imafc/ilp32f\libg_nano.a(lib_a-nano-vfprintf_float.o)
                0x0000000000008c56                __cvt
 .text.__exponent
                0x0000000000008d44       0x8c c:/mounriver/mounriver_studio/toolchain/risc-v embedded gcc/bin/../lib/gcc/riscv-none-embed/8.2.0/../../../../riscv-none-embed/lib/rv32imafc/ilp32f\libg_nano.a(lib_a-nano-vfprintf_float.o)
                0x0000000000008d44                __exponent
 .text._printf_float
                0x0000000000008dd0      0x4c4 c:/mounriver/mounriver_studio/toolchain/risc-v embedded gcc/bin/../lib/gcc/riscv-none-embed/8.2.0/../../../../riscv-none-embed/lib/rv32imafc/ilp32f\libg_nano.a(lib_a-nano-vfprintf_float.o)
                0x0000000000008dd0                _printf_float
 .text._printf_common
                0x0000000000009294      0x10c c:/mounriver/mounriver_studio/toolchain/risc-v embedded gcc/bin/../lib/gcc/riscv-none-embed/8.2.0/../../../../riscv-none-embed/lib/rv32imafc/ilp32f\libg_nano.a(lib_a-nano-vfprintf_i.o)
                0x0000000000009294                _printf_common
 .text._printf_i
                0x00000000000093a0      0x2ac c:/mounriver/mounriver_studio/toolchain/risc-v embedded gcc/bin/../lib/gcc/riscv-none-embed/8.2.0/../../../../riscv-none-embed/lib/rv32imafc/ilp32f\libg_nano.a(lib_a-nano-vfprintf_i.o)
                0x00000000000093a0                _printf_i
 .text.printf   0x000000000000964c       0x42 c:/mounriver/mounriver_studio/toolchain/risc-v embedded gcc/bin/../lib/gcc/riscv-none-embed/8.2.0/../../../../riscv-none-embed/lib/rv32imafc/ilp32f\libg_nano.a(lib_a-printf.o)
                0x000000000000964c                iprintf
                0x000000000000964c                printf
 .text.sprintf  0x000000000000968e       0x46 c:/mounriver/mounriver_studio/toolchain/risc-v embedded gcc/bin/../lib/gcc/riscv-none-embed/8.2.0/../../../../riscv-none-embed/lib/rv32imafc/ilp32f\libg_nano.a(lib_a-sprintf.o)
                0x000000000000968e                siprintf
                0x000000000000968e                sprintf
 .text.strlen   0x00000000000096d4       0x12 c:/mounriver/mounriver_studio/toolchain/risc-v embedded gcc/bin/../lib/gcc/riscv-none-embed/8.2.0/../../../../riscv-none-embed/lib/rv32imafc/ilp32f\libg_nano.a(lib_a-strlen.o)
                0x00000000000096d4                strlen
 .text.__swbuf_r
                0x00000000000096e6       0xc6 c:/mounriver/mounriver_studio/toolchain/risc-v embedded gcc/bin/../lib/gcc/riscv-none-embed/8.2.0/../../../../riscv-none-embed/lib/rv32imafc/ilp32f\libg_nano.a(lib_a-wbuf.o)
                0x00000000000096e6                __swbuf_r
 .text.__swsetup_r
                0x00000000000097ac      0x112 c:/mounriver/mounriver_studio/toolchain/risc-v embedded gcc/bin/../lib/gcc/riscv-none-embed/8.2.0/../../../../riscv-none-embed/lib/rv32imafc/ilp32f\libg_nano.a(lib_a-wsetup.o)
                0x00000000000097ac                __swsetup_r
 .text.quorem   0x00000000000098be      0x13a c:/mounriver/mounriver_studio/toolchain/risc-v embedded gcc/bin/../lib/gcc/riscv-none-embed/8.2.0/../../../../riscv-none-embed/lib/rv32imafc/ilp32f\libg_nano.a(lib_a-dtoa.o)
 .text._dtoa_r  0x00000000000099f8      0xc02 c:/mounriver/mounriver_studio/toolchain/risc-v embedded gcc/bin/../lib/gcc/riscv-none-embed/8.2.0/../../../../riscv-none-embed/lib/rv32imafc/ilp32f\libg_nano.a(lib_a-dtoa.o)
                0x00000000000099f8                _dtoa_r
 .text.__sflush_r
                0x000000000000a5fa      0x13e c:/mounriver/mounriver_studio/toolchain/risc-v embedded gcc/bin/../lib/gcc/riscv-none-embed/8.2.0/../../../../riscv-none-embed/lib/rv32imafc/ilp32f\libg_nano.a(lib_a-fflush.o)
                0x000000000000a5fa                __sflush_r
 .text._fflush_r
                0x000000000000a738       0x66 c:/mounriver/mounriver_studio/toolchain/risc-v embedded gcc/bin/../lib/gcc/riscv-none-embed/8.2.0/../../../../riscv-none-embed/lib/rv32imafc/ilp32f\libg_nano.a(lib_a-fflush.o)
                0x000000000000a738                _fflush_r
 .text.std      0x000000000000a79e       0x6a c:/mounriver/mounriver_studio/toolchain/risc-v embedded gcc/bin/../lib/gcc/riscv-none-embed/8.2.0/../../../../riscv-none-embed/lib/rv32imafc/ilp32f\libg_nano.a(lib_a-findfp.o)
 .text._cleanup_r
                0x000000000000a808        0xa c:/mounriver/mounriver_studio/toolchain/risc-v embedded gcc/bin/../lib/gcc/riscv-none-embed/8.2.0/../../../../riscv-none-embed/lib/rv32imafc/ilp32f\libg_nano.a(lib_a-findfp.o)
                0x000000000000a808                _cleanup_r
 .text.__sfmoreglue
                0x000000000000a812       0x48 c:/mounriver/mounriver_studio/toolchain/risc-v embedded gcc/bin/../lib/gcc/riscv-none-embed/8.2.0/../../../../riscv-none-embed/lib/rv32imafc/ilp32f\libg_nano.a(lib_a-findfp.o)
                0x000000000000a812                __sfmoreglue
 .text.__sinit  0x000000000000a85a       0x6c c:/mounriver/mounriver_studio/toolchain/risc-v embedded gcc/bin/../lib/gcc/riscv-none-embed/8.2.0/../../../../riscv-none-embed/lib/rv32imafc/ilp32f\libg_nano.a(lib_a-findfp.o)
                0x000000000000a85a                __sinit
 .text.__sfp    0x000000000000a8c6       0xa0 c:/mounriver/mounriver_studio/toolchain/risc-v embedded gcc/bin/../lib/gcc/riscv-none-embed/8.2.0/../../../../riscv-none-embed/lib/rv32imafc/ilp32f\libg_nano.a(lib_a-findfp.o)
                0x000000000000a8c6                __sfp
 .text._fwalk_reent
                0x000000000000a966       0x6c c:/mounriver/mounriver_studio/toolchain/risc-v embedded gcc/bin/../lib/gcc/riscv-none-embed/8.2.0/../../../../riscv-none-embed/lib/rv32imafc/ilp32f\libg_nano.a(lib_a-fwalk.o)
                0x000000000000a966                _fwalk_reent
 .text._localeconv_r
                0x000000000000a9d2       0x18 c:/mounriver/mounriver_studio/toolchain/risc-v embedded gcc/bin/../lib/gcc/riscv-none-embed/8.2.0/../../../../riscv-none-embed/lib/rv32imafc/ilp32f\libg_nano.a(lib_a-localeconv.o)
                0x000000000000a9d2                _localeconv_r
 .text.__swhatbuf_r
                0x000000000000a9ea       0x5a c:/mounriver/mounriver_studio/toolchain/risc-v embedded gcc/bin/../lib/gcc/riscv-none-embed/8.2.0/../../../../riscv-none-embed/lib/rv32imafc/ilp32f\libg_nano.a(lib_a-makebuf.o)
                0x000000000000a9ea                __swhatbuf_r
 .text.__smakebuf_r
                0x000000000000aa44       0xa2 c:/mounriver/mounriver_studio/toolchain/risc-v embedded gcc/bin/../lib/gcc/riscv-none-embed/8.2.0/../../../../riscv-none-embed/lib/rv32imafc/ilp32f\libg_nano.a(lib_a-makebuf.o)
                0x000000000000aa44                __smakebuf_r
 .text.malloc   0x000000000000aae6        0xc c:/mounriver/mounriver_studio/toolchain/risc-v embedded gcc/bin/../lib/gcc/riscv-none-embed/8.2.0/../../../../riscv-none-embed/lib/rv32imafc/ilp32f\libg_nano.a(lib_a-malloc.o)
                0x000000000000aae6                malloc
 .text.memchr   0x000000000000aaf2       0x1a c:/mounriver/mounriver_studio/toolchain/risc-v embedded gcc/bin/../lib/gcc/riscv-none-embed/8.2.0/../../../../riscv-none-embed/lib/rv32imafc/ilp32f\libg_nano.a(lib_a-memchr.o)
                0x000000000000aaf2                memchr
 .text._Balloc  0x000000000000ab0c       0x88 c:/mounriver/mounriver_studio/toolchain/risc-v embedded gcc/bin/../lib/gcc/riscv-none-embed/8.2.0/../../../../riscv-none-embed/lib/rv32imafc/ilp32f\libg_nano.a(lib_a-mprec.o)
                0x000000000000ab0c                _Balloc
 .text._Bfree   0x000000000000ab94       0x44 c:/mounriver/mounriver_studio/toolchain/risc-v embedded gcc/bin/../lib/gcc/riscv-none-embed/8.2.0/../../../../riscv-none-embed/lib/rv32imafc/ilp32f\libg_nano.a(lib_a-mprec.o)
                0x000000000000ab94                _Bfree
 .text.__multadd
                0x000000000000abd8       0x98 c:/mounriver/mounriver_studio/toolchain/risc-v embedded gcc/bin/../lib/gcc/riscv-none-embed/8.2.0/../../../../riscv-none-embed/lib/rv32imafc/ilp32f\libg_nano.a(lib_a-mprec.o)
                0x000000000000abd8                __multadd
 .text.__hi0bits
                0x000000000000ac70       0x46 c:/mounriver/mounriver_studio/toolchain/risc-v embedded gcc/bin/../lib/gcc/riscv-none-embed/8.2.0/../../../../riscv-none-embed/lib/rv32imafc/ilp32f\libg_nano.a(lib_a-mprec.o)
                0x000000000000ac70                __hi0bits
 .text.__lo0bits
                0x000000000000acb6       0x6a c:/mounriver/mounriver_studio/toolchain/risc-v embedded gcc/bin/../lib/gcc/riscv-none-embed/8.2.0/../../../../riscv-none-embed/lib/rv32imafc/ilp32f\libg_nano.a(lib_a-mprec.o)
                0x000000000000acb6                __lo0bits
 .text.__i2b    0x000000000000ad20       0x1c c:/mounriver/mounriver_studio/toolchain/risc-v embedded gcc/bin/../lib/gcc/riscv-none-embed/8.2.0/../../../../riscv-none-embed/lib/rv32imafc/ilp32f\libg_nano.a(lib_a-mprec.o)
                0x000000000000ad20                __i2b
 .text.__multiply
                0x000000000000ad3c      0x144 c:/mounriver/mounriver_studio/toolchain/risc-v embedded gcc/bin/../lib/gcc/riscv-none-embed/8.2.0/../../../../riscv-none-embed/lib/rv32imafc/ilp32f\libg_nano.a(lib_a-mprec.o)
                0x000000000000ad3c                __multiply
 .text.__pow5mult
                0x000000000000ae80       0xbe c:/mounriver/mounriver_studio/toolchain/risc-v embedded gcc/bin/../lib/gcc/riscv-none-embed/8.2.0/../../../../riscv-none-embed/lib/rv32imafc/ilp32f\libg_nano.a(lib_a-mprec.o)
                0x000000000000ae80                __pow5mult
 .text.__lshift
                0x000000000000af3e       0xce c:/mounriver/mounriver_studio/toolchain/risc-v embedded gcc/bin/../lib/gcc/riscv-none-embed/8.2.0/../../../../riscv-none-embed/lib/rv32imafc/ilp32f\libg_nano.a(lib_a-mprec.o)
                0x000000000000af3e                __lshift
 .text.__mcmp   0x000000000000b00c       0x32 c:/mounriver/mounriver_studio/toolchain/risc-v embedded gcc/bin/../lib/gcc/riscv-none-embed/8.2.0/../../../../riscv-none-embed/lib/rv32imafc/ilp32f\libg_nano.a(lib_a-mprec.o)
                0x000000000000b00c                __mcmp
 .text.__mdiff  0x000000000000b03e       0xf2 c:/mounriver/mounriver_studio/toolchain/risc-v embedded gcc/bin/../lib/gcc/riscv-none-embed/8.2.0/../../../../riscv-none-embed/lib/rv32imafc/ilp32f\libg_nano.a(lib_a-mprec.o)
                0x000000000000b03e                __mdiff
 .text.__d2b    0x000000000000b130       0xd4 c:/mounriver/mounriver_studio/toolchain/risc-v embedded gcc/bin/../lib/gcc/riscv-none-embed/8.2.0/../../../../riscv-none-embed/lib/rv32imafc/ilp32f\libg_nano.a(lib_a-mprec.o)
                0x000000000000b130                __d2b
 .text._calloc_r
                0x000000000000b204       0x26 c:/mounriver/mounriver_studio/toolchain/risc-v embedded gcc/bin/../lib/gcc/riscv-none-embed/8.2.0/../../../../riscv-none-embed/lib/rv32imafc/ilp32f\libg_nano.a(lib_a-nano-callocr.o)
                0x000000000000b204                _calloc_r
 .text._free_r  0x000000000000b22a       0xa8 c:/mounriver/mounriver_studio/toolchain/risc-v embedded gcc/bin/../lib/gcc/riscv-none-embed/8.2.0/../../../../riscv-none-embed/lib/rv32imafc/ilp32f\libg_nano.a(lib_a-nano-freer.o)
                0x000000000000b22a                _free_r
 .text._malloc_r
                0x000000000000b2d2       0xd4 c:/mounriver/mounriver_studio/toolchain/risc-v embedded gcc/bin/../lib/gcc/riscv-none-embed/8.2.0/../../../../riscv-none-embed/lib/rv32imafc/ilp32f\libg_nano.a(lib_a-nano-mallocr.o)
                0x000000000000b2d2                _malloc_r
 .text.__ssputs_r
                0x000000000000b3a6       0xee c:/mounriver/mounriver_studio/toolchain/risc-v embedded gcc/bin/../lib/gcc/riscv-none-embed/8.2.0/../../../../riscv-none-embed/lib/rv32imafc/ilp32f\libg_nano.a(lib_a-nano-svfprintf.o)
                0x000000000000b3a6                __ssputs_r
 .text._svfprintf_r
                0x000000000000b494      0x27e c:/mounriver/mounriver_studio/toolchain/risc-v embedded gcc/bin/../lib/gcc/riscv-none-embed/8.2.0/../../../../riscv-none-embed/lib/rv32imafc/ilp32f\libg_nano.a(lib_a-nano-svfprintf.o)
                0x000000000000b494                _svfiprintf_r
                0x000000000000b494                _svfprintf_r
 .text.__sfputc_r
                0x000000000000b712       0x2a c:/mounriver/mounriver_studio/toolchain/risc-v embedded gcc/bin/../lib/gcc/riscv-none-embed/8.2.0/../../../../riscv-none-embed/lib/rv32imafc/ilp32f\libg_nano.a(lib_a-nano-vfprintf.o)
 .text.__sfputs_r
                0x000000000000b73c       0x44 c:/mounriver/mounriver_studio/toolchain/risc-v embedded gcc/bin/../lib/gcc/riscv-none-embed/8.2.0/../../../../riscv-none-embed/lib/rv32imafc/ilp32f\libg_nano.a(lib_a-nano-vfprintf.o)
                0x000000000000b73c                __sfputs_r
 .text._vfprintf_r
                0x000000000000b780      0x2a0 c:/mounriver/mounriver_studio/toolchain/risc-v embedded gcc/bin/../lib/gcc/riscv-none-embed/8.2.0/../../../../riscv-none-embed/lib/rv32imafc/ilp32f\libg_nano.a(lib_a-nano-vfprintf.o)
                0x000000000000b780                _vfprintf_r
                0x000000000000b780                _vfiprintf_r
 .text._sbrk_r  0x000000000000ba20       0x2a c:/mounriver/mounriver_studio/toolchain/risc-v embedded gcc/bin/../lib/gcc/riscv-none-embed/8.2.0/../../../../riscv-none-embed/lib/rv32imafc/ilp32f\libg_nano.a(lib_a-sbrkr.o)
                0x000000000000ba20                _sbrk_r
 .text.__sread  0x000000000000ba4a       0x30 c:/mounriver/mounriver_studio/toolchain/risc-v embedded gcc/bin/../lib/gcc/riscv-none-embed/8.2.0/../../../../riscv-none-embed/lib/rv32imafc/ilp32f\libg_nano.a(lib_a-stdio.o)
                0x000000000000ba4a                __sread
 .text.__swrite
                0x000000000000ba7a       0x4e c:/mounriver/mounriver_studio/toolchain/risc-v embedded gcc/bin/../lib/gcc/riscv-none-embed/8.2.0/../../../../riscv-none-embed/lib/rv32imafc/ilp32f\libg_nano.a(lib_a-stdio.o)
                0x000000000000ba7a                __swrite
 .text.__sseek  0x000000000000bac8       0x36 c:/mounriver/mounriver_studio/toolchain/risc-v embedded gcc/bin/../lib/gcc/riscv-none-embed/8.2.0/../../../../riscv-none-embed/lib/rv32imafc/ilp32f\libg_nano.a(lib_a-stdio.o)
                0x000000000000bac8                __sseek
 .text.__sclose
                0x000000000000bafe        0x6 c:/mounriver/mounriver_studio/toolchain/risc-v embedded gcc/bin/../lib/gcc/riscv-none-embed/8.2.0/../../../../riscv-none-embed/lib/rv32imafc/ilp32f\libg_nano.a(lib_a-stdio.o)
                0x000000000000bafe                __sclose
 .text._write_r
                0x000000000000bb04       0x2e c:/mounriver/mounriver_studio/toolchain/risc-v embedded gcc/bin/../lib/gcc/riscv-none-embed/8.2.0/../../../../riscv-none-embed/lib/rv32imafc/ilp32f\libg_nano.a(lib_a-writer.o)
                0x000000000000bb04                _write_r
 .text._close_r
                0x000000000000bb32       0x28 c:/mounriver/mounriver_studio/toolchain/risc-v embedded gcc/bin/../lib/gcc/riscv-none-embed/8.2.0/../../../../riscv-none-embed/lib/rv32imafc/ilp32f\libg_nano.a(lib_a-closer.o)
                0x000000000000bb32                _close_r
 .text._fstat_r
                0x000000000000bb5a       0x2a c:/mounriver/mounriver_studio/toolchain/risc-v embedded gcc/bin/../lib/gcc/riscv-none-embed/8.2.0/../../../../riscv-none-embed/lib/rv32imafc/ilp32f\libg_nano.a(lib_a-fstatr.o)
                0x000000000000bb5a                _fstat_r
 .text._isatty_r
                0x000000000000bb84       0x28 c:/mounriver/mounriver_studio/toolchain/risc-v embedded gcc/bin/../lib/gcc/riscv-none-embed/8.2.0/../../../../riscv-none-embed/lib/rv32imafc/ilp32f\libg_nano.a(lib_a-isattyr.o)
                0x000000000000bb84                _isatty_r
 .text._lseek_r
                0x000000000000bbac       0x2c c:/mounriver/mounriver_studio/toolchain/risc-v embedded gcc/bin/../lib/gcc/riscv-none-embed/8.2.0/../../../../riscv-none-embed/lib/rv32imafc/ilp32f\libg_nano.a(lib_a-lseekr.o)
                0x000000000000bbac                _lseek_r
 .text.__ascii_mbtowc
                0x000000000000bbd8       0x3a c:/mounriver/mounriver_studio/toolchain/risc-v embedded gcc/bin/../lib/gcc/riscv-none-embed/8.2.0/../../../../riscv-none-embed/lib/rv32imafc/ilp32f\libg_nano.a(lib_a-mbtowc_r.o)
                0x000000000000bbd8                __ascii_mbtowc
 .text.memmove  0x000000000000bc12       0x4a c:/mounriver/mounriver_studio/toolchain/risc-v embedded gcc/bin/../lib/gcc/riscv-none-embed/8.2.0/../../../../riscv-none-embed/lib/rv32imafc/ilp32f\libg_nano.a(lib_a-memmove.o)
                0x000000000000bc12                memmove
 .text.__malloc_lock
                0x000000000000bc5c        0x2 c:/mounriver/mounriver_studio/toolchain/risc-v embedded gcc/bin/../lib/gcc/riscv-none-embed/8.2.0/../../../../riscv-none-embed/lib/rv32imafc/ilp32f\libg_nano.a(lib_a-mlock.o)
                0x000000000000bc5c                __malloc_lock
 .text.__malloc_unlock
                0x000000000000bc5e        0x2 c:/mounriver/mounriver_studio/toolchain/risc-v embedded gcc/bin/../lib/gcc/riscv-none-embed/8.2.0/../../../../riscv-none-embed/lib/rv32imafc/ilp32f\libg_nano.a(lib_a-mlock.o)
                0x000000000000bc5e                __malloc_unlock
 .text._realloc_r
                0x000000000000bc60       0x58 c:/mounriver/mounriver_studio/toolchain/risc-v embedded gcc/bin/../lib/gcc/riscv-none-embed/8.2.0/../../../../riscv-none-embed/lib/rv32imafc/ilp32f\libg_nano.a(lib_a-nano-reallocr.o)
                0x000000000000bc60                _realloc_r
 .text._read_r  0x000000000000bcb8       0x2c c:/mounriver/mounriver_studio/toolchain/risc-v embedded gcc/bin/../lib/gcc/riscv-none-embed/8.2.0/../../../../riscv-none-embed/lib/rv32imafc/ilp32f\libg_nano.a(lib_a-readr.o)
                0x000000000000bcb8                _read_r
 .text.__ascii_wctomb
                0x000000000000bce4       0x20 c:/mounriver/mounriver_studio/toolchain/risc-v embedded gcc/bin/../lib/gcc/riscv-none-embed/8.2.0/../../../../riscv-none-embed/lib/rv32imafc/ilp32f\libg_nano.a(lib_a-wctomb_r.o)
                0x000000000000bce4                __ascii_wctomb
 .text._malloc_usable_size_r
                0x000000000000bd04       0x14 c:/mounriver/mounriver_studio/toolchain/risc-v embedded gcc/bin/../lib/gcc/riscv-none-embed/8.2.0/../../../../riscv-none-embed/lib/rv32imafc/ilp32f\libg_nano.a(lib_a-nano-msizer.o)
                0x000000000000bd04                _malloc_usable_size_r
 .text.__gedf2  0x000000000000bd18       0xb6 c:/mounriver/mounriver_studio/toolchain/risc-v embedded gcc/bin/../lib/gcc/riscv-none-embed/8.2.0/rv32imafc/ilp32f\libgcc.a(gedf2.o)
                0x000000000000bd18                __gedf2
                0x000000000000bd18                __gtdf2
 .text.__unorddf2
                0x000000000000bdce       0x7c c:/mounriver/mounriver_studio/toolchain/risc-v embedded gcc/bin/../lib/gcc/riscv-none-embed/8.2.0/rv32imafc/ilp32f\libgcc.a(unorddf2.o)
                0x000000000000bdce                __unorddf2
 .text.__floatunsidf
                0x000000000000be4a       0x68 c:/mounriver/mounriver_studio/toolchain/risc-v embedded gcc/bin/../lib/gcc/riscv-none-embed/8.2.0/rv32imafc/ilp32f\libgcc.a(floatunsidf.o)
                0x000000000000be4a                __floatunsidf
 .text.__trunctfdf2
                0x000000000000beb2      0x3d0 c:/mounriver/mounriver_studio/toolchain/risc-v embedded gcc/bin/../lib/gcc/riscv-none-embed/8.2.0/rv32imafc/ilp32f\libgcc.a(trunctfdf2.o)
                0x000000000000beb2                __trunctfdf2
 .text._close   0x000000000000c282        0xc c:/mounriver/mounriver_studio/toolchain/risc-v embedded gcc/bin/../lib/gcc/riscv-none-embed/8.2.0/../../../../riscv-none-embed/lib/rv32imafc/ilp32f\libnosys.a(close.o)
                0x000000000000c282                _close
 .text._fstat   0x000000000000c28e        0xc c:/mounriver/mounriver_studio/toolchain/risc-v embedded gcc/bin/../lib/gcc/riscv-none-embed/8.2.0/../../../../riscv-none-embed/lib/rv32imafc/ilp32f\libnosys.a(fstat.o)
                0x000000000000c28e                _fstat
 .text._isatty  0x000000000000c29a        0xc c:/mounriver/mounriver_studio/toolchain/risc-v embedded gcc/bin/../lib/gcc/riscv-none-embed/8.2.0/../../../../riscv-none-embed/lib/rv32imafc/ilp32f\libnosys.a(isatty.o)
                0x000000000000c29a                _isatty
 .text._lseek   0x000000000000c2a6        0xc c:/mounriver/mounriver_studio/toolchain/risc-v embedded gcc/bin/../lib/gcc/riscv-none-embed/8.2.0/../../../../riscv-none-embed/lib/rv32imafc/ilp32f\libnosys.a(lseek.o)
                0x000000000000c2a6                _lseek
 .text._read    0x000000000000c2b2        0xc c:/mounriver/mounriver_studio/toolchain/risc-v embedded gcc/bin/../lib/gcc/riscv-none-embed/8.2.0/../../../../riscv-none-embed/lib/rv32imafc/ilp32f\libnosys.a(read.o)
                0x000000000000c2b2                _read
 .text._sbrk    0x000000000000c2be       0x20 c:/mounriver/mounriver_studio/toolchain/risc-v embedded gcc/bin/../lib/gcc/riscv-none-embed/8.2.0/../../../../riscv-none-embed/lib/rv32imafc/ilp32f\libnosys.a(sbrk.o)
                0x000000000000c2be                _sbrk
 *(.rodata)
 *fill*         0x000000000000c2de        0x2 
 .rodata        0x000000000000c2e0       0x49 ./zf_driver/zf_driver_spi.o
 *fill*         0x000000000000c329        0x3 
 .rodata        0x000000000000c32c       0x54 ./zf_device/zf_device_oled.o
 .rodata        0x000000000000c380       0x7d ./zf_common/zf_common_debug.o
 *fill*         0x000000000000c3fd        0x3 
 .rodata        0x000000000000c400       0x22 ./user_c/main.o
 *fill*         0x000000000000c422        0x2 
 .rodata        0x000000000000c424       0x41 ./sdk/Peripheral/ch32v30x_usbotg_device.o
 *(.rodata*)
 *fill*         0x000000000000c465        0x3 
 .rodata.gpio_group
                0x000000000000c468       0x14 ./zf_driver/zf_driver_gpio.o
                0x000000000000c468                gpio_group
 .rodata.spi_index
                0x000000000000c47c        0xc ./zf_driver/zf_driver_spi.o
                0x000000000000c47c                spi_index
 .rodata.uart_index
                0x000000000000c488       0x20 ./zf_driver/zf_driver_uart.o
                0x000000000000c488                uart_index
 .rodata.oled_6x8
                0x000000000000c4a8      0x228 ./zf_common/zf_common_font.o
                0x000000000000c4a8                oled_6x8
 .rodata.oled_8x16
                0x000000000000c6d0      0x5f0 ./zf_common/zf_common_font.o
                0x000000000000c6d0                oled_8x16
 .rodata.waterdrop0
                0x000000000000ccc0      0x400 ./user_c/gif.o
                0x000000000000ccc0                waterdrop0
 .rodata.waterdrop1
                0x000000000000d0c0      0x400 ./user_c/gif.o
                0x000000000000d0c0                waterdrop1
 .rodata.waterdrop2
                0x000000000000d4c0      0x400 ./user_c/gif.o
                0x000000000000d4c0                waterdrop2
 .rodata.waterdrop3
                0x000000000000d8c0      0x400 ./user_c/gif.o
                0x000000000000d8c0                waterdrop3
 .rodata.waterdrop4
                0x000000000000dcc0      0x400 ./user_c/gif.o
                0x000000000000dcc0                waterdrop4
 .rodata.waterdrop5
                0x000000000000e0c0      0x400 ./user_c/gif.o
                0x000000000000e0c0                waterdrop5
 .rodata.waterdrop6
                0x000000000000e4c0      0x400 ./user_c/gif.o
                0x000000000000e4c0                waterdrop6
 .rodata.gif    0x000000000000e8c0       0x1c ./user_c/gif.o
 .rodata.MyDevDescrHD
                0x000000000000e8dc       0x12 ./sdk/Peripheral/ch32v30x_usbotg_device.o
                0x000000000000e8dc                MyDevDescrHD
 *fill*         0x000000000000e8ee        0x2 
 .rodata.MyCfgDescrHD
                0x000000000000e8f0       0x43 ./sdk/Peripheral/ch32v30x_usbotg_device.o
                0x000000000000e8f0                MyCfgDescrHD
 *fill*         0x000000000000e933        0x1 
 .rodata.MyReportDescHD
                0x000000000000e934       0x14 ./sdk/Peripheral/ch32v30x_usbotg_device.o
                0x000000000000e934                MyReportDescHD
 .rodata.MyManuInfoHD
                0x000000000000e948        0xe ./sdk/Peripheral/ch32v30x_usbotg_device.o
                0x000000000000e948                MyManuInfoHD
 *fill*         0x000000000000e956        0x2 
 .rodata.MyProdInfoHD
                0x000000000000e958        0xc ./sdk/Peripheral/ch32v30x_usbotg_device.o
                0x000000000000e958                MyProdInfoHD
 .rodata.MySerNumInfoHD
                0x000000000000e964       0x16 ./sdk/Peripheral/ch32v30x_usbotg_device.o
                0x000000000000e964                MySerNumInfoHD
 *fill*         0x000000000000e97a        0x2 
 .rodata.MyUSBQUADescHD
                0x000000000000e97c        0xa ./sdk/Peripheral/ch32v30x_usbotg_device.o
                0x000000000000e97c                MyUSBQUADescHD
 *fill*         0x000000000000e986        0x2 
 .rodata.OTG_FS_IRQHandler
                0x000000000000e988       0xbc ./sdk/Peripheral/ch32v30x_usbotg_device.o
 .rodata.__divdf3
                0x000000000000ea44       0x40 c:/mounriver/mounriver_studio/toolchain/risc-v embedded gcc/bin/../lib/gcc/riscv-none-embed/8.2.0/rv32imafc/ilp32f\libgcc.a(divdf3.o)
 .rodata.__muldf3
                0x000000000000ea84       0x40 c:/mounriver/mounriver_studio/toolchain/risc-v embedded gcc/bin/../lib/gcc/riscv-none-embed/8.2.0/rv32imafc/ilp32f\libgcc.a(muldf3.o)
 .rodata.__clz_tab
                0x000000000000eac4      0x100 c:/mounriver/mounriver_studio/toolchain/risc-v embedded gcc/bin/../lib/gcc/riscv-none-embed/8.2.0/rv32imafc/ilp32f\libgcc.a(_clz.o)
                0x000000000000eac4                __clz_tab
 *fill*         0x000000000000ebc4        0x4 
 .rodata._printf_float.cst8
                0x000000000000ebc8        0x8 c:/mounriver/mounriver_studio/toolchain/risc-v embedded gcc/bin/../lib/gcc/riscv-none-embed/8.2.0/../../../../riscv-none-embed/lib/rv32imafc/ilp32f\libg_nano.a(lib_a-nano-vfprintf_float.o)
 .rodata._printf_float.str1.4
                0x000000000000ebd0       0x12 c:/mounriver/mounriver_studio/toolchain/risc-v embedded gcc/bin/../lib/gcc/riscv-none-embed/8.2.0/../../../../riscv-none-embed/lib/rv32imafc/ilp32f\libg_nano.a(lib_a-nano-vfprintf_float.o)
 *fill*         0x000000000000ebe2        0x2 
 .rodata._printf_i.str1.4
                0x000000000000ebe4       0x25 c:/mounriver/mounriver_studio/toolchain/risc-v embedded gcc/bin/../lib/gcc/riscv-none-embed/8.2.0/../../../../riscv-none-embed/lib/rv32imafc/ilp32f\libg_nano.a(lib_a-nano-vfprintf_i.o)
 *fill*         0x000000000000ec09        0x7 
 .rodata._dtoa_r.cst8
                0x000000000000ec10       0x48 c:/mounriver/mounriver_studio/toolchain/risc-v embedded gcc/bin/../lib/gcc/riscv-none-embed/8.2.0/../../../../riscv-none-embed/lib/rv32imafc/ilp32f\libg_nano.a(lib_a-dtoa.o)
 .rodata._dtoa_r.str1.4
                0x000000000000ec58       0x10 c:/mounriver/mounriver_studio/toolchain/risc-v embedded gcc/bin/../lib/gcc/riscv-none-embed/8.2.0/../../../../riscv-none-embed/lib/rv32imafc/ilp32f\libg_nano.a(lib_a-dtoa.o)
                                         0x12 (size before relaxing)
 .rodata.__sf_fake_stderr
                0x000000000000ec68       0x20 c:/mounriver/mounriver_studio/toolchain/risc-v embedded gcc/bin/../lib/gcc/riscv-none-embed/8.2.0/../../../../riscv-none-embed/lib/rv32imafc/ilp32f\libg_nano.a(lib_a-findfp.o)
                0x000000000000ec68                __sf_fake_stderr
 .rodata.__sf_fake_stdin
                0x000000000000ec88       0x20 c:/mounriver/mounriver_studio/toolchain/risc-v embedded gcc/bin/../lib/gcc/riscv-none-embed/8.2.0/../../../../riscv-none-embed/lib/rv32imafc/ilp32f\libg_nano.a(lib_a-findfp.o)
                0x000000000000ec88                __sf_fake_stdin
 .rodata.__sf_fake_stdout
                0x000000000000eca8       0x20 c:/mounriver/mounriver_studio/toolchain/risc-v embedded gcc/bin/../lib/gcc/riscv-none-embed/8.2.0/../../../../riscv-none-embed/lib/rv32imafc/ilp32f\libg_nano.a(lib_a-findfp.o)
                0x000000000000eca8                __sf_fake_stdout
 .rodata.__mprec_bigtens
                0x000000000000ecc8       0x28 c:/mounriver/mounriver_studio/toolchain/risc-v embedded gcc/bin/../lib/gcc/riscv-none-embed/8.2.0/../../../../riscv-none-embed/lib/rv32imafc/ilp32f\libg_nano.a(lib_a-mprec.o)
                0x000000000000ecc8                __mprec_bigtens
 .rodata.__mprec_tens
                0x000000000000ecf0       0xc8 c:/mounriver/mounriver_studio/toolchain/risc-v embedded gcc/bin/../lib/gcc/riscv-none-embed/8.2.0/../../../../riscv-none-embed/lib/rv32imafc/ilp32f\libg_nano.a(lib_a-mprec.o)
                0x000000000000ecf0                __mprec_tens
 .rodata.p05.3321
                0x000000000000edb8        0xc c:/mounriver/mounriver_studio/toolchain/risc-v embedded gcc/bin/../lib/gcc/riscv-none-embed/8.2.0/../../../../riscv-none-embed/lib/rv32imafc/ilp32f\libg_nano.a(lib_a-mprec.o)
 .rodata._svfprintf_r.str1.4
                0x000000000000edc4       0x13 c:/mounriver/mounriver_studio/toolchain/risc-v embedded gcc/bin/../lib/gcc/riscv-none-embed/8.2.0/../../../../riscv-none-embed/lib/rv32imafc/ilp32f\libg_nano.a(lib_a-nano-svfprintf.o)
 .rodata._vfprintf_r.str1.4
                0x000000000000edd7       0x13 c:/mounriver/mounriver_studio/toolchain/risc-v embedded gcc/bin/../lib/gcc/riscv-none-embed/8.2.0/../../../../riscv-none-embed/lib/rv32imafc/ilp32f\libg_nano.a(lib_a-nano-vfprintf.o)
 *fill*         0x000000000000edd7        0x1 
 .rodata._setlocale_r.str1.4
                0x000000000000edd8        0xa c:/mounriver/mounriver_studio/toolchain/risc-v embedded gcc/bin/../lib/gcc/riscv-none-embed/8.2.0/../../../../riscv-none-embed/lib/rv32imafc/ilp32f\libg_nano.a(lib_a-locale.o)
                                          0xd (size before relaxing)
 *fill*         0x000000000000ede2        0x2 
 .rodata.str1.4
                0x000000000000ede4        0x4 c:/mounriver/mounriver_studio/toolchain/risc-v embedded gcc/bin/../lib/gcc/riscv-none-embed/8.2.0/../../../../riscv-none-embed/lib/rv32imafc/ilp32f\libg_nano.a(lib_a-locale.o)
                                          0x2 (size before relaxing)
 .rodata._ctype_
                0x000000000000ede8      0x101 c:/mounriver/mounriver_studio/toolchain/risc-v embedded gcc/bin/../lib/gcc/riscv-none-embed/8.2.0/../../../../riscv-none-embed/lib/rv32imafc/ilp32f\libg_nano.a(lib_a-ctype_.o)
                0x000000000000ede8                _ctype_
 *(.glue_7)
 *(.glue_7t)
 *(.gnu.linkonce.t.*)
                0x000000000000eeec                . = ALIGN (0x4)
 *fill*         0x000000000000eee9        0x3 

.rela.dyn       0x000000000000eeec        0x0
 .rela.init     0x000000000000eeec        0x0 ./zf_driver/zf_driver_delay.o
 .rela.vector   0x000000000000eeec        0x0 ./zf_driver/zf_driver_delay.o
 .rela.text.handle_reset
                0x000000000000eeec        0x0 ./zf_driver/zf_driver_delay.o
 .rela.text._svfprintf_r
                0x000000000000eeec        0x0 ./zf_driver/zf_driver_delay.o
 .rela.text._vfprintf_r
                0x000000000000eeec        0x0 ./zf_driver/zf_driver_delay.o
 .rela.text._sbrk_r
                0x000000000000eeec        0x0 ./zf_driver/zf_driver_delay.o
 .rela.text._write_r
                0x000000000000eeec        0x0 ./zf_driver/zf_driver_delay.o
 .rela.text._close_r
                0x000000000000eeec        0x0 ./zf_driver/zf_driver_delay.o
 .rela.text._fstat_r
                0x000000000000eeec        0x0 ./zf_driver/zf_driver_delay.o
 .rela.text._isatty_r
                0x000000000000eeec        0x0 ./zf_driver/zf_driver_delay.o
 .rela.text._lseek_r
                0x000000000000eeec        0x0 ./zf_driver/zf_driver_delay.o
 .rela.text._read_r
                0x000000000000eeec        0x0 ./zf_driver/zf_driver_delay.o
 .rela.text._close
                0x000000000000eeec        0x0 ./zf_driver/zf_driver_delay.o
 .rela.text._fstat
                0x000000000000eeec        0x0 ./zf_driver/zf_driver_delay.o
 .rela.text._isatty
                0x000000000000eeec        0x0 ./zf_driver/zf_driver_delay.o
 .rela.text._lseek
                0x000000000000eeec        0x0 ./zf_driver/zf_driver_delay.o
 .rela.text._read
                0x000000000000eeec        0x0 ./zf_driver/zf_driver_delay.o
 .rela.text._sbrk
                0x000000000000eeec        0x0 ./zf_driver/zf_driver_delay.o

.fini           0x000000000000eeec        0x0
 *(SORT_NONE(.fini))
                0x000000000000eeec                . = ALIGN (0x4)
                [!provide]                        PROVIDE (_etext = .)
                [!provide]                        PROVIDE (_eitcm = .)

.preinit_array  0x000000000000eeec        0x0
                [!provide]                        PROVIDE (__preinit_array_start = .)
 *(.preinit_array)
                [!provide]                        PROVIDE (__preinit_array_end = .)

.init_array     0x000000000000eeec        0x0
                [!provide]                        PROVIDE (__init_array_start = .)
 *(SORT_BY_INIT_PRIORITY(.init_array.*) SORT_BY_INIT_PRIORITY(.ctors.*))
 *(.init_array EXCLUDE_FILE(*crtend?.o *crtend.o *crtbegin?.o *crtbegin.o) .ctors)
                [!provide]                        PROVIDE (__init_array_end = .)

.fini_array     0x000000000000eeec        0x0
                [!provide]                        PROVIDE (__fini_array_start = .)
 *(SORT_BY_INIT_PRIORITY(.fini_array.*) SORT_BY_INIT_PRIORITY(.dtors.*))
 *(.fini_array EXCLUDE_FILE(*crtend?.o *crtend.o *crtbegin?.o *crtbegin.o) .dtors)
                [!provide]                        PROVIDE (__fini_array_end = .)

.ctors
 *crtbegin.o(.ctors)
 *crtbegin?.o(.ctors)
 *(EXCLUDE_FILE(*crtend?.o *crtend.o) .ctors)
 *(SORT_BY_NAME(.ctors.*))
 *(.ctors)

.dtors
 *crtbegin.o(.dtors)
 *crtbegin?.o(.dtors)
 *(EXCLUDE_FILE(*crtend?.o *crtend.o) .dtors)
 *(SORT_BY_NAME(.dtors.*))
 *(.dtors)

.dalign         0x0000000020000000        0x0 load address 0x000000000000eeec
                0x0000000020000000                . = ALIGN (0x4)
                0x0000000020000000                PROVIDE (_data_vma = .)

.dlalign        0x000000000000eeec        0x0
                0x000000000000eeec                . = ALIGN (0x4)
                0x000000000000eeec                PROVIDE (_data_lma = .)

.data           0x0000000020000000      0x288 load address 0x000000000000eeec
 *(.gnu.linkonce.r.*)
 *(.data .data.*)
 .data.map      0x0000000020000000       0x3c ./user_c/main.o
                0x0000000020000000                map
 .data.APBAHBPrescTable
                0x000000002000003c       0x10 ./sdk/Peripheral/ch32v30x_rcc.o
 .data.TAB_USB_FS_OSC_DESC
                0x000000002000004c       0x43 ./sdk/Peripheral/ch32v30x_usbotg_device.o
                0x000000002000004c                TAB_USB_FS_OSC_DESC
 *fill*         0x000000002000008f        0x1 
 .data.impure_data
                0x0000000020000090       0x60 c:/mounriver/mounriver_studio/toolchain/risc-v embedded gcc/bin/../lib/gcc/riscv-none-embed/8.2.0/../../../../riscv-none-embed/lib/rv32imafc/ilp32f\libg_nano.a(lib_a-impure.o)
 .data.__global_locale
                0x00000000200000f0      0x16c c:/mounriver/mounriver_studio/toolchain/risc-v embedded gcc/bin/../lib/gcc/riscv-none-embed/8.2.0/../../../../riscv-none-embed/lib/rv32imafc/ilp32f\libg_nano.a(lib_a-locale.o)
                0x00000000200000f0                __global_locale
 *(.gnu.linkonce.d.*)
                0x0000000020000260                . = ALIGN (0x8)
 *fill*         0x000000002000025c        0x4 
                0x0000000020000a60                PROVIDE (__global_pointer$ = (. + 0x800))
 *(.sdata .sdata.*)
 .sdata.zf_debug_assert_enable
                0x0000000020000260        0x1 ./zf_common/zf_common_debug.o
 *fill*         0x0000000020000261        0x3 
 .sdata.mode    0x0000000020000264        0x4 ./user_c/main.o
                0x0000000020000264                mode
 .sdata.ADCPrescTable
                0x0000000020000268        0x4 ./sdk/Peripheral/ch32v30x_rcc.o
 .sdata.USBHD_Dev_Speed
                0x000000002000026c        0x1 ./sdk/Peripheral/ch32v30x_usbotg_device.o
                0x000000002000026c                USBHD_Dev_Speed
 *fill*         0x000000002000026d        0x3 
 .sdata.LineCoding
                0x0000000020000270        0x7 ./sdk/Peripheral/ch32v30x_usbotg_device.o
                0x0000000020000270                LineCoding
 *fill*         0x0000000020000277        0x1 
 .sdata._impure_ptr
                0x0000000020000278        0x4 c:/mounriver/mounriver_studio/toolchain/risc-v embedded gcc/bin/../lib/gcc/riscv-none-embed/8.2.0/../../../../riscv-none-embed/lib/rv32imafc/ilp32f\libg_nano.a(lib_a-impure.o)
                0x0000000020000278                _impure_ptr
 *(.sdata2.*)
 .sdata2.MyLangDescrHD
                0x000000002000027c        0x4 ./sdk/Peripheral/ch32v30x_usbotg_device.o
                0x000000002000027c                MyLangDescrHD
 .sdata2._global_impure_ptr
                0x0000000020000280        0x4 c:/mounriver/mounriver_studio/toolchain/risc-v embedded gcc/bin/../lib/gcc/riscv-none-embed/8.2.0/../../../../riscv-none-embed/lib/rv32imafc/ilp32f\libg_nano.a(lib_a-impure.o)
                0x0000000020000280                _global_impure_ptr
 *(.gnu.linkonce.s.*)
                0x0000000020000288                . = ALIGN (0x8)
 *fill*         0x0000000020000284        0x4 
 *(.srodata.cst16)
 *(.srodata.cst8)
 *(.srodata.cst4)
 *(.srodata.cst2)
 *(.srodata .srodata.*)
                0x0000000020000288                . = ALIGN (0x4)
                0x0000000020000288                PROVIDE (_edata = .)

.bss            0x0000000020000288       0xe8 load address 0x000000000000f174
                0x0000000020000288                . = ALIGN (0x4)
                0x0000000020000288                PROVIDE (_sbss = .)
 *(.sbss*)
 .sbss.bluetooth_ch9141_data
                0x0000000020000288        0x1 ./zf_device/zf_device_bluetooth_ch9141.o
 .sbss.bluetooth_ch9141_data_ch2
                0x0000000020000289        0x1 ./zf_device/zf_device_bluetooth_ch9141_ch2.o
 .sbss.mt9v03x_finish_flag_dvp
                0x000000002000028a        0x1 ./zf_device/zf_device_mt9v03x_dvp.o
                0x000000002000028a                mt9v03x_finish_flag_dvp
 *fill*         0x000000002000028b        0x1 
 .sbss.receive_dvp
                0x000000002000028c        0x3 ./zf_device/zf_device_mt9v03x_dvp.o
 .sbss.receive_num_dvp
                0x000000002000028f        0x1 ./zf_device/zf_device_mt9v03x_dvp.o
 .sbss.uart_receive_flag_dvp
                0x0000000020000290        0x1 ./zf_device/zf_device_mt9v03x_dvp.o
 *fill*         0x0000000020000291        0x3 
 .sbss.oled_display_dir
                0x0000000020000294        0x4 ./zf_device/zf_device_oled.o
 .sbss.oled_display_font
                0x0000000020000298        0x4 ./zf_device/zf_device_oled.o
 .sbss.scc8660_uart_receive_dvp
                0x000000002000029c        0x3 ./zf_device/zf_device_scc8660_dvp.o
                0x000000002000029c                scc8660_uart_receive_dvp
 .sbss.scc8660_uart_receive_num_dvp
                0x000000002000029f        0x1 ./zf_device/zf_device_scc8660_dvp.o
                0x000000002000029f                scc8660_uart_receive_num_dvp
 .sbss.scc8660_uart_receive_flag_dvp
                0x00000000200002a0        0x1 ./zf_device/zf_device_scc8660_dvp.o
                0x00000000200002a0                scc8660_uart_receive_flag_dvp
 .sbss.scc8660_finish_flag_dvp
                0x00000000200002a1        0x1 ./zf_device/zf_device_scc8660_dvp.o
                0x00000000200002a1                scc8660_finish_flag_dvp
 *fill*         0x00000000200002a2        0x2 
 .sbss.camera_type
                0x00000000200002a4        0x4 ./zf_device/zf_device_type.o
                0x00000000200002a4                camera_type
 .sbss.wireless_type
                0x00000000200002a8        0x4 ./zf_device/zf_device_type.o
                0x00000000200002a8                wireless_type
 .sbss.wireless_ch573_data
                0x00000000200002ac        0x1 ./zf_device/zf_device_wireless_ch573.o
 .sbss.wireless_uart_data
                0x00000000200002ad        0x1 ./zf_device/zf_device_wireless_uart.o
 *fill*         0x00000000200002ae        0x2 
 .sbss.system_clock
                0x00000000200002b0        0x4 ./zf_common/zf_common_clock.o
                0x00000000200002b0                system_clock
 .sbss.zf_debug_init_flag
                0x00000000200002b4        0x1 ./zf_common/zf_common_debug.o
 .sbss.assert_nest_index.4239
                0x00000000200002b5        0x1 ./zf_common/zf_common_debug.o
 *fill*         0x00000000200002b6        0x2 
 .sbss.interrupt_nest_count
                0x00000000200002b8        0x4 ./zf_common/zf_common_interrupt.o
 .sbss.i        0x00000000200002bc        0x4 ./user_c/main.o
                0x00000000200002bc                i
 .sbss.j        0x00000000200002c0        0x4 ./user_c/main.o
                0x00000000200002c0                j
 .sbss.size     0x00000000200002c4        0x4 ./user_c/main.o
                0x00000000200002c4                size
 .sbss.r        0x00000000200002c8        0x4 ./user_c/main.o
                0x00000000200002c8                r
 .sbss.c        0x00000000200002cc        0x4 ./user_c/main.o
                0x00000000200002cc                c
 .sbss.k        0x00000000200002d0        0x4 ./user_c/main.o
                0x00000000200002d0                k
 .sbss.entry    0x00000000200002d4        0x4 ./user_c/main.o
                0x00000000200002d4                entry
 .sbss.keynum   0x00000000200002d8        0x1 ./user_c/main.o
                0x00000000200002d8                keynum
 *fill*         0x00000000200002d9        0x3 
 .sbss.EP0_DatabufHD
                0x00000000200002dc        0x8 ./sdk/Peripheral/ch32v30x_usbotg_device.o
                0x00000000200002dc                EP0_DatabufHD
 .sbss.pEP0_RAM_Addr
                0x00000000200002e4        0x4 ./sdk/Peripheral/ch32v30x_usbotg_device.o
                0x00000000200002e4                pEP0_RAM_Addr
 .sbss.pEP1_RAM_Addr
                0x00000000200002e8        0x4 ./sdk/Peripheral/ch32v30x_usbotg_device.o
                0x00000000200002e8                pEP1_RAM_Addr
 .sbss.pEP2_RAM_Addr
                0x00000000200002ec        0x4 ./sdk/Peripheral/ch32v30x_usbotg_device.o
                0x00000000200002ec                pEP2_RAM_Addr
 .sbss.pDescr   0x00000000200002f0        0x4 ./sdk/Peripheral/ch32v30x_usbotg_device.o
                0x00000000200002f0                pDescr
 .sbss.USBHD_Dev_SetupReqLen
                0x00000000200002f4        0x2 ./sdk/Peripheral/ch32v30x_usbotg_device.o
                0x00000000200002f4                USBHD_Dev_SetupReqLen
 .sbss.USBHD_Dev_SleepStatus
                0x00000000200002f6        0x1 ./sdk/Peripheral/ch32v30x_usbotg_device.o
                0x00000000200002f6                USBHD_Dev_SleepStatus
 .sbss.DevConfig
                0x00000000200002f7        0x1 ./sdk/Peripheral/ch32v30x_usbotg_device.o
                0x00000000200002f7                DevConfig
 .sbss.SetupReqCode
                0x00000000200002f8        0x1 ./sdk/Peripheral/ch32v30x_usbotg_device.o
                0x00000000200002f8                SetupReqCode
 *fill*         0x00000000200002f9        0x1 
 .sbss.SetupReqLen
                0x00000000200002fa        0x2 ./sdk/Peripheral/ch32v30x_usbotg_device.o
                0x00000000200002fa                SetupReqLen
 .sbss.__malloc_free_list
                0x00000000200002fc        0x4 c:/mounriver/mounriver_studio/toolchain/risc-v embedded gcc/bin/../lib/gcc/riscv-none-embed/8.2.0/../../../../riscv-none-embed/lib/rv32imafc/ilp32f\libg_nano.a(lib_a-nano-mallocr.o)
                0x00000000200002fc                __malloc_free_list
 .sbss.__malloc_sbrk_start
                0x0000000020000300        0x4 c:/mounriver/mounriver_studio/toolchain/risc-v embedded gcc/bin/../lib/gcc/riscv-none-embed/8.2.0/../../../../riscv-none-embed/lib/rv32imafc/ilp32f\libg_nano.a(lib_a-nano-mallocr.o)
                0x0000000020000300                __malloc_sbrk_start
 .sbss.heap_end.1520
                0x0000000020000304        0x4 c:/mounriver/mounriver_studio/toolchain/risc-v embedded gcc/bin/../lib/gcc/riscv-none-embed/8.2.0/../../../../riscv-none-embed/lib/rv32imafc/ilp32f\libnosys.a(sbrk.o)
 *(.gnu.linkonce.sb.*)
 *(.bss*)
 .bss.bluetooth_ch9141_fifo
                0x0000000020000308       0x14 ./zf_device/zf_device_bluetooth_ch9141.o
 .bss.bluetooth_ch9141_fifo_ch2
                0x000000002000031c       0x14 ./zf_device/zf_device_bluetooth_ch9141_ch2.o
 .bss.wireless_ch573_fifo
                0x0000000020000330       0x14 ./zf_device/zf_device_wireless_ch573.o
 .bss.wireless_uart_fifo
                0x0000000020000344       0x14 ./zf_device/zf_device_wireless_uart.o
 .bss.debug_output_info
                0x0000000020000358       0x14 ./zf_common/zf_common_debug.o
 *(.gnu.linkonce.b.*)
 *(COMMON*)
 COMMON         0x000000002000036c        0x4 c:/mounriver/mounriver_studio/toolchain/risc-v embedded gcc/bin/../lib/gcc/riscv-none-embed/8.2.0/../../../../riscv-none-embed/lib/rv32imafc/ilp32f\libg_nano.a(lib_a-reent.o)
                0x000000002000036c                errno
                0x0000000020000370                . = ALIGN (0x4)
                0x0000000020000370                PROVIDE (_ebss = .)
                [!provide]                        PROVIDE (_end = _ebss)
                0x0000000020000370                PROVIDE (end = .)

.stack          0x000000002000f800      0x800
                0x000000002000f800                . = ALIGN (0x4)
                [!provide]                        PROVIDE (_susrstack = .)
                0x0000000020010000                . = (. + __stack_size)
 *fill*         0x000000002000f800      0x800 
                0x0000000020010000                PROVIDE (_eusrstack = .)
OUTPUT(OLEDadvance.elf elf32-littleriscv)

.debug_info     0x0000000000000000    0x19d6b
 .debug_info    0x0000000000000000      0x9fb ./zf_driver/zf_driver_delay.o
 .debug_info    0x00000000000009fb      0xe6f ./zf_driver/zf_driver_gpio.o
 .debug_info    0x000000000000186a       0x26 ./zf_driver/zf_driver_irq.o
 .debug_info    0x0000000000001890     0x1500 ./zf_driver/zf_driver_spi.o
 .debug_info    0x0000000000002d90     0x13ad ./zf_driver/zf_driver_uart.o
 .debug_info    0x000000000000413d      0xef3 ./zf_device/zf_device_bluetooth_ch9141.o
 .debug_info    0x0000000000005030      0xef3 ./zf_device/zf_device_bluetooth_ch9141_ch2.o
 .debug_info    0x0000000000005f23      0xc31 ./zf_device/zf_device_camera.o
 .debug_info    0x0000000000006b54     0x1106 ./zf_device/zf_device_mt9v03x_dvp.o
 .debug_info    0x0000000000007c5a     0x1632 ./zf_device/zf_device_oled.o
 .debug_info    0x000000000000928c     0x1325 ./zf_device/zf_device_scc8660_dvp.o
 .debug_info    0x000000000000a5b1      0x115 ./zf_device/zf_device_type.o
 .debug_info    0x000000000000a6c6      0xfb2 ./zf_device/zf_device_wireless_ch573.o
 .debug_info    0x000000000000b678      0xfe0 ./zf_device/zf_device_wireless_uart.o
 .debug_info    0x000000000000c658      0xbe3 ./zf_common/zf_common_clock.o
 .debug_info    0x000000000000d23b      0xfda ./zf_common/zf_common_debug.o
 .debug_info    0x000000000000e215      0xbe3 ./zf_common/zf_common_fifo.o
 .debug_info    0x000000000000edf8      0xa4a ./zf_common/zf_common_font.o
 .debug_info    0x000000000000f842      0xf61 ./zf_common/zf_common_interrupt.o
 .debug_info    0x00000000000107a3      0xfb4 ./user_c/gif.o
 .debug_info    0x0000000000011757     0x173c ./user_c/isr.o
 .debug_info    0x0000000000012e93     0x128e ./user_c/main.o
 .debug_info    0x0000000000014121       0x22 ./sdk/Startup/startup_ch32v30x.o
 .debug_info    0x0000000000014143      0x35f ./sdk/Peripheral/ch32v30x_exti.o
 .debug_info    0x00000000000144a2      0x71b ./sdk/Peripheral/ch32v30x_gpio.o
 .debug_info    0x0000000000014bbd      0xc6a ./sdk/Peripheral/ch32v30x_rcc.o
 .debug_info    0x0000000000015827      0x95b ./sdk/Peripheral/ch32v30x_spi.o
 .debug_info    0x0000000000016182     0x1dde ./sdk/Peripheral/ch32v30x_tim.o
 .debug_info    0x0000000000017f60      0xa4e ./sdk/Peripheral/ch32v30x_usart.o
 .debug_info    0x00000000000189ae     0x13bd ./sdk/Peripheral/ch32v30x_usbotg_device.o

.debug_abbrev   0x0000000000000000     0x41b9
 .debug_abbrev  0x0000000000000000      0x1f6 ./zf_driver/zf_driver_delay.o
 .debug_abbrev  0x00000000000001f6      0x2ad ./zf_driver/zf_driver_gpio.o
 .debug_abbrev  0x00000000000004a3       0x14 ./zf_driver/zf_driver_irq.o
 .debug_abbrev  0x00000000000004b7      0x300 ./zf_driver/zf_driver_spi.o
 .debug_abbrev  0x00000000000007b7      0x2d1 ./zf_driver/zf_driver_uart.o
 .debug_abbrev  0x0000000000000a88      0x266 ./zf_device/zf_device_bluetooth_ch9141.o
 .debug_abbrev  0x0000000000000cee      0x266 ./zf_device/zf_device_bluetooth_ch9141_ch2.o
 .debug_abbrev  0x0000000000000f54      0x27e ./zf_device/zf_device_camera.o
 .debug_abbrev  0x00000000000011d2      0x31f ./zf_device/zf_device_mt9v03x_dvp.o
 .debug_abbrev  0x00000000000014f1      0x328 ./zf_device/zf_device_oled.o
 .debug_abbrev  0x0000000000001819      0x31f ./zf_device/zf_device_scc8660_dvp.o
 .debug_abbrev  0x0000000000001b38       0xb3 ./zf_device/zf_device_type.o
 .debug_abbrev  0x0000000000001beb      0x282 ./zf_device/zf_device_wireless_ch573.o
 .debug_abbrev  0x0000000000001e6d      0x293 ./zf_device/zf_device_wireless_uart.o
 .debug_abbrev  0x0000000000002100      0x278 ./zf_common/zf_common_clock.o
 .debug_abbrev  0x0000000000002378      0x333 ./zf_common/zf_common_debug.o
 .debug_abbrev  0x00000000000026ab      0x278 ./zf_common/zf_common_fifo.o
 .debug_abbrev  0x0000000000002923      0x1dd ./zf_common/zf_common_font.o
 .debug_abbrev  0x0000000000002b00      0x29b ./zf_common/zf_common_interrupt.o
 .debug_abbrev  0x0000000000002d9b      0x237 ./user_c/gif.o
 .debug_abbrev  0x0000000000002fd2      0x24e ./user_c/isr.o
 .debug_abbrev  0x0000000000003220      0x26a ./user_c/main.o
 .debug_abbrev  0x000000000000348a       0x12 ./sdk/Startup/startup_ch32v30x.o
 .debug_abbrev  0x000000000000349c      0x157 ./sdk/Peripheral/ch32v30x_exti.o
 .debug_abbrev  0x00000000000035f3      0x1da ./sdk/Peripheral/ch32v30x_gpio.o
 .debug_abbrev  0x00000000000037cd      0x202 ./sdk/Peripheral/ch32v30x_rcc.o
 .debug_abbrev  0x00000000000039cf      0x1b1 ./sdk/Peripheral/ch32v30x_spi.o
 .debug_abbrev  0x0000000000003b80      0x1dc ./sdk/Peripheral/ch32v30x_tim.o
 .debug_abbrev  0x0000000000003d5c      0x1b1 ./sdk/Peripheral/ch32v30x_usart.o
 .debug_abbrev  0x0000000000003f0d      0x2ac ./sdk/Peripheral/ch32v30x_usbotg_device.o

.debug_aranges  0x0000000000000000      0xf30
 .debug_aranges
                0x0000000000000000       0x20 ./zf_driver/zf_driver_delay.o
 .debug_aranges
                0x0000000000000020       0x38 ./zf_driver/zf_driver_gpio.o
 .debug_aranges
                0x0000000000000058       0x20 ./zf_driver/zf_driver_irq.o
 .debug_aranges
                0x0000000000000078       0xb8 ./zf_driver/zf_driver_spi.o
 .debug_aranges
                0x0000000000000130       0x60 ./zf_driver/zf_driver_uart.o
 .debug_aranges
                0x0000000000000190       0x38 ./zf_device/zf_device_bluetooth_ch9141.o
 .debug_aranges
                0x00000000000001c8       0x38 ./zf_device/zf_device_bluetooth_ch9141_ch2.o
 .debug_aranges
                0x0000000000000200       0x48 ./zf_device/zf_device_camera.o
 .debug_aranges
                0x0000000000000248       0x58 ./zf_device/zf_device_mt9v03x_dvp.o
 .debug_aranges
                0x00000000000002a0       0xa8 ./zf_device/zf_device_oled.o
 .debug_aranges
                0x0000000000000348       0x80 ./zf_device/zf_device_scc8660_dvp.o
 .debug_aranges
                0x00000000000003c8       0x28 ./zf_device/zf_device_type.o
 .debug_aranges
                0x00000000000003f0       0x48 ./zf_device/zf_device_wireless_ch573.o
 .debug_aranges
                0x0000000000000438       0x50 ./zf_device/zf_device_wireless_uart.o
 .debug_aranges
                0x0000000000000488       0x30 ./zf_common/zf_common_clock.o
 .debug_aranges
                0x00000000000004b8       0x78 ./zf_common/zf_common_debug.o
 .debug_aranges
                0x0000000000000530       0x50 ./zf_common/zf_common_fifo.o
 .debug_aranges
                0x0000000000000580       0x18 ./zf_common/zf_common_font.o
 .debug_aranges
                0x0000000000000598       0x60 ./zf_common/zf_common_interrupt.o
 .debug_aranges
                0x00000000000005f8       0x20 ./user_c/gif.o
 .debug_aranges
                0x0000000000000618       0xf8 ./user_c/isr.o
 .debug_aranges
                0x0000000000000710       0x38 ./user_c/main.o
 .debug_aranges
                0x0000000000000748       0x30 ./sdk/Startup/startup_ch32v30x.o
 .debug_aranges
                0x0000000000000778       0x58 ./sdk/Peripheral/ch32v30x_exti.o
 .debug_aranges
                0x00000000000007d0       0xa8 ./sdk/Peripheral/ch32v30x_gpio.o
 .debug_aranges
                0x0000000000000878      0x1a8 ./sdk/Peripheral/ch32v30x_rcc.o
 .debug_aranges
                0x0000000000000a20       0xd0 ./sdk/Peripheral/ch32v30x_spi.o
 .debug_aranges
                0x0000000000000af0      0x2f0 ./sdk/Peripheral/ch32v30x_tim.o
 .debug_aranges
                0x0000000000000de0      0x100 ./sdk/Peripheral/ch32v30x_usart.o
 .debug_aranges
                0x0000000000000ee0       0x50 ./sdk/Peripheral/ch32v30x_usbotg_device.o

.debug_ranges   0x0000000000000000      0xd40
 .debug_ranges  0x0000000000000000       0x10 ./zf_driver/zf_driver_delay.o
 .debug_ranges  0x0000000000000010       0x28 ./zf_driver/zf_driver_gpio.o
 .debug_ranges  0x0000000000000038       0xa8 ./zf_driver/zf_driver_spi.o
 .debug_ranges  0x00000000000000e0       0x50 ./zf_driver/zf_driver_uart.o
 .debug_ranges  0x0000000000000130       0x28 ./zf_device/zf_device_bluetooth_ch9141.o
 .debug_ranges  0x0000000000000158       0x28 ./zf_device/zf_device_bluetooth_ch9141_ch2.o
 .debug_ranges  0x0000000000000180       0x38 ./zf_device/zf_device_camera.o
 .debug_ranges  0x00000000000001b8       0x48 ./zf_device/zf_device_mt9v03x_dvp.o
 .debug_ranges  0x0000000000000200       0x98 ./zf_device/zf_device_oled.o
 .debug_ranges  0x0000000000000298       0x70 ./zf_device/zf_device_scc8660_dvp.o
 .debug_ranges  0x0000000000000308       0x18 ./zf_device/zf_device_type.o
 .debug_ranges  0x0000000000000320       0x38 ./zf_device/zf_device_wireless_ch573.o
 .debug_ranges  0x0000000000000358       0x40 ./zf_device/zf_device_wireless_uart.o
 .debug_ranges  0x0000000000000398       0x20 ./zf_common/zf_common_clock.o
 .debug_ranges  0x00000000000003b8       0x68 ./zf_common/zf_common_debug.o
 .debug_ranges  0x0000000000000420       0x40 ./zf_common/zf_common_fifo.o
 .debug_ranges  0x0000000000000460       0x50 ./zf_common/zf_common_interrupt.o
 .debug_ranges  0x00000000000004b0       0x10 ./user_c/gif.o
 .debug_ranges  0x00000000000004c0       0xe8 ./user_c/isr.o
 .debug_ranges  0x00000000000005a8       0x28 ./user_c/main.o
 .debug_ranges  0x00000000000005d0       0x28 ./sdk/Startup/startup_ch32v30x.o
 .debug_ranges  0x00000000000005f8       0x48 ./sdk/Peripheral/ch32v30x_exti.o
 .debug_ranges  0x0000000000000640       0x98 ./sdk/Peripheral/ch32v30x_gpio.o
 .debug_ranges  0x00000000000006d8      0x198 ./sdk/Peripheral/ch32v30x_rcc.o
 .debug_ranges  0x0000000000000870       0xc0 ./sdk/Peripheral/ch32v30x_spi.o
 .debug_ranges  0x0000000000000930      0x2e0 ./sdk/Peripheral/ch32v30x_tim.o
 .debug_ranges  0x0000000000000c10       0xf0 ./sdk/Peripheral/ch32v30x_usart.o
 .debug_ranges  0x0000000000000d00       0x40 ./sdk/Peripheral/ch32v30x_usbotg_device.o

.debug_line     0x0000000000000000    0x124d0
 .debug_line    0x0000000000000000      0x339 ./zf_driver/zf_driver_delay.o
 .debug_line    0x0000000000000339      0x5c9 ./zf_driver/zf_driver_gpio.o
 .debug_line    0x0000000000000902       0x91 ./zf_driver/zf_driver_irq.o
 .debug_line    0x0000000000000993     0x1a0b ./zf_driver/zf_driver_spi.o
 .debug_line    0x000000000000239e      0xbe5 ./zf_driver/zf_driver_uart.o
 .debug_line    0x0000000000002f83      0x4b3 ./zf_device/zf_device_bluetooth_ch9141.o
 .debug_line    0x0000000000003436      0x4b7 ./zf_device/zf_device_bluetooth_ch9141_ch2.o
 .debug_line    0x00000000000038ed      0x52e ./zf_device/zf_device_camera.o
 .debug_line    0x0000000000003e1b      0xb14 ./zf_device/zf_device_mt9v03x_dvp.o
 .debug_line    0x000000000000492f     0x1508 ./zf_device/zf_device_oled.o
 .debug_line    0x0000000000005e37      0xd1b ./zf_device/zf_device_scc8660_dvp.o
 .debug_line    0x0000000000006b52       0xc2 ./zf_device/zf_device_type.o
 .debug_line    0x0000000000006c14      0x555 ./zf_device/zf_device_wireless_ch573.o
 .debug_line    0x0000000000007169      0x625 ./zf_device/zf_device_wireless_uart.o
 .debug_line    0x000000000000778e      0x5ab ./zf_common/zf_common_clock.o
 .debug_line    0x0000000000007d39      0xa5a ./zf_common/zf_common_debug.o
 .debug_line    0x0000000000008793      0x60f ./zf_common/zf_common_fifo.o
 .debug_line    0x0000000000008da2      0x17e ./zf_common/zf_common_font.o
 .debug_line    0x0000000000008f20      0x491 ./zf_common/zf_common_interrupt.o
 .debug_line    0x00000000000093b1      0x53c ./user_c/gif.o
 .debug_line    0x00000000000098ed      0xb9d ./user_c/isr.o
 .debug_line    0x000000000000a48a      0xd6c ./user_c/main.o
 .debug_line    0x000000000000b1f6      0x3a6 ./sdk/Startup/startup_ch32v30x.o
 .debug_line    0x000000000000b59c      0x56a ./sdk/Peripheral/ch32v30x_exti.o
 .debug_line    0x000000000000bb06      0xa37 ./sdk/Peripheral/ch32v30x_gpio.o
 .debug_line    0x000000000000c53d     0x1284 ./sdk/Peripheral/ch32v30x_rcc.o
 .debug_line    0x000000000000d7c1      0xa80 ./sdk/Peripheral/ch32v30x_spi.o
 .debug_line    0x000000000000e241     0x2234 ./sdk/Peripheral/ch32v30x_tim.o
 .debug_line    0x0000000000010475      0xc60 ./sdk/Peripheral/ch32v30x_usart.o
 .debug_line    0x00000000000110d5     0x13fb ./sdk/Peripheral/ch32v30x_usbotg_device.o

.debug_str      0x0000000000000000     0x5520
 .debug_str     0x0000000000000000      0x58b ./zf_driver/zf_driver_delay.o
                                        0x615 (size before relaxing)
 .debug_str     0x000000000000058b      0x28d ./zf_driver/zf_driver_gpio.o
                                        0x83c (size before relaxing)
 .debug_str     0x0000000000000818       0x55 ./zf_driver/zf_driver_irq.o
                                         0x8a (size before relaxing)
 .debug_str     0x000000000000086d      0x4eb ./zf_driver/zf_driver_spi.o
                                        0xb33 (size before relaxing)
 .debug_str     0x0000000000000d58      0x90a ./zf_driver/zf_driver_uart.o
                                        0xfd4 (size before relaxing)
 .debug_str     0x0000000000001662      0x1fe ./zf_device/zf_device_bluetooth_ch9141.o
                                        0xa60 (size before relaxing)
 .debug_str     0x0000000000001860      0x125 ./zf_device/zf_device_bluetooth_ch9141_ch2.o
                                        0xa70 (size before relaxing)
 .debug_str     0x0000000000001985      0x1d5 ./zf_device/zf_device_camera.o
                                        0x893 (size before relaxing)
 .debug_str     0x0000000000001b5a      0x1ab ./zf_device/zf_device_mt9v03x_dvp.o
                                        0xb1e (size before relaxing)
 .debug_str     0x0000000000001d05      0x35b ./zf_device/zf_device_oled.o
                                        0xb3b (size before relaxing)
 .debug_str     0x0000000000002060      0x2da ./zf_device/zf_device_scc8660_dvp.o
                                        0xcdf (size before relaxing)
 .debug_str     0x000000000000233a       0x75 ./zf_device/zf_device_type.o
                                        0x229 (size before relaxing)
 .debug_str     0x00000000000023af      0x12c ./zf_device/zf_device_wireless_ch573.o
                                        0xac4 (size before relaxing)
 .debug_str     0x00000000000024db      0x133 ./zf_device/zf_device_wireless_uart.o
                                        0xacb (size before relaxing)
 .debug_str     0x000000000000260e      0x1a0 ./zf_common/zf_common_clock.o
                                        0x76f (size before relaxing)
 .debug_str     0x00000000000027ae      0x1a0 ./zf_common/zf_common_debug.o
                                        0xa74 (size before relaxing)
 .debug_str     0x000000000000294e      0x12f ./zf_common/zf_common_fifo.o
                                        0x71e (size before relaxing)
 .debug_str     0x0000000000002a7d       0x4a ./zf_common/zf_common_font.o
                                        0x5fc (size before relaxing)
 .debug_str     0x0000000000002ac7      0x17c ./zf_common/zf_common_interrupt.o
                                        0xcbf (size before relaxing)
 .debug_str     0x0000000000002c43      0x36d ./user_c/gif.o
                                        0xb43 (size before relaxing)
 .debug_str     0x0000000000002fb0      0x37a ./user_c/isr.o
                                        0xef0 (size before relaxing)
 .debug_str     0x000000000000332a       0x5c ./user_c/main.o
                                        0xc39 (size before relaxing)
 .debug_str     0x0000000000003386       0x4e ./sdk/Startup/startup_ch32v30x.o
                                         0x8f (size before relaxing)
 .debug_str     0x00000000000033d4      0x201 ./sdk/Peripheral/ch32v30x_exti.o
                                        0x3cb (size before relaxing)
 .debug_str     0x00000000000035d5      0x257 ./sdk/Peripheral/ch32v30x_gpio.o
                                        0x598 (size before relaxing)
 .debug_str     0x000000000000382c      0x64c ./sdk/Peripheral/ch32v30x_rcc.o
                                        0x8ff (size before relaxing)
 .debug_str     0x0000000000003e78      0x2cb ./sdk/Peripheral/ch32v30x_spi.o
                                        0x67e (size before relaxing)
 .debug_str     0x0000000000004143      0xad4 ./sdk/Peripheral/ch32v30x_tim.o
                                        0xe8b (size before relaxing)
 .debug_str     0x0000000000004c17      0x3ae ./sdk/Peripheral/ch32v30x_usart.o
                                        0x715 (size before relaxing)
 .debug_str     0x0000000000004fc5      0x55b ./sdk/Peripheral/ch32v30x_usbotg_device.o
                                        0xc7e (size before relaxing)

.comment        0x0000000000000000       0x33
 .comment       0x0000000000000000       0x33 ./zf_driver/zf_driver_delay.o
                                         0x34 (size before relaxing)
 .comment       0x0000000000000033       0x34 ./zf_driver/zf_driver_gpio.o
 .comment       0x0000000000000033       0x34 ./zf_driver/zf_driver_spi.o
 .comment       0x0000000000000033       0x34 ./zf_driver/zf_driver_uart.o
 .comment       0x0000000000000033       0x34 ./zf_device/zf_device_bluetooth_ch9141.o
 .comment       0x0000000000000033       0x34 ./zf_device/zf_device_bluetooth_ch9141_ch2.o
 .comment       0x0000000000000033       0x34 ./zf_device/zf_device_camera.o
 .comment       0x0000000000000033       0x34 ./zf_device/zf_device_mt9v03x_dvp.o
 .comment       0x0000000000000033       0x34 ./zf_device/zf_device_oled.o
 .comment       0x0000000000000033       0x34 ./zf_device/zf_device_scc8660_dvp.o
 .comment       0x0000000000000033       0x34 ./zf_device/zf_device_type.o
 .comment       0x0000000000000033       0x34 ./zf_device/zf_device_wireless_ch573.o
 .comment       0x0000000000000033       0x34 ./zf_device/zf_device_wireless_uart.o
 .comment       0x0000000000000033       0x34 ./zf_common/zf_common_clock.o
 .comment       0x0000000000000033       0x34 ./zf_common/zf_common_debug.o