Archive member included to satisfy reference by file (symbol)

c:/mounriver/mounriver_studio/toolchain/risc-v embedded gcc/bin/../lib/gcc/riscv-none-embed/8.2.0/rv32imafc/ilp32f\libgcc.a(adddf3.o)
                              ./zf_common/zf_common_function.o (__adddf3)
c:/mounriver/mounriver_studio/toolchain/risc-v embedded gcc/bin/../lib/gcc/riscv-none-embed/8.2.0/rv32imafc/ilp32f\libgcc.a(divdf3.o)
                              ./zf_common/zf_common_function.o (__divdf3)
c:/mounriver/mounriver_studio/toolchain/risc-v embedded gcc/bin/../lib/gcc/riscv-none-embed/8.2.0/rv32imafc/ilp32f\libgcc.a(eqdf2.o)
                              ./zf_common/zf_common_function.o (__eqdf2)
c:/mounriver/mounriver_studio/toolchain/risc-v embedded gcc/bin/../lib/gcc/riscv-none-embed/8.2.0/rv32imafc/ilp32f\libgcc.a(ledf2.o)
                              ./zf_common/zf_common_function.o (__ltdf2)
c:/mounriver/mounriver_studio/toolchain/risc-v embedded gcc/bin/../lib/gcc/riscv-none-embed/8.2.0/rv32imafc/ilp32f\libgcc.a(muldf3.o)
                              ./zf_common/zf_common_function.o (__muldf3)
c:/mounriver/mounriver_studio/toolchain/risc-v embedded gcc/bin/../lib/gcc/riscv-none-embed/8.2.0/rv32imafc/ilp32f\libgcc.a(subdf3.o)
                              ./zf_common/zf_common_function.o (__subdf3)
c:/mounriver/mounriver_studio/toolchain/risc-v embedded gcc/bin/../lib/gcc/riscv-none-embed/8.2.0/rv32imafc/ilp32f\libgcc.a(fixdfsi.o)
                              ./zf_common/zf_common_function.o (__fixdfsi)
c:/mounriver/mounriver_studio/toolchain/risc-v embedded gcc/bin/../lib/gcc/riscv-none-embed/8.2.0/rv32imafc/ilp32f\libgcc.a(floatsidf.o)
                              ./zf_common/zf_common_function.o (__floatsidf)
c:/mounriver/mounriver_studio/toolchain/risc-v embedded gcc/bin/../lib/gcc/riscv-none-embed/8.2.0/rv32imafc/ilp32f\libgcc.a(_clzsi2.o)
                              c:/mounriver/mounriver_studio/toolchain/risc-v embedded gcc/bin/../lib/gcc/riscv-none-embed/8.2.0/rv32imafc/ilp32f\libgcc.a(adddf3.o) (__clzsi2)
c:/mounriver/mounriver_studio/toolchain/risc-v embedded gcc/bin/../lib/gcc/riscv-none-embed/8.2.0/rv32imafc/ilp32f\libgcc.a(_clz.o)
                              c:/mounriver/mounriver_studio/toolchain/risc-v embedded gcc/bin/../lib/gcc/riscv-none-embed/8.2.0/rv32imafc/ilp32f\libgcc.a(_clzsi2.o) (__clz_tab)
c:/mounriver/mounriver_studio/toolchain/risc-v embedded gcc/bin/../lib/gcc/riscv-none-embed/8.2.0/../../../../riscv-none-embed/lib/rv32imafc/ilp32f\libg_nano.a(lib_a-memcpy.o)
                              ./zf_common/zf_common_fifo.o (memcpy)
c:/mounriver/mounriver_studio/toolchain/risc-v embedded gcc/bin/../lib/gcc/riscv-none-embed/8.2.0/../../../../riscv-none-embed/lib/rv32imafc/ilp32f\libg_nano.a(lib_a-memset.o)
                              ./zf_driver/zf_driver_flash.o (memset)
c:/mounriver/mounriver_studio/toolchain/risc-v embedded gcc/bin/../lib/gcc/riscv-none-embed/8.2.0/../../../../riscv-none-embed/lib/rv32imafc/ilp32f\libg_nano.a(lib_a-nano-vfprintf_float.o)
                              (_printf_float)
c:/mounriver/mounriver_studio/toolchain/risc-v embedded gcc/bin/../lib/gcc/riscv-none-embed/8.2.0/../../../../riscv-none-embed/lib/rv32imafc/ilp32f\libg_nano.a(lib_a-nano-vfprintf_i.o)
                              c:/mounriver/mounriver_studio/toolchain/risc-v embedded gcc/bin/../lib/gcc/riscv-none-embed/8.2.0/../../../../riscv-none-embed/lib/rv32imafc/ilp32f\libg_nano.a(lib_a-nano-vfprintf_float.o) (_printf_common)
c:/mounriver/mounriver_studio/toolchain/risc-v embedded gcc/bin/../lib/gcc/riscv-none-embed/8.2.0/../../../../riscv-none-embed/lib/rv32imafc/ilp32f\libg_nano.a(lib_a-printf.o)
                              ./zf_common/zf_common_debug.o (printf)
c:/mounriver/mounriver_studio/toolchain/risc-v embedded gcc/bin/../lib/gcc/riscv-none-embed/8.2.0/../../../../riscv-none-embed/lib/rv32imafc/ilp32f\libg_nano.a(lib_a-puts.o)
                              ./sdk/Peripheral/ch32v30x_eth.o (puts)
c:/mounriver/mounriver_studio/toolchain/risc-v embedded gcc/bin/../lib/gcc/riscv-none-embed/8.2.0/../../../../riscv-none-embed/lib/rv32imafc/ilp32f\libg_nano.a(lib_a-sprintf.o)
                              ./zf_common/zf_common_debug.o (sprintf)
c:/mounriver/mounriver_studio/toolchain/risc-v embedded gcc/bin/../lib/gcc/riscv-none-embed/8.2.0/../../../../riscv-none-embed/lib/rv32imafc/ilp32f\libg_nano.a(lib_a-strlen.o)
                              ./zf_device/zf_device_wireless_uart.o (strlen)
c:/mounriver/mounriver_studio/toolchain/risc-v embedded gcc/bin/../lib/gcc/riscv-none-embed/8.2.0/../../../../riscv-none-embed/lib/rv32imafc/ilp32f\libg_nano.a(lib_a-wbuf.o)
                              c:/mounriver/mounriver_studio/toolchain/risc-v embedded gcc/bin/../lib/gcc/riscv-none-embed/8.2.0/../../../../riscv-none-embed/lib/rv32imafc/ilp32f\libg_nano.a(lib_a-puts.o) (__swbuf_r)
[...]
Memory Configuration

Name             Origin             Length             Attributes
RAM              0x0000000020000000 0x0000000000010000 xrw
FLASH            0x0000000000000000 0x0000000000040000 xr
*default*        0x0000000000000000 0xffffffffffffffff

Linker script and memory map

LOAD ./zf_driver/zf_driver_adc.o
LOAD ./zf_driver/zf_driver_delay.o
LOAD ./zf_driver/zf_driver_dvp.o
LOAD ./zf_driver/zf_driver_encoder.o
LOAD ./zf_driver/zf_driver_exti.o
LOAD ./zf_driver/zf_driver_flash.o
LOAD ./zf_driver/zf_driver_gpio.o
LOAD ./zf_driver/zf_driver_irq.o
LOAD ./zf_driver/zf_driver_pit.o
LOAD ./zf_driver/zf_driver_pwm.o
LOAD ./zf_driver/zf_driver_soft_iic.o
LOAD ./zf_driver/zf_driver_spi.o
LOAD ./zf_driver/zf_driver_timer.o
LOAD ./zf_driver/zf_driver_uart.o
LOAD ./zf_driver/zf_driver_usb_cdc.o
LOAD ./zf_device/zf_device_absolute_encoder.o
LOAD ./zf_device/zf_device_bluetooth_ch9141.o
LOAD ./zf_device/zf_device_bluetooth_ch9141_ch2.o
LOAD ./zf_device/zf_device_camera.o
LOAD ./zf_device/zf_device_icm20602.o
LOAD ./zf_device/zf_device_ips114.o
LOAD ./zf_device/zf_device_ips200_parallel8.o
LOAD ./zf_device/zf_device_mpu6050.o
LOAD ./zf_device/zf_device_mt9v03x_dvp.o
LOAD ./zf_device/zf_device_oled.o
LOAD ./zf_device/zf_device_scc8660_dvp.o
LOAD ./zf_device/zf_device_tft180.o
LOAD ./zf_device/zf_device_type.o
LOAD ./zf_device/zf_device_virtual_oscilloscope.o
LOAD ./zf_device/zf_device_wireless_ch573.o
LOAD ./zf_device/zf_device_wireless_uart.o
LOAD ./zf_common/zf_common_clock.o
LOAD ./zf_common/zf_common_debug.o
LOAD ./zf_common/zf_common_fifo.o
LOAD ./zf_common/zf_common_font.o
LOAD ./zf_common/zf_common_function.o
LOAD ./zf_common/zf_common_interrupt.o
LOAD ./user_c/isr.o
LOAD ./user_c/main.o
LOAD ./sdk/Startup/startup_ch32v30x.o
LOAD ./sdk/Startup/system_ch32v30x.o
LOAD ./sdk/Peripheral/ch32v30x_adc.o
LOAD ./sdk/Peripheral/ch32v30x_bkp.o
LOAD ./sdk/Peripheral/ch32v30x_can.o
LOAD ./sdk/Peripheral/ch32v30x_crc.o
LOAD ./sdk/Peripheral/ch32v30x_dac.o
LOAD ./sdk/Peripheral/ch32v30x_dbgmcu.o
LOAD ./sdk/Peripheral/ch32v30x_dma.o
LOAD ./sdk/Peripheral/ch32v30x_dvp.o
LOAD ./sdk/Peripheral/ch32v30x_eth.o
LOAD ./sdk/Peripheral/ch32v30x_exti.o
LOAD ./sdk/Peripheral/ch32v30x_flash.o
LOAD ./sdk/Peripheral/ch32v30x_fsmc.o
LOAD ./sdk/Peripheral/ch32v30x_gpio.o
LOAD ./sdk/Peripheral/ch32v30x_i2c.o
LOAD ./sdk/Peripheral/ch32v30x_iwdg.o
LOAD ./sdk/Peripheral/ch32v30x_misc.o
LOAD ./sdk/Peripheral/ch32v30x_opa.o
LOAD ./sdk/Peripheral/ch32v30x_pwr.o
LOAD ./sdk/Peripheral/ch32v30x_rcc.o
LOAD ./sdk/Peripheral/ch32v30x_rng.o
LOAD ./sdk/Peripheral/ch32v30x_rtc.o
LOAD ./sdk/Peripheral/ch32v30x_sdio.o
LOAD ./sdk/Peripheral/ch32v30x_spi.o
LOAD ./sdk/Peripheral/ch32v30x_tim.o
LOAD ./sdk/Peripheral/ch32v30x_usart.o
LOAD ./sdk/Peripheral/ch32v30x_usbotg_device.o
LOAD ./sdk/Peripheral/ch32v30x_wwdg.o
LOAD ./sdk/Core/core_riscv.o
LOAD c:/mounriver/mounriver_studio/toolchain/risc-v embedded gcc/bin/../lib/gcc/riscv-none-embed/8.2.0/../../../../riscv-none-embed/lib/rv32imafc/ilp32f\libm.a
LOAD c:/mounriver/mounriver_studio/toolchain/risc-v embedded gcc/bin/../lib/gcc/riscv-none-embed/8.2.0/rv32imafc/ilp32f\libgcc.a
LOAD c:/mounriver/mounriver_studio/toolchain/risc-v embedded gcc/bin/../lib/gcc/riscv-none-embed/8.2.0/../../../../riscv-none-embed/lib/rv32imafc/ilp32f\libg_nano.a
LOAD c:/mounriver/mounriver_studio/toolchain/risc-v embedded gcc/bin/../lib/gcc/riscv-none-embed/8.2.0/../../../../riscv-none-embed/lib/rv32imafc/ilp32f\libc_nano.a
LOAD c:/mounriver/mounriver_studio/toolchain/risc-v embedded gcc/bin/../lib/gcc/riscv-none-embed/8.2.0/rv32imafc/ilp32f\libgcc.a
START GROUP
LOAD c:/mounriver/mounriver_studio/toolchain/risc-v embedded gcc/bin/../lib/gcc/riscv-none-embed/8.2.0/rv32imafc/ilp32f\libgcc.a
LOAD c:/mounriver/mounriver_studio/toolchain/risc-v embedded gcc/bin/../lib/gcc/riscv-none-embed/8.2.0/../../../../riscv-none-embed/lib/rv32imafc/ilp32f\libc_nano.a
LOAD c:/mounriver/mounriver_studio/toolchain/risc-v embedded gcc/bin/../lib/gcc/riscv-none-embed/8.2.0/../../../../riscv-none-embed/lib/rv32imafc/ilp32f\libnosys.a
END GROUP
START GROUP
LOAD c:/mounriver/mounriver_studio/toolchain/risc-v embedded gcc/bin/../lib/gcc/riscv-none-embed/8.2.0/rv32imafc/ilp32f\libgcc.a
LOAD c:/mounriver/mounriver_studio/toolchain/risc-v embedded gcc/bin/../lib/gcc/riscv-none-embed/8.2.0/../../../../riscv-none-embed/lib/rv32imafc/ilp32f\libc_nano.a
LOAD c:/mounriver/mounriver_studio/toolchain/risc-v embedded gcc/bin/../lib/gcc/riscv-none-embed/8.2.0/../../../../riscv-none-embed/lib/rv32imafc/ilp32f\libnosys.a
END GROUP
                0x0000000000000800                __stack_size = 0x800
                [!provide]                        PROVIDE (_stack_size = __stack_size)

.init           0x0000000000000000       0x38
                0x0000000000000000                _sinit = .
                0x0000000000000000                . = ALIGN (0x4)
 *(SORT_NONE(.init))
 .init          0x0000000000000000       0x38 ./sdk/Startup/startup_ch32v30x.o
                0x0000000000000000                _start
                0x0000000000000038                . = ALIGN (0x4)
                0x0000000000000038                _einit = .

.vector         0x0000000000000038      0x1c8
 *(.vector)
 .vector        0x0000000000000038      0x1a0 ./sdk/Startup/startup_ch32v30x.o
                0x0000000000000200                . = ALIGN (0x40)
 *fill*         0x00000000000001d8       0x28 

.text           0x0000000000000200     0xc2d4
                0x0000000000000200                . = ALIGN (0x4)
 *(.text)
 .text          0x0000000000000200       0x14 ./zf_driver/zf_driver_irq.o
                0x0000000000000200                dis_interrupt
                0x0000000000000206                en_interrupt
 .text          0x0000000000000214       0xa8 c:/mounriver/mounriver_studio/toolchain/risc-v embedded gcc/bin/../lib/gcc/riscv-none-embed/8.2.0/../../../../riscv-none-embed/lib/rv32imafc/ilp32f\libg_nano.a(lib_a-memset.o)
                0x0000000000000214                memset
 *(.text.*)
 .text.system_delay
                0x00000000000002bc       0x5c ./zf_driver/zf_driver_delay.o
                0x00000000000002bc                system_delay
 .text.gpio_toggle_level
                0x0000000000000318       0x66 ./zf_driver/zf_driver_gpio.o
                0x0000000000000318                gpio_toggle_level
 .text.gpio_init
                0x000000000000037e      0x1a2 ./zf_driver/zf_driver_gpio.o
                0x000000000000037e                gpio_init
 .text.spi_gpio_init
                0x0000000000000520      0x204 ./zf_driver/zf_driver_spi.o
                0x0000000000000520                spi_gpio_init
 .text.spi_init
                0x0000000000000724      0x278 ./zf_driver/zf_driver_spi.o
                0x0000000000000724                spi_init
 .text.spi_write_8bit
                0x000000000000099c       0x56 ./zf_driver/zf_driver_spi.o
                0x000000000000099c                spi_write_8bit
 .text.uart_gpio_init
                0x00000000000009f2      0x3fe ./zf_driver/zf_driver_uart.o
                0x00000000000009f2                uart_gpio_init
 .text.uart_write_byte
                0x0000000000000df0       0x56 ./zf_driver/zf_driver_uart.o
                0x0000000000000df0                uart_write_byte
 .text.uart_write_string
                0x0000000000000e46       0x42 ./zf_driver/zf_driver_uart.o
                0x0000000000000e46                uart_write_string
 .text.uart_query_byte
                0x0000000000000e88       0x5e ./zf_driver/zf_driver_uart.o
                0x0000000000000e88                uart_query_byte
 .text.uart_init
                0x0000000000000ee6      0x2d0 ./zf_driver/zf_driver_uart.o
                0x0000000000000ee6                uart_init
 .text.bluetooth_ch9141_uart_callback_ch1
                0x00000000000011b6       0x28 ./zf_device/zf_device_bluetooth_ch9141.o
                0x00000000000011b6                bluetooth_ch9141_uart_callback_ch1
 .text.bluetooth_ch9141_uart_callback_ch2
                0x00000000000011de       0x28 ./zf_device/zf_device_bluetooth_ch9141_ch2.o
                0x00000000000011de                bluetooth_ch9141_uart_callback_ch2
 .text.camera_uart_handler
                0x0000000000001206       0x38 ./zf_device/zf_device_camera.o
                0x0000000000001206                camera_uart_handler
 .text.camera_dvp_handler
                0x000000000000123e       0x2e ./zf_device/zf_device_camera.o
                0x000000000000123e                camera_dvp_handler
 .text.mt9v03x_uart_callback_dvp
                0x000000000000126c       0x64 ./zf_device/zf_device_mt9v03x_dvp.o
                0x000000000000126c                mt9v03x_uart_callback_dvp
 .text.mt9v03x_handler_dvp
                0x00000000000012d0       0x14 ./zf_device/zf_device_mt9v03x_dvp.o
                0x00000000000012d0                mt9v03x_handler_dvp
 .text.oled_write_data
                0x00000000000012e4       0x4e ./zf_device/zf_device_oled.o
 .text.oled_write_command
                0x0000000000001332       0x4e ./zf_device/zf_device_oled.o
 .text.oled_set_coordinate
                0x0000000000001380       0x96 ./zf_device/zf_device_oled.o
 .text.oled_debug_init
                0x0000000000001416       0x7e ./zf_device/zf_device_oled.o
 .text.oled_clear
                0x0000000000001494       0x60 ./zf_device/zf_device_oled.o
                0x0000000000001494                oled_clear
 .text.oled_set_dir
                0x00000000000014f4       0x1a ./zf_device/zf_device_oled.o
                0x00000000000014f4                oled_set_dir
 .text.oled_show_string
                0x000000000000150e      0x20c ./zf_device/zf_device_oled.o
                0x000000000000150e                oled_show_string
 .text.oled_show_binary_image
                0x000000000000171a      0x3cc ./zf_device/zf_device_oled.o
                0x000000000000171a                oled_show_binary_image
 .text.oled_show_chinese
                0x0000000000001ae6      0x132 ./zf_device/zf_device_oled.o
                0x0000000000001ae6                oled_show_chinese
 .text.oled_init
                0x0000000000001c18      0x1b6 ./zf_device/zf_device_oled.o
                0x0000000000001c18                oled_init
 .text.scc8660_uart_callback_dvp
                0x0000000000001dce       0x66 ./zf_device/zf_device_scc8660_dvp.o
                0x0000000000001dce                scc8660_uart_callback_dvp
 .text.scc8660_vsync_dvp
                0x0000000000001e34       0x14 ./zf_device/zf_device_scc8660_dvp.o
                0x0000000000001e34                scc8660_vsync_dvp
 .text.wireless_ch573_callback
                0x0000000000001e48       0x2a ./zf_device/zf_device_wireless_ch573.o
                0x0000000000001e48                wireless_ch573_callback
 .text.wireless_uart_callback
                0x0000000000001e72       0x2a ./zf_device/zf_device_wireless_uart.o
                0x0000000000001e72                wireless_uart_callback
 .text.clock_init
                0x0000000000001e9c       0x2a ./zf_common/zf_common_clock.o
                0x0000000000001e9c                clock_init
 .text.clock_reset
                0x0000000000001ec6       0x76 ./zf_common/zf_common_clock.o
 .text.clock_set_freq
                0x0000000000001f3c      0x260 ./zf_common/zf_common_clock.o
 .text.__NOP    0x000000000000219c       0x10 ./zf_common/zf_common_debug.o
 .text.debug_delay
                0x00000000000021ac       0x52 ./zf_common/zf_common_debug.o
 .text.debug_uart_str_output
                0x00000000000021fe       0x20 ./zf_common/zf_common_debug.o
 .text.debug_output
                0x000000000000221e      0x352 ./zf_common/zf_common_debug.o
 .text._write   0x0000000000002570       0x7c ./zf_common/zf_common_debug.o
                0x0000000000002570                _write
 .text.debug_assert_handler
                0x00000000000025ec       0x5e ./zf_common/zf_common_debug.o
                0x00000000000025ec                debug_assert_handler
 .text.debug_output_struct_init
                0x000000000000264a       0x5a ./zf_common/zf_common_debug.o
                0x000000000000264a                debug_output_struct_init
 .text.debug_output_init
                0x00000000000026a4       0x88 ./zf_common/zf_common_debug.o
                0x00000000000026a4                debug_output_init
 .text.debug_init
                0x000000000000272c       0x42 ./zf_common/zf_common_debug.o
                0x000000000000272c                debug_init
 .text.fifo_head_offset
                0x000000000000276e       0x4e ./zf_common/zf_common_fifo.o
                0x000000000000276e                fifo_head_offset
 .text.fifo_write_buffer
                0x00000000000027bc      0x100 ./zf_common/zf_common_fifo.o
                0x00000000000027bc                fifo_write_buffer
 .text.interrupt_init
                0x00000000000028bc        0xe ./zf_common/zf_common_interrupt.o
                0x00000000000028bc                interrupt_init
 .text.interrupt_global_enable
                0x00000000000028ca       0x2e ./zf_common/zf_common_interrupt.o
                0x00000000000028ca                interrupt_global_enable
 .text.interrupt_global_disable
                0x00000000000028f8       0x28 ./zf_common/zf_common_interrupt.o
                0x00000000000028f8                interrupt_global_disable
 .text.USART1_IRQHandler
                0x0000000000002920       0x84 ./user_c/isr.o
                0x0000000000002920                USART1_IRQHandler
 .text.USART2_IRQHandler
                0x00000000000029a4       0xb2 ./user_c/isr.o
                0x00000000000029a4                USART2_IRQHandler
 .text.USART3_IRQHandler
                0x0000000000002a56       0x84 ./user_c/isr.o
                0x0000000000002a56                USART3_IRQHandler
 .text.UART4_IRQHandler
                0x0000000000002ada       0x84 ./user_c/isr.o
                0x0000000000002ada                UART4_IRQHandler
 .text.UART5_IRQHandler
                0x0000000000002b5e       0x80 ./user_c/isr.o
                0x0000000000002b5e                UART5_IRQHandler
 .text.UART6_IRQHandler
                0x0000000000002bde       0x84 ./user_c/isr.o
                0x0000000000002bde                UART6_IRQHandler
 .text.UART7_IRQHandler
                0x0000000000002c62       0x9c ./user_c/isr.o
                0x0000000000002c62                UART7_IRQHandler
 .text.UART8_IRQHandler
                0x0000000000002cfe       0x7c ./user_c/isr.o
                0x0000000000002cfe                UART8_IRQHandler
 .text.DVP_IRQHandler
                0x0000000000002d7a       0x8e ./user_c/isr.o
                0x0000000000002d7a                DVP_IRQHandler
 .text.EXTI0_IRQHandler
                0x0000000000002e08       0x74 ./user_c/isr.o
                0x0000000000002e08                EXTI0_IRQHandler
 .text.EXTI1_IRQHandler
                0x0000000000002e7c       0x74 ./user_c/isr.o
                0x0000000000002e7c                EXTI1_IRQHandler
 .text.EXTI2_IRQHandler
                0x0000000000002ef0       0x74 ./user_c/isr.o
                0x0000000000002ef0                EXTI2_IRQHandler
 .text.EXTI3_IRQHandler
                0x0000000000002f64       0x74 ./user_c/isr.o
                0x0000000000002f64                EXTI3_IRQHandler
 .text.EXTI4_IRQHandler
                0x0000000000002fd8       0x74 ./user_c/isr.o
                0x0000000000002fd8                EXTI4_IRQHandler
 .text.EXTI9_5_IRQHandler
                0x000000000000304c       0xd8 ./user_c/isr.o
                0x000000000000304c                EXTI9_5_IRQHandler
 .text.EXTI15_10_IRQHandler
                0x0000000000003124       0xe4 ./user_c/isr.o
                0x0000000000003124                EXTI15_10_IRQHandler
 .text.TIM1_UP_IRQHandler
                0x0000000000003208       0x80 ./user_c/isr.o
                0x0000000000003208                TIM1_UP_IRQHandler
 .text.TIM2_IRQHandler
                0x0000000000003288       0x80 ./user_c/isr.o
                0x0000000000003288                TIM2_IRQHandler
 .text.TIM3_IRQHandler
                0x0000000000003308       0x80 ./user_c/isr.o
                0x0000000000003308                TIM3_IRQHandler
 .text.TIM4_IRQHandler
                0x0000000000003388       0x80 ./user_c/isr.o
                0x0000000000003388                TIM4_IRQHandler
 .text.TIM5_IRQHandler
                0x0000000000003408       0x80 ./user_c/isr.o
                0x0000000000003408                TIM5_IRQHandler
 .text.TIM6_IRQHandler
                0x0000000000003488       0x78 ./user_c/isr.o
                0x0000000000003488                TIM6_IRQHandler
 .text.TIM7_IRQHandler
                0x0000000000003500       0x80 ./user_c/isr.o
                0x0000000000003500                TIM7_IRQHandler
 .text.TIM8_UP_IRQHandler
                0x0000000000003580       0x80 ./user_c/isr.o
                0x0000000000003580                TIM8_UP_IRQHandler
 .text.TIM9_UP_IRQHandler
                0x0000000000003600       0x80 ./user_c/isr.o
                0x0000000000003600                TIM9_UP_IRQHandler
 .text.TIM10_UP_IRQHandler
                0x0000000000003680       0x78 ./user_c/isr.o
                0x0000000000003680                TIM10_UP_IRQHandler
 .text.NMI_Handler
                0x00000000000036f8       0x10 ./user_c/isr.o
                0x00000000000036f8                NMI_Handler
 .text.HardFault_Handler
                0x0000000000003708        0x8 ./user_c/isr.o
                0x0000000000003708                HardFault_Handler
 .text.main     0x0000000000003710       0x9a ./user_c/main.o
                0x0000000000003710                main
 .text.vector_handler
                0x00000000000037aa       0xbe ./sdk/Startup/startup_ch32v30x.o
                0x00000000000037ae                Ecall_M_Mode_Handler
                0x00000000000037b0                Ecall_U_Mode_Handler
                0x00000000000037b2                Break_Point_Handler
                0x00000000000037b4                SysTick_Handler
                0x00000000000037b6                SW_Handler
                0x00000000000037b8                WWDG_IRQHandler
                0x00000000000037ba                PVD_IRQHandler
                0x00000000000037bc                TAMPER_IRQHandler
                0x00000000000037be                RTC_IRQHandler
                0x00000000000037c0                FLASH_IRQHandler
                0x00000000000037c2                RCC_IRQHandler
                0x00000000000037ce                DMA1_Channel1_IRQHandler
                0x00000000000037d0                DMA1_Channel2_IRQHandler
                0x00000000000037d2                DMA1_Channel3_IRQHandler
                0x00000000000037d4                DMA1_Channel4_IRQHandler
                0x00000000000037d6                DMA1_Channel5_IRQHandler
                0x00000000000037d8                DMA1_Channel6_IRQHandler
                0x00000000000037da                DMA1_Channel7_IRQHandler
                0x00000000000037dc                ADC1_2_IRQHandler
                0x00000000000037de                USB_HP_CAN1_TX_IRQHandler
                0x00000000000037e0                USB_LP_CAN1_RX0_IRQHandler
                0x00000000000037e2                CAN1_RX1_IRQHandler
                0x00000000000037e4                CAN1_SCE_IRQHandler
                0x00000000000037e8                TIM1_BRK_IRQHandler
                0x00000000000037ec                TIM1_TRG_COM_IRQHandler
                0x00000000000037ee                TIM1_CC_IRQHandler
                0x00000000000037f6                I2C1_EV_IRQHandler
                0x00000000000037f8                I2C1_ER_IRQHandler
                0x00000000000037fa                I2C2_EV_IRQHandler
                0x00000000000037fc                I2C2_ER_IRQHandler
                0x00000000000037fe                SPI1_IRQHandler
                0x0000000000003800                SPI2_IRQHandler
                0x000000000000380a                RTCAlarm_IRQHandler
                0x000000000000380c                USBWakeUp_IRQHandler
                0x000000000000380e                TIM8_BRK_IRQHandler
                0x0000000000003812                TIM8_TRG_COM_IRQHandler
                0x0000000000003814                TIM8_CC_IRQHandler
                0x0000000000003816                RNG_IRQHandler
                0x0000000000003818                FSMC_IRQHandler
                0x000000000000381a                SDIO_IRQHandler
                0x000000000000381e                SPI3_IRQHandler
                0x0000000000003828                DMA2_Channel1_IRQHandler
                0x000000000000382a                DMA2_Channel2_IRQHandler
                0x000000000000382c                DMA2_Channel3_IRQHandler
                0x000000000000382e                DMA2_Channel4_IRQHandler
                0x0000000000003830                DMA2_Channel5_IRQHandler
                0x0000000000003832                ETH_IRQHandler
                0x0000000000003834                ETH_WKUP_IRQHandler
                0x0000000000003836                CAN2_TX_IRQHandler
                0x0000000000003838                CAN2_RX0_IRQHandler
                0x000000000000383a                CAN2_RX1_IRQHandler
                0x000000000000383c                CAN2_SCE_IRQHandler
                0x0000000000003840                USBHSWakeup_IRQHandler
                0x0000000000003842                USBHS_IRQHandler
                0x000000000000384c                TIM9_BRK_IRQHandler
                0x0000000000003850                TIM9_TRG_COM_IRQHandler
                0x0000000000003852                TIM9_CC_IRQHandler
                0x0000000000003854                TIM10_BRK_IRQHandler
                0x0000000000003858                TIM10_TRG_COM_IRQHandler
                0x000000000000385a                TIM10_CC_IRQHandler
                0x000000000000385c                DMA2_Channel6_IRQHandler
                0x000000000000385e                DMA2_Channel7_IRQHandler
                0x0000000000003860                DMA2_Channel8_IRQHandler
                0x0000000000003862                DMA2_Channel9_IRQHandler
                0x0000000000003864                DMA2_Channel10_IRQHandler
                0x0000000000003866                DMA2_Channel11_IRQHandler
 .text.handle_reset
                0x0000000000003868       0x9e ./sdk/Startup/startup_ch32v30x.o
                0x0000000000003868                handle_reset
 .text.EXTI_GetITStatus
                0x0000000000003906       0x56 ./sdk/Peripheral/ch32v30x_exti.o
                0x0000000000003906                EXTI_GetITStatus
 .text.EXTI_ClearITPendingBit
                0x000000000000395c       0x20 ./sdk/Peripheral/ch32v30x_exti.o
                0x000000000000395c                EXTI_ClearITPendingBit
 .text.GPIO_Init
                0x000000000000397c      0x22a ./sdk/Peripheral/ch32v30x_gpio.o
                0x000000000000397c                GPIO_Init
 .text.GPIO_WriteBit
                0x0000000000003ba6       0x38 ./sdk/Peripheral/ch32v30x_gpio.o
                0x0000000000003ba6                GPIO_WriteBit
 .text.GPIO_PinRemapConfig
                0x0000000000003bde      0x13c ./sdk/Peripheral/ch32v30x_gpio.o
                0x0000000000003bde                GPIO_PinRemapConfig
 .text.RCC_GetClocksFreq
                0x0000000000003d1a      0x2ca ./sdk/Peripheral/ch32v30x_rcc.o
                0x0000000000003d1a                RCC_GetClocksFreq
 .text.RCC_APB2PeriphClockCmd
                0x0000000000003fe4       0x46 ./sdk/Peripheral/ch32v30x_rcc.o
                0x0000000000003fe4                RCC_APB2PeriphClockCmd
 .text.RCC_APB1PeriphClockCmd
                0x000000000000402a       0x46 ./sdk/Peripheral/ch32v30x_rcc.o
                0x000000000000402a                RCC_APB1PeriphClockCmd
 .text.RCC_APB2PeriphResetCmd
                0x0000000000004070       0x46 ./sdk/Peripheral/ch32v30x_rcc.o
                0x0000000000004070                RCC_APB2PeriphResetCmd
 .text.RCC_APB1PeriphResetCmd
                0x00000000000040b6       0x46 ./sdk/Peripheral/ch32v30x_rcc.o
                0x00000000000040b6                RCC_APB1PeriphResetCmd
 .text.SPI_I2S_DeInit
                0x00000000000040fc       0x6a ./sdk/Peripheral/ch32v30x_spi.o
                0x00000000000040fc                SPI_I2S_DeInit
 .text.SPI_Init
                0x0000000000004166       0xf8 ./sdk/Peripheral/ch32v30x_spi.o
                0x0000000000004166                SPI_Init
 .text.SPI_Cmd  0x000000000000425e       0x5a ./sdk/Peripheral/ch32v30x_spi.o
                0x000000000000425e                SPI_Cmd
 .text.TIM_GetITStatus
                0x00000000000042b8       0x70 ./sdk/Peripheral/ch32v30x_tim.o
                0x00000000000042b8                TIM_GetITStatus
 .text.TIM_ClearITPendingBit
                0x0000000000004328       0x2e ./sdk/Peripheral/ch32v30x_tim.o
                0x0000000000004328                TIM_ClearITPendingBit
 .text.USART_Init
                0x0000000000004356      0x234 ./sdk/Peripheral/ch32v30x_usart.o
                0x0000000000004356                USART_Init
 .text.USART_Cmd
                0x000000000000458a       0x60 ./sdk/Peripheral/ch32v30x_usart.o
                0x000000000000458a                USART_Cmd
 .text.USART_SendData
                0x00000000000045ea       0x2e ./sdk/Peripheral/ch32v30x_usart.o
                0x00000000000045ea                USART_SendData
 .text.USART_GetFlagStatus
                0x0000000000004618       0x46 ./sdk/Peripheral/ch32v30x_usart.o
                0x0000000000004618                USART_GetFlagStatus
 .text.USART_GetITStatus
                0x000000000000465e      0x102 ./sdk/Peripheral/ch32v30x_usart.o
                0x000000000000465e                USART_GetITStatus
 .text.USART_ClearITPendingBit
                0x0000000000004760       0x4e ./sdk/Peripheral/ch32v30x_usart.o
                0x0000000000004760                USART_ClearITPendingBit
 .text.DevEP1_IN_Deal
                0x00000000000047ae       0x3e ./sdk/Peripheral/ch32v30x_usbotg_device.o
                0x00000000000047ae                DevEP1_IN_Deal
 .text.DevEP2_IN_Deal
                0x00000000000047ec       0x3e ./sdk/Peripheral/ch32v30x_usbotg_device.o
                0x00000000000047ec                DevEP2_IN_Deal
 .text.DevEP1_OUT_Deal
                0x000000000000482a       0x64 ./sdk/Peripheral/ch32v30x_usbotg_device.o
                0x000000000000482a                DevEP1_OUT_Deal
 .text.DevEP2_OUT_Deal
                0x000000000000488e       0x64 ./sdk/Peripheral/ch32v30x_usbotg_device.o
                0x000000000000488e                DevEP2_OUT_Deal
 .text.OTG_FS_IRQHandler
                0x00000000000048f2      0xcc4 ./sdk/Peripheral/ch32v30x_usbotg_device.o
                0x00000000000048f2                OTG_FS_IRQHandler
 .text.__adddf3
                0x00000000000055b6      0xa0e c:/mounriver/mounriver_studio/toolchain/risc-v embedded gcc/bin/../lib/gcc/riscv-none-embed/8.2.0/rv32imafc/ilp32f\libgcc.a(adddf3.o)
                0x00000000000055b6                __adddf3
 .text.__divdf3
                0x0000000000005fc4      0x7ea c:/mounriver/mounriver_studio/toolchain/risc-v embedded gcc/bin/../lib/gcc/riscv-none-embed/8.2.0/rv32imafc/ilp32f\libgcc.a(divdf3.o)
                0x0000000000005fc4                __divdf3
 .text.__eqdf2  0x00000000000067ae       0x98 c:/mounriver/mounriver_studio/toolchain/risc-v embedded gcc/bin/../lib/gcc/riscv-none-embed/8.2.0/rv32imafc/ilp32f\libgcc.a(eqdf2.o)
                0x00000000000067ae                __nedf2
                0x00000000000067ae                __eqdf2
 .text.__ledf2  0x0000000000006846       0xb6 c:/mounriver/mounriver_studio/toolchain/risc-v embedded gcc/bin/../lib/gcc/riscv-none-embed/8.2.0/rv32imafc/ilp32f\libgcc.a(ledf2.o)
                0x0000000000006846                __ledf2
                0x0000000000006846                __ltdf2
 .text.__muldf3
                0x00000000000068fc      0x656 c:/mounriver/mounriver_studio/toolchain/risc-v embedded gcc/bin/../lib/gcc/riscv-none-embed/8.2.0/rv32imafc/ilp32f\libgcc.a(muldf3.o)
                0x00000000000068fc                __muldf3
 .text.__subdf3
                0x0000000000006f52      0xa8a c:/mounriver/mounriver_studio/toolchain/risc-v embedded gcc/bin/../lib/gcc/riscv-none-embed/8.2.0/rv32imafc/ilp32f\libgcc.a(subdf3.o)
                0x0000000000006f52                __subdf3
 .text.__fixdfsi
                0x00000000000079dc       0xd8 c:/mounriver/mounriver_studio/toolchain/risc-v embedded gcc/bin/../lib/gcc/riscv-none-embed/8.2.0/rv32imafc/ilp32f\libgcc.a(fixdfsi.o)
                0x00000000000079dc                __fixdfsi
 .text.__floatsidf
                0x0000000000007ab4       0x70 c:/mounriver/mounriver_studio/toolchain/risc-v embedded gcc/bin/../lib/gcc/riscv-none-embed/8.2.0/rv32imafc/ilp32f\libgcc.a(floatsidf.o)
                0x0000000000007ab4                __floatsidf
 .text.__clzsi2
                0x0000000000007b24       0x76 c:/mounriver/mounriver_studio/toolchain/risc-v embedded gcc/bin/../lib/gcc/riscv-none-embed/8.2.0/rv32imafc/ilp32f\libgcc.a(_clzsi2.o)
                0x0000000000007b24                __clzsi2
 .text.memcpy   0x0000000000007b9a       0xb6 c:/mounriver/mounriver_studio/toolchain/risc-v embedded gcc/bin/../lib/gcc/riscv-none-embed/8.2.0/../../../../riscv-none-embed/lib/rv32imafc/ilp32f\libg_nano.a(lib_a-memcpy.o)
                0x0000000000007b9a                memcpy
 .text.__cvt    0x0000000000007c50       0xee c:/mounriver/mounriver_studio/toolchain/risc-v embedded gcc/bin/../lib/gcc/riscv-none-embed/8.2.0/../../../../riscv-none-embed/lib/rv32imafc/ilp32f\libg_nano.a(lib_a-nano-vfprintf_float.o)
                0x0000000000007c50                __cvt
 .text.__exponent
                0x0000000000007d3e       0x8c c:/mounriver/mounriver_studio/toolchain/risc-v embedded gcc/bin/../lib/gcc/riscv-none-embed/8.2.0/../../../../riscv-none-embed/lib/rv32imafc/ilp32f\libg_nano.a(lib_a-nano-vfprintf_float.o)
                0x0000000000007d3e                __exponent
 .text._printf_float
                0x0000000000007dca      0x4c4 c:/mounriver/mounriver_studio/toolchain/risc-v embedded gcc/bin/../lib/gcc/riscv-none-embed/8.2.0/../../../../riscv-none-embed/lib/rv32imafc/ilp32f\libg_nano.a(lib_a-nano-vfprintf_float.o)
                0x0000000000007dca                _printf_float
 .text._printf_common
                0x000000000000828e      0x10c c:/mounriver/mounriver_studio/toolchain/risc-v embedded gcc/bin/../lib/gcc/riscv-none-embed/8.2.0/../../../../riscv-none-embed/lib/rv32imafc/ilp32f\libg_nano.a(lib_a-nano-vfprintf_i.o)
                0x000000000000828e                _printf_common
 .text._printf_i
                0x000000000000839a      0x2ac c:/mounriver/mounriver_studio/toolchain/risc-v embedded gcc/bin/../lib/gcc/riscv-none-embed/8.2.0/../../../../riscv-none-embed/lib/rv32imafc/ilp32f\libg_nano.a(lib_a-nano-vfprintf_i.o)
                0x000000000000839a                _printf_i
 .text.printf   0x0000000000008646       0x42 c:/mounriver/mounriver_studio/toolchain/risc-v embedded gcc/bin/../lib/gcc/riscv-none-embed/8.2.0/../../../../riscv-none-embed/lib/rv32imafc/ilp32f\libg_nano.a(lib_a-printf.o)
                0x0000000000008646                iprintf
                0x0000000000008646                printf
 .text.sprintf  0x0000000000008688       0x46 c:/mounriver/mounriver_studio/toolchain/risc-v embedded gcc/bin/../lib/gcc/riscv-none-embed/8.2.0/../../../../riscv-none-embed/lib/rv32imafc/ilp32f\libg_nano.a(lib_a-sprintf.o)
                0x0000000000008688                siprintf
                0x0000000000008688                sprintf
 .text.strlen   0x00000000000086ce       0x12 c:/mounriver/mounriver_studio/toolchain/risc-v embedded gcc/bin/../lib/gcc/riscv-none-embed/8.2.0/../../../../riscv-none-embed/lib/rv32imafc/ilp32f\libg_nano.a(lib_a-strlen.o)
                0x00000000000086ce                strlen
 .text.__swbuf_r
                0x00000000000086e0       0xc6 c:/mounriver/mounriver_studio/toolchain/risc-v embedded gcc/bin/../lib/gcc/riscv-none-embed/8.2.0/../../../../riscv-none-embed/lib/rv32imafc/ilp32f\libg_nano.a(lib_a-wbuf.o)
                0x00000000000086e0                __swbuf_r
 .text.__swsetup_r
                0x00000000000087a6      0x112 c:/mounriver/mounriver_studio/toolchain/risc-v embedded gcc/bin/../lib/gcc/riscv-none-embed/8.2.0/../../../../riscv-none-embed/lib/rv32imafc/ilp32f\libg_nano.a(lib_a-wsetup.o)
                0x00000000000087a6                __swsetup_r
 .text.quorem   0x00000000000088b8      0x13a c:/mounriver/mounriver_studio/toolchain/risc-v embedded gcc/bin/../lib/gcc/riscv-none-embed/8.2.0/../../../../riscv-none-embed/lib/rv32imafc/ilp32f\libg_nano.a(lib_a-dtoa.o)
 .text._dtoa_r  0x00000000000089f2      0xc02 c:/mounriver/mounriver_studio/toolchain/risc-v embedded gcc/bin/../lib/gcc/riscv-none-embed/8.2.0/../../../../riscv-none-embed/lib/rv32imafc/ilp32f\libg_nano.a(lib_a-dtoa.o)
                0x00000000000089f2                _dtoa_r
 .text.__sflush_r
                0x00000000000095f4      0x13e c:/mounriver/mounriver_studio/toolchain/risc-v embedded gcc/bin/../lib/gcc/riscv-none-embed/8.2.0/../../../../riscv-none-embed/lib/rv32imafc/ilp32f\libg_nano.a(lib_a-fflush.o)
                0x00000000000095f4                __sflush_r
 .text._fflush_r
                0x0000000000009732       0x66 c:/mounriver/mounriver_studio/toolchain/risc-v embedded gcc/bin/../lib/gcc/riscv-none-embed/8.2.0/../../../../riscv-none-embed/lib/rv32imafc/ilp32f\libg_nano.a(lib_a-fflush.o)
                0x0000000000009732                _fflush_r
 .text.std      0x0000000000009798       0x6a c:/mounriver/mounriver_studio/toolchain/risc-v embedded gcc/bin/../lib/gcc/riscv-none-embed/8.2.0/../../../../riscv-none-embed/lib/rv32imafc/ilp32f\libg_nano.a(lib_a-findfp.o)
 .text._cleanup_r
                0x0000000000009802        0xa c:/mounriver/mounriver_studio/toolchain/risc-v embedded gcc/bin/../lib/gcc/riscv-none-embed/8.2.0/../../../../riscv-none-embed/lib/rv32imafc/ilp32f\libg_nano.a(lib_a-findfp.o)
                0x0000000000009802                _cleanup_r
 .text.__sfmoreglue
                0x000000000000980c       0x48 c:/mounriver/mounriver_studio/toolchain/risc-v embedded gcc/bin/../lib/gcc/riscv-none-embed/8.2.0/../../../../riscv-none-embed/lib/rv32imafc/ilp32f\libg_nano.a(lib_a-findfp.o)
                0x000000000000980c                __sfmoreglue
 .text.__sinit  0x0000000000009854       0x6c c:/mounriver/mounriver_studio/toolchain/risc-v embedded gcc/bin/../lib/gcc/riscv-none-embed/8.2.0/../../../../riscv-none-embed/lib/rv32imafc/ilp32f\libg_nano.a(lib_a-findfp.o)
                0x0000000000009854                __sinit
 .text.__sfp    0x00000000000098c0       0xa0 c:/mounriver/mounriver_studio/toolchain/risc-v embedded gcc/bin/../lib/gcc/riscv-none-embed/8.2.0/../../../../riscv-none-embed/lib/rv32imafc/ilp32f\libg_nano.a(lib_a-findfp.o)
                0x00000000000098c0                __sfp
 .text._fwalk_reent
                0x0000000000009960       0x6c c:/mounriver/mounriver_studio/toolchain/risc-v embedded gcc/bin/../lib/gcc/riscv-none-embed/8.2.0/../../../../riscv-none-embed/lib/rv32imafc/ilp32f\libg_nano.a(lib_a-fwalk.o)
                0x0000000000009960                _fwalk_reent
 .text._localeconv_r
                0x00000000000099cc       0x18 c:/mounriver/mounriver_studio/toolchain/risc-v embedded gcc/bin/../lib/gcc/riscv-none-embed/8.2.0/../../../../riscv-none-embed/lib/rv32imafc/ilp32f\libg_nano.a(lib_a-localeconv.o)
                0x00000000000099cc                _localeconv_r
 .text.__swhatbuf_r
                0x00000000000099e4       0x5a c:/mounriver/mounriver_studio/toolchain/risc-v embedded gcc/bin/../lib/gcc/riscv-none-embed/8.2.0/../../../../riscv-none-embed/lib/rv32imafc/ilp32f\libg_nano.a(lib_a-makebuf.o)
                0x00000000000099e4                __swhatbuf_r
 .text.__smakebuf_r
                0x0000000000009a3e       0xa2 c:/mounriver/mounriver_studio/toolchain/risc-v embedded gcc/bin/../lib/gcc/riscv-none-embed/8.2.0/../../../../riscv-none-embed/lib/rv32imafc/ilp32f\libg_nano.a(lib_a-makebuf.o)
                0x0000000000009a3e                __smakebuf_r
 .text.malloc   0x0000000000009ae0        0xc c:/mounriver/mounriver_studio/toolchain/risc-v embedded gcc/bin/../lib/gcc/riscv-none-embed/8.2.0/../../../../riscv-none-embed/lib/rv32imafc/ilp32f\libg_nano.a(lib_a-malloc.o)
                0x0000000000009ae0                malloc
 .text.memchr   0x0000000000009aec       0x1a c:/mounriver/mounriver_studio/toolchain/risc-v embedded gcc/bin/../lib/gcc/riscv-none-embed/8.2.0/../../../../riscv-none-embed/lib/rv32imafc/ilp32f\libg_nano.a(lib_a-memchr.o)
                0x0000000000009aec                memchr
 .text._Balloc  0x0000000000009b06       0x88 c:/mounriver/mounriver_studio/toolchain/risc-v embedded gcc/bin/../lib/gcc/riscv-none-embed/8.2.0/../../../../riscv-none-embed/lib/rv32imafc/ilp32f\libg_nano.a(lib_a-mprec.o)
                0x0000000000009b06                _Balloc
 .text._Bfree   0x0000000000009b8e       0x44 c:/mounriver/mounriver_studio/toolchain/risc-v embedded gcc/bin/../lib/gcc/riscv-none-embed/8.2.0/../../../../riscv-none-embed/lib/rv32imafc/ilp32f\libg_nano.a(lib_a-mprec.o)
                0x0000000000009b8e                _Bfree
 .text.__multadd
                0x0000000000009bd2       0x98 c:/mounriver/mounriver_studio/toolchain/risc-v embedded gcc/bin/../lib/gcc/riscv-none-embed/8.2.0/../../../../riscv-none-embed/lib/rv32imafc/ilp32f\libg_nano.a(lib_a-mprec.o)
                0x0000000000009bd2                __multadd
 .text.__hi0bits
                0x0000000000009c6a       0x46 c:/mounriver/mounriver_studio/toolchain/risc-v embedded gcc/bin/../lib/gcc/riscv-none-embed/8.2.0/../../../../riscv-none-embed/lib/rv32imafc/ilp32f\libg_nano.a(lib_a-mprec.o)
                0x0000000000009c6a                __hi0bits
 .text.__lo0bits
                0x0000000000009cb0       0x6a c:/mounriver/mounriver_studio/toolchain/risc-v embedded gcc/bin/../lib/gcc/riscv-none-embed/8.2.0/../../../../riscv-none-embed/lib/rv32imafc/ilp32f\libg_nano.a(lib_a-mprec.o)
                0x0000000000009cb0                __lo0bits
 .text.__i2b    0x0000000000009d1a       0x1c c:/mounriver/mounriver_studio/toolchain/risc-v embedded gcc/bin/../lib/gcc/riscv-none-embed/8.2.0/../../../../riscv-none-embed/lib/rv32imafc/ilp32f\libg_nano.a(lib_a-mprec.o)
                0x0000000000009d1a                __i2b
 .text.__multiply
                0x0000000000009d36      0x144 c:/mounriver/mounriver_studio/toolchain/risc-v embedded gcc/bin/../lib/gcc/riscv-none-embed/8.2.0/../../../../riscv-none-embed/lib/rv32imafc/ilp32f\libg_nano.a(lib_a-mprec.o)
                0x0000000000009d36                __multiply
 .text.__pow5mult
                0x0000000000009e7a       0xbe c:/mounriver/mounriver_studio/toolchain/risc-v embedded gcc/bin/../lib/gcc/riscv-none-embed/8.2.0/../../../../riscv-none-embed/lib/rv32imafc/ilp32f\libg_nano.a(lib_a-mprec.o)
                0x0000000000009e7a                __pow5mult
 .text.__lshift
                0x0000000000009f38       0xce c:/mounriver/mounriver_studio/toolchain/risc-v embedded gcc/bin/../lib/gcc/riscv-none-embed/8.2.0/../../../../riscv-none-embed/lib/rv32imafc/ilp32f\libg_nano.a(lib_a-mprec.o)
                0x0000000000009f38                __lshift
 .text.__mcmp   0x000000000000a006       0x32 c:/mounriver/mounriver_studio/toolchain/risc-v embedded gcc/bin/../lib/gcc/riscv-none-embed/8.2.0/../../../../riscv-none-embed/lib/rv32imafc/ilp32f\libg_nano.a(lib_a-mprec.o)
                0x000000000000a006                __mcmp
 .text.__mdiff  0x000000000000a038       0xf2 c:/mounriver/mounriver_studio/toolchain/risc-v embedded gcc/bin/../lib/gcc/riscv-none-embed/8.2.0/../../../../riscv-none-embed/lib/rv32imafc/ilp32f\libg_nano.a(lib_a-mprec.o)
                0x000000000000a038                __mdiff
 .text.__d2b    0x000000000000a12a       0xd4 c:/mounriver/mounriver_studio/toolchain/risc-v embedded gcc/bin/../lib/gcc/riscv-none-embed/8.2.0/../../../../riscv-none-embed/lib/rv32imafc/ilp32f\libg_nano.a(lib_a-mprec.o)
                0x000000000000a12a                __d2b
 .text._calloc_r
                0x000000000000a1fe       0x26 c:/mounriver/mounriver_studio/toolchain/risc-v embedded gcc/bin/../lib/gcc/riscv-none-embed/8.2.0/../../../../riscv-none-embed/lib/rv32imafc/ilp32f\libg_nano.a(lib_a-nano-callocr.o)
                0x000000000000a1fe                _calloc_r
 .text._free_r  0x000000000000a224       0xa8 c:/mounriver/mounriver_studio/toolchain/risc-v embedded gcc/bin/../lib/gcc/riscv-none-embed/8.2.0/../../../../riscv-none-embed/lib/rv32imafc/ilp32f\libg_nano.a(lib_a-nano-freer.o)
                0x000000000000a224                _free_r
 .text._malloc_r
                0x000000000000a2cc       0xd4 c:/mounriver/mounriver_studio/toolchain/risc-v embedded gcc/bin/../lib/gcc/riscv-none-embed/8.2.0/../../../../riscv-none-embed/lib/rv32imafc/ilp32f\libg_nano.a(lib_a-nano-mallocr.o)
                0x000000000000a2cc                _malloc_r
 .text.__ssputs_r
                0x000000000000a3a0       0xee c:/mounriver/mounriver_studio/toolchain/risc-v embedded gcc/bin/../lib/gcc/riscv-none-embed/8.2.0/../../../../riscv-none-embed/lib/rv32imafc/ilp32f\libg_nano.a(lib_a-nano-svfprintf.o)
                0x000000000000a3a0                __ssputs_r
 .text._svfprintf_r
                0x000000000000a48e      0x27e c:/mounriver/mounriver_studio/toolchain/risc-v embedded gcc/bin/../lib/gcc/riscv-none-embed/8.2.0/../../../../riscv-none-embed/lib/rv32imafc/ilp32f\libg_nano.a(lib_a-nano-svfprintf.o)
                0x000000000000a48e                _svfiprintf_r
                0x000000000000a48e                _svfprintf_r
 .text.__sfputc_r
                0x000000000000a70c       0x2a c:/mounriver/mounriver_studio/toolchain/risc-v embedded gcc/bin/../lib/gcc/riscv-none-embed/8.2.0/../../../../riscv-none-embed/lib/rv32imafc/ilp32f\libg_nano.a(lib_a-nano-vfprintf.o)
 .text.__sfputs_r
                0x000000000000a736       0x44 c:/mounriver/mounriver_studio/toolchain/risc-v embedded gcc/bin/../lib/gcc/riscv-none-embed/8.2.0/../../../../riscv-none-embed/lib/rv32imafc/ilp32f\libg_nano.a(lib_a-nano-vfprintf.o)
                0x000000000000a736                __sfputs_r
 .text._vfprintf_r
                0x000000000000a77a      0x2a0 c:/mounriver/mounriver_studio/toolchain/risc-v embedded gcc/bin/../lib/gcc/riscv-none-embed/8.2.0/../../../../riscv-none-embed/lib/rv32imafc/ilp32f\libg_nano.a(lib_a-nano-vfprintf.o)
                0x000000000000a77a                _vfprintf_r
                0x000000000000a77a                _vfiprintf_r
 .text._sbrk_r  0x000000000000aa1a       0x2a c:/mounriver/mounriver_studio/toolchain/risc-v embedded gcc/bin/../lib/gcc/riscv-none-embed/8.2.0/../../../../riscv-none-embed/lib/rv32imafc/ilp32f\libg_nano.a(lib_a-sbrkr.o)
                0x000000000000aa1a                _sbrk_r
 .text.__sread  0x000000000000aa44       0x30 c:/mounriver/mounriver_studio/toolchain/risc-v embedded gcc/bin/../lib/gcc/riscv-none-embed/8.2.0/../../../../riscv-none-embed/lib/rv32imafc/ilp32f\libg_nano.a(lib_a-stdio.o)
                0x000000000000aa44                __sread
 .text.__swrite
                0x000000000000aa74       0x4e c:/mounriver/mounriver_studio/toolchain/risc-v embedded gcc/bin/../lib/gcc/riscv-none-embed/8.2.0/../../../../riscv-none-embed/lib/rv32imafc/ilp32f\libg_nano.a(lib_a-stdio.o)
                0x000000000000aa74                __swrite
 .text.__sseek  0x000000000000aac2       0x36 c:/mounriver/mounriver_studio/toolchain/risc-v embedded gcc/bin/../lib/gcc/riscv-none-embed/8.2.0/../../../../riscv-none-embed/lib/rv32imafc/ilp32f\libg_nano.a(lib_a-stdio.o)
                0x000000000000aac2                __sseek
 .text.__sclose
                0x000000000000aaf8        0x6 c:/mounriver/mounriver_studio/toolchain/risc-v embedded gcc/bin/../lib/gcc/riscv-none-embed/8.2.0/../../../../riscv-none-embed/lib/rv32imafc/ilp32f\libg_nano.a(lib_a-stdio.o)
                0x000000000000aaf8                __sclose
 .text._write_r
                0x000000000000aafe       0x2e c:/mounriver/mounriver_studio/toolchain/risc-v embedded gcc/bin/../lib/gcc/riscv-none-embed/8.2.0/../../../../riscv-none-embed/lib/rv32imafc/ilp32f\libg_nano.a(lib_a-writer.o)
                0x000000000000aafe                _write_r
 .text._close_r
                0x000000000000ab2c       0x28 c:/mounriver/mounriver_studio/toolchain/risc-v embedded gcc/bin/../lib/gcc/riscv-none-embed/8.2.0/../../../../riscv-none-embed/lib/rv32imafc/ilp32f\libg_nano.a(lib_a-closer.o)
                0x000000000000ab2c                _close_r
 .text._fstat_r
                0x000000000000ab54       0x2a c:/mounriver/mounriver_studio/toolchain/risc-v embedded gcc/bin/../lib/gcc/riscv-none-embed/8.2.0/../../../../riscv-none-embed/lib/rv32imafc/ilp32f\libg_nano.a(lib_a-fstatr.o)
                0x000000000000ab54                _fstat_r
 .text._isatty_r
                0x000000000000ab7e       0x28 c:/mounriver/mounriver_studio/toolchain/risc-v embedded gcc/bin/../lib/gcc/riscv-none-embed/8.2.0/../../../../riscv-none-embed/lib/rv32imafc/ilp32f\libg_nano.a(lib_a-isattyr.o)
                0x000000000000ab7e                _isatty_r
 .text._lseek_r
                0x000000000000aba6       0x2c c:/mounriver/mounriver_studio/toolchain/risc-v embedded gcc/bin/../lib/gcc/riscv-none-embed/8.2.0/../../../../riscv-none-embed/lib/rv32imafc/ilp32f\libg_nano.a(lib_a-lseekr.o)
                0x000000000000aba6                _lseek_r
 .text.__ascii_mbtowc
                0x000000000000abd2       0x3a c:/mounriver/mounriver_studio/toolchain/risc-v embedded gcc/bin/../lib/gcc/riscv-none-embed/8.2.0/../../../../riscv-none-embed/lib/rv32imafc/ilp32f\libg_nano.a(lib_a-mbtowc_r.o)
                0x000000000000abd2                __ascii_mbtowc
 .text.memmove  0x000000000000ac0c       0x4a c:/mounriver/mounriver_studio/toolchain/risc-v embedded gcc/bin/../lib/gcc/riscv-none-embed/8.2.0/../../../../riscv-none-embed/lib/rv32imafc/ilp32f\libg_nano.a(lib_a-memmove.o)
                0x000000000000ac0c                memmove
 .text.__malloc_lock
                0x000000000000ac56        0x2 c:/mounriver/mounriver_studio/toolchain/risc-v embedded gcc/bin/../lib/gcc/riscv-none-embed/8.2.0/../../../../riscv-none-embed/lib/rv32imafc/ilp32f\libg_nano.a(lib_a-mlock.o)
                0x000000000000ac56                __malloc_lock
 .text.__malloc_unlock
                0x000000000000ac58        0x2 c:/mounriver/mounriver_studio/toolchain/risc-v embedded gcc/bin/../lib/gcc/riscv-none-embed/8.2.0/../../../../riscv-none-embed/lib/rv32imafc/ilp32f\libg_nano.a(lib_a-mlock.o)
                0x000000000000ac58                __malloc_unlock
 .text._realloc_r
                0x000000000000ac5a       0x58 c:/mounriver/mounriver_studio/toolchain/risc-v embedded gcc/bin/../lib/gcc/riscv-none-embed/8.2.0/../../../../riscv-none-embed/lib/rv32imafc/ilp32f\libg_nano.a(lib_a-nano-reallocr.o)
                0x000000000000ac5a                _realloc_r
 .text._read_r  0x000000000000acb2       0x2c c:/mounriver/mounriver_studio/toolchain/risc-v embedded gcc/bin/../lib/gcc/riscv-none-embed/8.2.0/../../../../riscv-none-embed/lib/rv32imafc/ilp32f\libg_nano.a(lib_a-readr.o)
                0x000000000000acb2                _read_r
 .text.__ascii_wctomb
                0x000000000000acde       0x20 c:/mounriver/mounriver_studio/toolchain/risc-v embedded gcc/bin/../lib/gcc/riscv-none-embed/8.2.0/../../../../riscv-none-embed/lib/rv32imafc/ilp32f\libg_nano.a(lib_a-wctomb_r.o)
                0x000000000000acde                __ascii_wctomb
 .text._malloc_usable_size_r
                0x000000000000acfe       0x14 c:/mounriver/mounriver_studio/toolchain/risc-v embedded gcc/bin/../lib/gcc/riscv-none-embed/8.2.0/../../../../riscv-none-embed/lib/rv32imafc/ilp32f\libg_nano.a(lib_a-nano-msizer.o)
                0x000000000000acfe                _malloc_usable_size_r
 .text.__gedf2  0x000000000000ad12       0xb6 c:/mounriver/mounriver_studio/toolchain/risc-v embedded gcc/bin/../lib/gcc/riscv-none-embed/8.2.0/rv32imafc/ilp32f\libgcc.a(gedf2.o)
                0x000000000000ad12                __gedf2
                0x000000000000ad12                __gtdf2
 .text.__unorddf2
                0x000000000000adc8       0x7c c:/mounriver/mounriver_studio/toolchain/risc-v embedded gcc/bin/../lib/gcc/riscv-none-embed/8.2.0/rv32imafc/ilp32f\libgcc.a(unorddf2.o)
                0x000000000000adc8                __unorddf2
 .text.__floatunsidf
                0x000000000000ae44       0x68 c:/mounriver/mounriver_studio/toolchain/risc-v embedded gcc/bin/../lib/gcc/riscv-none-embed/8.2.0/rv32imafc/ilp32f\libgcc.a(floatunsidf.o)
                0x000000000000ae44                __floatunsidf
 .text.__trunctfdf2
                0x000000000000aeac      0x3d0 c:/mounriver/mounriver_studio/toolchain/risc-v embedded gcc/bin/../lib/gcc/riscv-none-embed/8.2.0/rv32imafc/ilp32f\libgcc.a(trunctfdf2.o)
                0x000000000000aeac                __trunctfdf2
 .text._close   0x000000000000b27c        0xc c:/mounriver/mounriver_studio/toolchain/risc-v embedded gcc/bin/../lib/gcc/riscv-none-embed/8.2.0/../../../../riscv-none-embed/lib/rv32imafc/ilp32f\libnosys.a(close.o)
                0x000000000000b27c                _close
 .text._fstat   0x000000000000b288        0xc c:/mounriver/mounriver_studio/toolchain/risc-v embedded gcc/bin/../lib/gcc/riscv-none-embed/8.2.0/../../../../riscv-none-embed/lib/rv32imafc/ilp32f\libnosys.a(fstat.o)
                0x000000000000b288                _fstat
 .text._isatty  0x000000000000b294        0xc c:/mounriver/mounriver_studio/toolchain/risc-v embedded gcc/bin/../lib/gcc/riscv-none-embed/8.2.0/../../../../riscv-none-embed/lib/rv32imafc/ilp32f\libnosys.a(isatty.o)
                0x000000000000b294                _isatty
 .text._lseek   0x000000000000b2a0        0xc c:/mounriver/mounriver_studio/toolchain/risc-v embedded gcc/bin/../lib/gcc/riscv-none-embed/8.2.0/../../../../riscv-none-embed/lib/rv32imafc/ilp32f\libnosys.a(lseek.o)
                0x000000000000b2a0                _lseek
 .text._read    0x000000000000b2ac        0xc c:/mounriver/mounriver_studio/toolchain/risc-v embedded gcc/bin/../lib/gcc/riscv-none-embed/8.2.0/../../../../riscv-none-embed/lib/rv32imafc/ilp32f\libnosys.a(read.o)
                0x000000000000b2ac                _read
 .text._sbrk    0x000000000000b2b8       0x20 c:/mounriver/mounriver_studio/toolchain/risc-v embedded gcc/bin/../lib/gcc/riscv-none-embed/8.2.0/../../../../riscv-none-embed/lib/rv32imafc/ilp32f\libnosys.a(sbrk.o)
                0x000000000000b2b8                _sbrk
 *(.rodata)
 .rodata        0x000000000000b2d8       0x42 ./zf_driver/zf_driver_spi.o
 *fill*         0x000000000000b31a        0x2 
 .rodata        0x000000000000b31c       0x4c ./zf_device/zf_device_oled.o
 .rodata        0x000000000000b368       0x7d ./zf_common/zf_common_debug.o
 *fill*         0x000000000000b3e5        0x3 
 .rodata        0x000000000000b3e8      0x244 ./user_c/main.o
 .rodata        0x000000000000b62c       0x41 ./sdk/Peripheral/ch32v30x_usbotg_device.o
 *(.rodata*)
 *fill*         0x000000000000b66d        0x3 
 .rodata.gpio_group
                0x000000000000b670       0x14 ./zf_driver/zf_driver_gpio.o
                0x000000000000b670                gpio_group
 .rodata.spi_index
                0x000000000000b684        0xc ./zf_driver/zf_driver_spi.o
                0x000000000000b684                spi_index
 .rodata.uart_index
                0x000000000000b690       0x20 ./zf_driver/zf_driver_uart.o
                0x000000000000b690                uart_index
 .rodata.oled_6x8
                0x000000000000b6b0      0x228 ./zf_common/zf_common_font.o
                0x000000000000b6b0                oled_6x8
 .rodata.oled_8x16
                0x000000000000b8d8      0x5f0 ./zf_common/zf_common_font.o
                0x000000000000b8d8                oled_8x16
 .rodata.MyDevDescrHD
                0x000000000000bec8       0x12 ./sdk/Peripheral/ch32v30x_usbotg_device.o
                0x000000000000bec8                MyDevDescrHD
 *fill*         0x000000000000beda        0x2 
 .rodata.MyCfgDescrHD
                0x000000000000bedc       0x43 ./sdk/Peripheral/ch32v30x_usbotg_device.o
                0x000000000000bedc                MyCfgDescrHD
 *fill*         0x000000000000bf1f        0x1 
 .rodata.MyReportDescHD
                0x000000000000bf20       0x14 ./sdk/Peripheral/ch32v30x_usbotg_device.o
                0x000000000000bf20                MyReportDescHD
 .rodata.MyManuInfoHD
                0x000000000000bf34        0xe ./sdk/Peripheral/ch32v30x_usbotg_device.o
                0x000000000000bf34                MyManuInfoHD
 *fill*         0x000000000000bf42        0x2 
 .rodata.MyProdInfoHD
                0x000000000000bf44        0xc ./sdk/Peripheral/ch32v30x_usbotg_device.o
                0x000000000000bf44                MyProdInfoHD
 .rodata.MySerNumInfoHD
                0x000000000000bf50       0x16 ./sdk/Peripheral/ch32v30x_usbotg_device.o
                0x000000000000bf50                MySerNumInfoHD
 *fill*         0x000000000000bf66        0x2 
 .rodata.MyUSBQUADescHD
                0x000000000000bf68        0xa ./sdk/Peripheral/ch32v30x_usbotg_device.o
                0x000000000000bf68                MyUSBQUADescHD
 *fill*         0x000000000000bf72        0x2 
 .rodata.OTG_FS_IRQHandler
                0x000000000000bf74       0xbc ./sdk/Peripheral/ch32v30x_usbotg_device.o
 .rodata.__divdf3
                0x000000000000c030       0x40 c:/mounriver/mounriver_studio/toolchain/risc-v embedded gcc/bin/../lib/gcc/riscv-none-embed/8.2.0/rv32imafc/ilp32f\libgcc.a(divdf3.o)
 .rodata.__muldf3
                0x000000000000c070       0x40 c:/mounriver/mounriver_studio/toolchain/risc-v embedded gcc/bin/../lib/gcc/riscv-none-embed/8.2.0/rv32imafc/ilp32f\libgcc.a(muldf3.o)
 .rodata.__clz_tab
                0x000000000000c0b0      0x100 c:/mounriver/mounriver_studio/toolchain/risc-v embedded gcc/bin/../lib/gcc/riscv-none-embed/8.2.0/rv32imafc/ilp32f\libgcc.a(_clz.o)
                0x000000000000c0b0                __clz_tab
 *fill*         0x000000000000c1b0        0x0 
 .rodata._printf_float.cst8
                0x000000000000c1b0        0x8 c:/mounriver/mounriver_studio/toolchain/risc-v embedded gcc/bin/../lib/gcc/riscv-none-embed/8.2.0/../../../../riscv-none-embed/lib/rv32imafc/ilp32f\libg_nano.a(lib_a-nano-vfprintf_float.o)
 .rodata._printf_float.str1.4
                0x000000000000c1b8       0x12 c:/mounriver/mounriver_studio/toolchain/risc-v embedded gcc/bin/../lib/gcc/riscv-none-embed/8.2.0/../../../../riscv-none-embed/lib/rv32imafc/ilp32f\libg_nano.a(lib_a-nano-vfprintf_float.o)
 *fill*         0x000000000000c1ca        0x2 
 .rodata._printf_i.str1.4
                0x000000000000c1cc       0x25 c:/mounriver/mounriver_studio/toolchain/risc-v embedded gcc/bin/../lib/gcc/riscv-none-embed/8.2.0/../../../../riscv-none-embed/lib/rv32imafc/ilp32f\libg_nano.a(lib_a-nano-vfprintf_i.o)
 *fill*         0x000000000000c1f1        0x7 
 .rodata._dtoa_r.cst8
                0x000000000000c1f8       0x48 c:/mounriver/mounriver_studio/toolchain/risc-v embedded gcc/bin/../lib/gcc/riscv-none-embed/8.2.0/../../../../riscv-none-embed/lib/rv32imafc/ilp32f\libg_nano.a(lib_a-dtoa.o)
 .rodata._dtoa_r.str1.4
                0x000000000000c240       0x10 c:/mounriver/mounriver_studio/toolchain/risc-v embedded gcc/bin/../lib/gcc/riscv-none-embed/8.2.0/../../../../riscv-none-embed/lib/rv32imafc/ilp32f\libg_nano.a(lib_a-dtoa.o)
                                         0x12 (size before relaxing)
 .rodata.__sf_fake_stderr
                0x000000000000c250       0x20 c:/mounriver/mounriver_studio/toolchain/risc-v embedded gcc/bin/../lib/gcc/riscv-none-embed/8.2.0/../../../../riscv-none-embed/lib/rv32imafc/ilp32f\libg_nano.a(lib_a-findfp.o)
                0x000000000000c250                __sf_fake_stderr
 .rodata.__sf_fake_stdin
                0x000000000000c270       0x20 c:/mounriver/mounriver_studio/toolchain/risc-v embedded gcc/bin/../lib/gcc/riscv-none-embed/8.2.0/../../../../riscv-none-embed/lib/rv32imafc/ilp32f\libg_nano.a(lib_a-findfp.o)
                0x000000000000c270                __sf_fake_stdin
 .rodata.__sf_fake_stdout
                0x000000000000c290       0x20 c:/mounriver/mounriver_studio/toolchain/risc-v embedded gcc/bin/../lib/gcc/riscv-none-embed/8.2.0/../../../../riscv-none-embed/lib/rv32imafc/ilp32f\libg_nano.a(lib_a-findfp.o)
                0x000000000000c290                __sf_fake_stdout
 .rodata.__mprec_bigtens
                0x000000000000c2b0       0x28 c:/mounriver/mounriver_studio/toolchain/risc-v embedded gcc/bin/../lib/gcc/riscv-none-embed/8.2.0/../../../../riscv-none-embed/lib/rv32imafc/ilp32f\libg_nano.a(lib_a-mprec.o)
                0x000000000000c2b0                __mprec_bigtens
 .rodata.__mprec_tens
                0x000000000000c2d8       0xc8 c:/mounriver/mounriver_studio/toolchain/risc-v embedded gcc/bin/../lib/gcc/riscv-none-embed/8.2.0/../../../../riscv-none-embed/lib/rv32imafc/ilp32f\libg_nano.a(lib_a-mprec.o)
                0x000000000000c2d8                __mprec_tens
 .rodata.p05.3321
                0x000000000000c3a0        0xc c:/mounriver/mounriver_studio/toolchain/risc-v embedded gcc/bin/../lib/gcc/riscv-none-embed/8.2.0/../../../../riscv-none-embed/lib/rv32imafc/ilp32f\libg_nano.a(lib_a-mprec.o)
 .rodata._svfprintf_r.str1.4
                0x000000000000c3ac       0x13 c:/mounriver/mounriver_studio/toolchain/risc-v embedded gcc/bin/../lib/gcc/riscv-none-embed/8.2.0/../../../../riscv-none-embed/lib/rv32imafc/ilp32f\libg_nano.a(lib_a-nano-svfprintf.o)
 .rodata._vfprintf_r.str1.4
                0x000000000000c3bf       0x13 c:/mounriver/mounriver_studio/toolchain/risc-v embedded gcc/bin/../lib/gcc/riscv-none-embed/8.2.0/../../../../riscv-none-embed/lib/rv32imafc/ilp32f\libg_nano.a(lib_a-nano-vfprintf.o)
 *fill*         0x000000000000c3bf        0x1 
 .rodata._setlocale_r.str1.4
                0x000000000000c3c0        0xa c:/mounriver/mounriver_studio/toolchain/risc-v embedded gcc/bin/../lib/gcc/riscv-none-embed/8.2.0/../../../../riscv-none-embed/lib/rv32imafc/ilp32f\libg_nano.a(lib_a-locale.o)
                                          0xd (size before relaxing)
 *fill*         0x000000000000c3ca        0x2 
 .rodata.str1.4
                0x000000000000c3cc        0x4 c:/mounriver/mounriver_studio/toolchain/risc-v embedded gcc/bin/../lib/gcc/riscv-none-embed/8.2.0/../../../../riscv-none-embed/lib/rv32imafc/ilp32f\libg_nano.a(lib_a-locale.o)
                                          0x2 (size before relaxing)
 .rodata._ctype_
                0x000000000000c3d0      0x101 c:/mounriver/mounriver_studio/toolchain/risc-v embedded gcc/bin/../lib/gcc/riscv-none-embed/8.2.0/../../../../riscv-none-embed/lib/rv32imafc/ilp32f\libg_nano.a(lib_a-ctype_.o)
                0x000000000000c3d0                _ctype_
 *(.glue_7)
 *(.glue_7t)
 *(.gnu.linkonce.t.*)
                0x000000000000c4d4                . = ALIGN (0x4)
 *fill*         0x000000000000c4d1        0x3 

.rela.dyn       0x000000000000c4d4        0x0
 .rela.init     0x000000000000c4d4        0x0 ./zf_driver/zf_driver_delay.o
 .rela.vector   0x000000000000c4d4        0x0 ./zf_driver/zf_driver_delay.o
 .rela.text.handle_reset
                0x000000000000c4d4        0x0 ./zf_driver/zf_driver_delay.o
 .rela.text._svfprintf_r
                0x000000000000c4d4        0x0 ./zf_driver/zf_driver_delay.o
 .rela.text._vfprintf_r
                0x000000000000c4d4        0x0 ./zf_driver/zf_driver_delay.o
 .rela.text._sbrk_r
                0x000000000000c4d4        0x0 ./zf_driver/zf_driver_delay.o
 .rela.text._write_r
                0x000000000000c4d4        0x0 ./zf_driver/zf_driver_delay.o
 .rela.text._close_r
                0x000000000000c4d4        0x0 ./zf_driver/zf_driver_delay.o
 .rela.text._fstat_r
                0x000000000000c4d4        0x0 ./zf_driver/zf_driver_delay.o
 .rela.text._isatty_r
                0x000000000000c4d4        0x0 ./zf_driver/zf_driver_delay.o
 .rela.text._lseek_r
                0x000000000000c4d4        0x0 ./zf_driver/zf_driver_delay.o
 .rela.text._read_r
                0x000000000000c4d4        0x0 ./zf_driver/zf_driver_delay.o
 .rela.text._close
                0x000000000000c4d4        0x0 ./zf_driver/zf_driver_delay.o
 .rela.text._fstat
                0x000000000000c4d4        0x0 ./zf_driver/zf_driver_delay.o
 .rela.text._isatty
                0x000000000000c4d4        0x0 ./zf_driver/zf_driver_delay.o
 .rela.text._lseek
                0x000000000000c4d4        0x0 ./zf_driver/zf_driver_delay.o
 .rela.text._read
                0x000000000000c4d4        0x0 ./zf_driver/zf_driver_delay.o
 .rela.text._sbrk
                0x000000000000c4d4        0x0 ./zf_driver/zf_driver_delay.o

.fini           0x000000000000c4d4        0x0
 *(SORT_NONE(.fini))
                0x000000000000c4d4                . = ALIGN (0x4)
                [!provide]                        PROVIDE (_etext = .)
                [!provide]                        PROVIDE (_eitcm = .)

.preinit_array  0x000000000000c4d4        0x0
                [!provide]                        PROVIDE (__preinit_array_start = .)
 *(.preinit_array)
                [!provide]                        PROVIDE (__preinit_array_end = .)

.init_array     0x000000000000c4d4        0x0
                [!provide]                        PROVIDE (__init_array_start = .)
 *(SORT_BY_INIT_PRIORITY(.init_array.*) SORT_BY_INIT_PRIORITY(.ctors.*))
 *(.init_array EXCLUDE_FILE(*crtend?.o *crtend.o *crtbegin?.o *crtbegin.o) .ctors)
                [!provide]                        PROVIDE (__init_array_end = .)

.fini_array     0x000000000000c4d4        0x0
                [!provide]                        PROVIDE (__fini_array_start = .)
 *(SORT_BY_INIT_PRIORITY(.fini_array.*) SORT_BY_INIT_PRIORITY(.dtors.*))
 *(.fini_array EXCLUDE_FILE(*crtend?.o *crtend.o *crtbegin?.o *crtbegin.o) .dtors)
                [!provide]                        PROVIDE (__fini_array_end = .)

.ctors
 *crtbegin.o(.ctors)
 *crtbegin?.o(.ctors)
 *(EXCLUDE_FILE(*crtend?.o *crtend.o) .ctors)
 *(SORT_BY_NAME(.ctors.*))
 *(.ctors)

.dtors
 *crtbegin.o(.dtors)
 *crtbegin?.o(.dtors)
 *(EXCLUDE_FILE(*crtend?.o *crtend.o) .dtors)
 *(SORT_BY_NAME(.dtors.*))
 *(.dtors)

.dalign         0x0000000020000000        0x0 load address 0x000000000000c4d4
                0x0000000020000000                . = ALIGN (0x4)
                0x0000000020000000                PROVIDE (_data_vma = .)

.dlalign        0x000000000000c4d4        0x0
                0x000000000000c4d4                . = ALIGN (0x4)
                0x000000000000c4d4                PROVIDE (_data_lma = .)

.data           0x0000000020000000      0x240 load address 0x000000000000c4d4
 *(.gnu.linkonce.r.*)
 *(.data .data.*)
 .data.APBAHBPrescTable
                0x0000000020000000       0x10 ./sdk/Peripheral/ch32v30x_rcc.o
 .data.TAB_USB_FS_OSC_DESC
                0x0000000020000010       0x43 ./sdk/Peripheral/ch32v30x_usbotg_device.o
                0x0000000020000010                TAB_USB_FS_OSC_DESC
 *fill*         0x0000000020000053        0x1 
 .data.impure_data
                0x0000000020000054       0x60 c:/mounriver/mounriver_studio/toolchain/risc-v embedded gcc/bin/../lib/gcc/riscv-none-embed/8.2.0/../../../../riscv-none-embed/lib/rv32imafc/ilp32f\libg_nano.a(lib_a-impure.o)
 .data.__global_locale
                0x00000000200000b4      0x16c c:/mounriver/mounriver_studio/toolchain/risc-v embedded gcc/bin/../lib/gcc/riscv-none-embed/8.2.0/../../../../riscv-none-embed/lib/rv32imafc/ilp32f\libg_nano.a(lib_a-locale.o)
                0x00000000200000b4                __global_locale
 *(.gnu.linkonce.d.*)
                0x0000000020000220                . = ALIGN (0x8)
                0x0000000020000a20                PROVIDE (__global_pointer$ = (. + 0x800))
 *(.sdata .sdata.*)
 .sdata.zf_debug_assert_enable
                0x0000000020000220        0x1 ./zf_common/zf_common_debug.o
 *fill*         0x0000000020000221        0x3 
 .sdata.ADCPrescTable
                0x0000000020000224        0x4 ./sdk/Peripheral/ch32v30x_rcc.o
 .sdata.USBHD_Dev_Speed
                0x0000000020000228        0x1 ./sdk/Peripheral/ch32v30x_usbotg_device.o
                0x0000000020000228                USBHD_Dev_Speed
 *fill*         0x0000000020000229        0x3 
 .sdata.LineCoding
                0x000000002000022c        0x7 ./sdk/Peripheral/ch32v30x_usbotg_device.o
                0x000000002000022c                LineCoding
 *fill*         0x0000000020000233        0x1 
 .sdata._impure_ptr
                0x0000000020000234        0x4 c:/mounriver/mounriver_studio/toolchain/risc-v embedded gcc/bin/../lib/gcc/riscv-none-embed/8.2.0/../../../../riscv-none-embed/lib/rv32imafc/ilp32f\libg_nano.a(lib_a-impure.o)
                0x0000000020000234                _impure_ptr
 *(.sdata2.*)
 .sdata2.MyLangDescrHD
                0x0000000020000238        0x4 ./sdk/Peripheral/ch32v30x_usbotg_device.o
                0x0000000020000238                MyLangDescrHD
 .sdata2._global_impure_ptr
                0x000000002000023c        0x4 c:/mounriver/mounriver_studio/toolchain/risc-v embedded gcc/bin/../lib/gcc/riscv-none-embed/8.2.0/../../../../riscv-none-embed/lib/rv32imafc/ilp32f\libg_nano.a(lib_a-impure.o)
                0x000000002000023c                _global_impure_ptr
 *(.gnu.linkonce.s.*)
                0x0000000020000240                . = ALIGN (0x8)
 *(.srodata.cst16)
 *(.srodata.cst8)
 *(.srodata.cst4)
 *(.srodata.cst2)
 *(.srodata .srodata.*)
                0x0000000020000240                . = ALIGN (0x4)
                0x0000000020000240                PROVIDE (_edata = .)

.bss            0x0000000020000240       0xc8 load address 0x000000000000c714
                0x0000000020000240                . = ALIGN (0x4)
                0x0000000020000240                PROVIDE (_sbss = .)
 *(.sbss*)
 .sbss.bluetooth_ch9141_data
                0x0000000020000240        0x1 ./zf_device/zf_device_bluetooth_ch9141.o
 .sbss.bluetooth_ch9141_data_ch2
                0x0000000020000241        0x1 ./zf_device/zf_device_bluetooth_ch9141_ch2.o
 .sbss.mt9v03x_finish_flag_dvp
                0x0000000020000242        0x1 ./zf_device/zf_device_mt9v03x_dvp.o
                0x0000000020000242                mt9v03x_finish_flag_dvp
 *fill*         0x0000000020000243        0x1 
 .sbss.receive_dvp
                0x0000000020000244        0x3 ./zf_device/zf_device_mt9v03x_dvp.o
 .sbss.receive_num_dvp
                0x0000000020000247        0x1 ./zf_device/zf_device_mt9v03x_dvp.o
 .sbss.uart_receive_flag_dvp
                0x0000000020000248        0x1 ./zf_device/zf_device_mt9v03x_dvp.o
 *fill*         0x0000000020000249        0x3 
 .sbss.oled_display_dir
                0x000000002000024c        0x4 ./zf_device/zf_device_oled.o
 .sbss.oled_display_font
                0x0000000020000250        0x4 ./zf_device/zf_device_oled.o
 .sbss.scc8660_uart_receive_dvp
                0x0000000020000254        0x3 ./zf_device/zf_device_scc8660_dvp.o
                0x0000000020000254                scc8660_uart_receive_dvp
 .sbss.scc8660_uart_receive_num_dvp
                0x0000000020000257        0x1 ./zf_device/zf_device_scc8660_dvp.o
                0x0000000020000257                scc8660_uart_receive_num_dvp
 .sbss.scc8660_uart_receive_flag_dvp
                0x0000000020000258        0x1 ./zf_device/zf_device_scc8660_dvp.o
                0x0000000020000258                scc8660_uart_receive_flag_dvp
 .sbss.scc8660_finish_flag_dvp
                0x0000000020000259        0x1 ./zf_device/zf_device_scc8660_dvp.o
                0x0000000020000259                scc8660_finish_flag_dvp
 *fill*         0x000000002000025a        0x2 
 .sbss.camera_type
                0x000000002000025c        0x4 ./zf_device/zf_device_type.o
                0x000000002000025c                camera_type
 .sbss.wireless_type
                0x0000000020000260        0x4 ./zf_device/zf_device_type.o
                0x0000000020000260                wireless_type
 .sbss.wireless_ch573_data
                0x0000000020000264        0x1 ./zf_device/zf_device_wireless_ch573.o
 .sbss.wireless_uart_data
                0x0000000020000265        0x1 ./zf_device/zf_device_wireless_uart.o
 *fill*         0x0000000020000266        0x2 
 .sbss.system_clock
                0x0000000020000268        0x4 ./zf_common/zf_common_clock.o
                0x0000000020000268                system_clock
 .sbss.zf_debug_init_flag
                0x000000002000026c        0x1 ./zf_common/zf_common_debug.o
 .sbss.assert_nest_index.4239
                0x000000002000026d        0x1 ./zf_common/zf_common_debug.o
 *fill*         0x000000002000026e        0x2 
 .sbss.interrupt_nest_count
                0x0000000020000270        0x4 ./zf_common/zf_common_interrupt.o
 .sbss.EP0_DatabufHD
                0x0000000020000274        0x8 ./sdk/Peripheral/ch32v30x_usbotg_device.o
                0x0000000020000274                EP0_DatabufHD
 .sbss.pEP0_RAM_Addr
                0x000000002000027c        0x4 ./sdk/Peripheral/ch32v30x_usbotg_device.o
                0x000000002000027c                pEP0_RAM_Addr
 .sbss.pEP1_RAM_Addr
                0x0000000020000280        0x4 ./sdk/Peripheral/ch32v30x_usbotg_device.o
                0x0000000020000280                pEP1_RAM_Addr
 .sbss.pEP2_RAM_Addr
                0x0000000020000284        0x4 ./sdk/Peripheral/ch32v30x_usbotg_device.o
                0x0000000020000284                pEP2_RAM_Addr
 .sbss.pDescr   0x0000000020000288        0x4 ./sdk/Peripheral/ch32v30x_usbotg_device.o
                0x0000000020000288                pDescr
 .sbss.USBHD_Dev_SetupReqLen
                0x000000002000028c        0x2 ./sdk/Peripheral/ch32v30x_usbotg_device.o
                0x000000002000028c                USBHD_Dev_SetupReqLen
 .sbss.USBHD_Dev_SleepStatus
                0x000000002000028e        0x1 ./sdk/Peripheral/ch32v30x_usbotg_device.o
                0x000000002000028e                USBHD_Dev_SleepStatus
 .sbss.DevConfig
                0x000000002000028f        0x1 ./sdk/Peripheral/ch32v30x_usbotg_device.o
                0x000000002000028f                DevConfig
 .sbss.SetupReqCode
                0x0000000020000290        0x1 ./sdk/Peripheral/ch32v30x_usbotg_device.o
                0x0000000020000290                SetupReqCode
 *fill*         0x0000000020000291        0x1 
 .sbss.SetupReqLen
                0x0000000020000292        0x2 ./sdk/Peripheral/ch32v30x_usbotg_device.o
                0x0000000020000292                SetupReqLen
 .sbss.__malloc_free_list
                0x0000000020000294        0x4 c:/mounriver/mounriver_studio/toolchain/risc-v embedded gcc/bin/../lib/gcc/riscv-none-embed/8.2.0/../../../../riscv-none-embed/lib/rv32imafc/ilp32f\libg_nano.a(lib_a-nano-mallocr.o)
                0x0000000020000294                __malloc_free_list
 .sbss.__malloc_sbrk_start
                0x0000000020000298        0x4 c:/mounriver/mounriver_studio/toolchain/risc-v embedded gcc/bin/../lib/gcc/riscv-none-embed/8.2.0/../../../../riscv-none-embed/lib/rv32imafc/ilp32f\libg_nano.a(lib_a-nano-mallocr.o)
                0x0000000020000298                __malloc_sbrk_start
 .sbss.heap_end.1520
                0x000000002000029c        0x4 c:/mounriver/mounriver_studio/toolchain/risc-v embedded gcc/bin/../lib/gcc/riscv-none-embed/8.2.0/../../../../riscv-none-embed/lib/rv32imafc/ilp32f\libnosys.a(sbrk.o)
 *(.gnu.linkonce.sb.*)
 *(.bss*)
 .bss.bluetooth_ch9141_fifo
                0x00000000200002a0       0x14 ./zf_device/zf_device_bluetooth_ch9141.o
 .bss.bluetooth_ch9141_fifo_ch2
                0x00000000200002b4       0x14 ./zf_device/zf_device_bluetooth_ch9141_ch2.o
 .bss.wireless_ch573_fifo
                0x00000000200002c8       0x14 ./zf_device/zf_device_wireless_ch573.o
 .bss.wireless_uart_fifo
                0x00000000200002dc       0x14 ./zf_device/zf_device_wireless_uart.o
 .bss.debug_output_info
                0x00000000200002f0       0x14 ./zf_common/zf_common_debug.o
 *(.gnu.linkonce.b.*)
 *(COMMON*)
 COMMON         0x0000000020000304        0x4 c:/mounriver/mounriver_studio/toolchain/risc-v embedded gcc/bin/../lib/gcc/riscv-none-embed/8.2.0/../../../../riscv-none-embed/lib/rv32imafc/ilp32f\libg_nano.a(lib_a-reent.o)
                0x0000000020000304                errno
                0x0000000020000308                . = ALIGN (0x4)
                0x0000000020000308                PROVIDE (_ebss = .)
                [!provide]                        PROVIDE (_end = _ebss)
                0x0000000020000308                PROVIDE (end = .)

.stack          0x000000002000f800      0x800
                0x000000002000f800                . = ALIGN (0x4)
                [!provide]                        PROVIDE (_susrstack = .)
                0x0000000020010000                . = (. + __stack_size)
 *fill*         0x000000002000f800      0x800 
                0x0000000020010000                PROVIDE (_eusrstack = .)
OUTPUT(OLEDbasic.elf elf32-littleriscv)

.debug_info     0x0000000000000000    0x18afe
 .debug_info    0x0000000000000000      0x9fb ./zf_driver/zf_driver_delay.o
 .debug_info    0x00000000000009fb      0xe6f ./zf_driver/zf_driver_gpio.o
 .debug_info    0x000000000000186a       0x26 ./zf_driver/zf_driver_irq.o
 .debug_info    0x0000000000001890     0x1500 ./zf_driver/zf_driver_spi.o
 .debug_info    0x0000000000002d90     0x13ad ./zf_driver/zf_driver_uart.o
 .debug_info    0x000000000000413d      0xef3 ./zf_device/zf_device_bluetooth_ch9141.o
 .debug_info    0x0000000000005030      0xef3 ./zf_device/zf_device_bluetooth_ch9141_ch2.o
 .debug_info    0x0000000000005f23      0xc31 ./zf_device/zf_device_camera.o
 .debug_info    0x0000000000006b54     0x1106 ./zf_device/zf_device_mt9v03x_dvp.o
 .debug_info    0x0000000000007c5a     0x1632 ./zf_device/zf_device_oled.o
 .debug_info    0x000000000000928c     0x1325 ./zf_device/zf_device_scc8660_dvp.o
 .debug_info    0x000000000000a5b1      0x115 ./zf_device/zf_device_type.o
 .debug_info    0x000000000000a6c6      0xfb2 ./zf_device/zf_device_wireless_ch573.o
 .debug_info    0x000000000000b678      0xfe0 ./zf_device/zf_device_wireless_uart.o
 .debug_info    0x000000000000c658      0xbe3 ./zf_common/zf_common_clock.o
 .debug_info    0x000000000000d23b      0xfda ./zf_common/zf_common_debug.o
 .debug_info    0x000000000000e215      0xbe3 ./zf_common/zf_common_fifo.o
 .debug_info    0x000000000000edf8      0xa4a ./zf_common/zf_common_font.o
 .debug_info    0x000000000000f842      0xf61 ./zf_common/zf_common_interrupt.o
 .debug_info    0x00000000000107a3     0x173c ./user_c/isr.o
 .debug_info    0x0000000000011edf      0xfd5 ./user_c/main.o
 .debug_info    0x0000000000012eb4       0x22 ./sdk/Startup/startup_ch32v30x.o
 .debug_info    0x0000000000012ed6      0x35f ./sdk/Peripheral/ch32v30x_exti.o
 .debug_info    0x0000000000013235      0x71b ./sdk/Peripheral/ch32v30x_gpio.o
 .debug_info    0x0000000000013950      0xc6a ./sdk/Peripheral/ch32v30x_rcc.o
 .debug_info    0x00000000000145ba      0x95b ./sdk/Peripheral/ch32v30x_spi.o
 .debug_info    0x0000000000014f15     0x1dde ./sdk/Peripheral/ch32v30x_tim.o
 .debug_info    0x0000000000016cf3      0xa4e ./sdk/Peripheral/ch32v30x_usart.o
 .debug_info    0x0000000000017741     0x13bd ./sdk/Peripheral/ch32v30x_usbotg_device.o

.debug_abbrev   0x0000000000000000     0x3f49
 .debug_abbrev  0x0000000000000000      0x1f6 ./zf_driver/zf_driver_delay.o
 .debug_abbrev  0x00000000000001f6      0x2ad ./zf_driver/zf_driver_gpio.o
 .debug_abbrev  0x00000000000004a3       0x14 ./zf_driver/zf_driver_irq.o
 .debug_abbrev  0x00000000000004b7      0x300 ./zf_driver/zf_driver_spi.o
 .debug_abbrev  0x00000000000007b7      0x2d1 ./zf_driver/zf_driver_uart.o
 .debug_abbrev  0x0000000000000a88      0x266 ./zf_device/zf_device_bluetooth_ch9141.o
 .debug_abbrev  0x0000000000000cee      0x266 ./zf_device/zf_device_bluetooth_ch9141_ch2.o
 .debug_abbrev  0x0000000000000f54      0x27e ./zf_device/zf_device_camera.o
 .debug_abbrev  0x00000000000011d2      0x31f ./zf_device/zf_device_mt9v03x_dvp.o
 .debug_abbrev  0x00000000000014f1      0x328 ./zf_device/zf_device_oled.o
 .debug_abbrev  0x0000000000001819      0x31f ./zf_device/zf_device_scc8660_dvp.o
 .debug_abbrev  0x0000000000001b38       0xb3 ./zf_device/zf_device_type.o
 .debug_abbrev  0x0000000000001beb      0x282 ./zf_device/zf_device_wireless_ch573.o
 .debug_abbrev  0x0000000000001e6d      0x293 ./zf_device/zf_device_wireless_uart.o
 .debug_abbrev  0x0000000000002100      0x278 ./zf_common/zf_common_clock.o
 .debug_abbrev  0x0000000000002378      0x333 ./zf_common/zf_common_debug.o
 .debug_abbrev  0x00000000000026ab      0x278 ./zf_common/zf_common_fifo.o
 .debug_abbrev  0x0000000000002923      0x1dd ./zf_common/zf_common_font.o
 .debug_abbrev  0x0000000000002b00      0x29b ./zf_common/zf_common_interrupt.o
 .debug_abbrev  0x0000000000002d9b      0x24e ./user_c/isr.o
 .debug_abbrev  0x0000000000002fe9      0x231 ./user_c/main.o
 .debug_abbrev  0x000000000000321a       0x12 ./sdk/Startup/startup_ch32v30x.o
 .debug_abbrev  0x000000000000322c      0x157 ./sdk/Peripheral/ch32v30x_exti.o
 .debug_abbrev  0x0000000000003383      0x1da ./sdk/Peripheral/ch32v30x_gpio.o
 .debug_abbrev  0x000000000000355d      0x202 ./sdk/Peripheral/ch32v30x_rcc.o
 .debug_abbrev  0x000000000000375f      0x1b1 ./sdk/Peripheral/ch32v30x_spi.o
 .debug_abbrev  0x0000000000003910      0x1dc ./sdk/Peripheral/ch32v30x_tim.o
 .debug_abbrev  0x0000000000003aec      0x1b1 ./sdk/Peripheral/ch32v30x_usart.o
 .debug_abbrev  0x0000000000003c9d      0x2ac ./sdk/Peripheral/ch32v30x_usbotg_device.o

.debug_aranges  0x0000000000000000      0xef8
 .debug_aranges
                0x0000000000000000       0x20 ./zf_driver/zf_driver_delay.o
 .debug_aranges
                0x0000000000000020       0x38 ./zf_driver/zf_driver_gpio.o
 .debug_aranges
                0x0000000000000058       0x20 ./zf_driver/zf_driver_irq.o
 .debug_aranges
                0x0000000000000078       0xb8 ./zf_driver/zf_driver_spi.o
 .debug_aranges
                0x0000000000000130       0x60 ./zf_driver/zf_driver_uart.o
 .debug_aranges
                0x0000000000000190       0x38 ./zf_device/zf_device_bluetooth_ch9141.o
 .debug_aranges
                0x00000000000001c8       0x38 ./zf_device/zf_device_bluetooth_ch9141_ch2.o
 .debug_aranges
                0x0000000000000200       0x48 ./zf_device/zf_device_camera.o
 .debug_aranges
                0x0000000000000248       0x58 ./zf_device/zf_device_mt9v03x_dvp.o
 .debug_aranges
                0x00000000000002a0       0xa8 ./zf_device/zf_device_oled.o
 .debug_aranges
                0x0000000000000348       0x80 ./zf_device/zf_device_scc8660_dvp.o
 .debug_aranges
                0x00000000000003c8       0x28 ./zf_device/zf_device_type.o
 .debug_aranges
                0x00000000000003f0       0x48 ./zf_device/zf_device_wireless_ch573.o
 .debug_aranges
                0x0000000000000438       0x50 ./zf_device/zf_device_wireless_uart.o
 .debug_aranges
                0x0000000000000488       0x30 ./zf_common/zf_common_clock.o
 .debug_aranges
                0x00000000000004b8       0x78 ./zf_common/zf_common_debug.o
 .debug_aranges
                0x0000000000000530       0x50 ./zf_common/zf_common_fifo.o
 .debug_aranges
                0x0000000000000580       0x18 ./zf_common/zf_common_font.o
 .debug_aranges
                0x0000000000000598       0x60 ./zf_common/zf_common_interrupt.o
 .debug_aranges
                0x00000000000005f8       0xf8 ./user_c/isr.o
 .debug_aranges
                0x00000000000006f0       0x20 ./user_c/main.o
 .debug_aranges
                0x0000000000000710       0x30 ./sdk/Startup/startup_ch32v30x.o
 .debug_aranges
                0x0000000000000740       0x58 ./sdk/Peripheral/ch32v30x_exti.o
 .debug_aranges
                0x0000000000000798       0xa8 ./sdk/Peripheral/ch32v30x_gpio.o
 .debug_aranges
                0x0000000000000840      0x1a8 ./sdk/Peripheral/ch32v30x_rcc.o
 .debug_aranges
                0x00000000000009e8       0xd0 ./sdk/Peripheral/ch32v30x_spi.o
 .debug_aranges
                0x0000000000000ab8      0x2f0 ./sdk/Peripheral/ch32v30x_tim.o
 .debug_aranges
                0x0000000000000da8      0x100 ./sdk/Peripheral/ch32v30x_usart.o
 .debug_aranges
                0x0000000000000ea8       0x50 ./sdk/Peripheral/ch32v30x_usbotg_device.o

.debug_ranges   0x0000000000000000      0xd18
 .debug_ranges  0x0000000000000000       0x10 ./zf_driver/zf_driver_delay.o
 .debug_ranges  0x0000000000000010       0x28 ./zf_driver/zf_driver_gpio.o
 .debug_ranges  0x0000000000000038       0xa8 ./zf_driver/zf_driver_spi.o
 .debug_ranges  0x00000000000000e0       0x50 ./zf_driver/zf_driver_uart.o
 .debug_ranges  0x0000000000000130       0x28 ./zf_device/zf_device_bluetooth_ch9141.o
 .debug_ranges  0x0000000000000158       0x28 ./zf_device/zf_device_bluetooth_ch9141_ch2.o
 .debug_ranges  0x0000000000000180       0x38 ./zf_device/zf_device_camera.o
 .debug_ranges  0x00000000000001b8       0x48 ./zf_device/zf_device_mt9v03x_dvp.o
 .debug_ranges  0x0000000000000200       0x98 ./zf_device/zf_device_oled.o
 .debug_ranges  0x0000000000000298       0x70 ./zf_device/zf_device_scc8660_dvp.o
 .debug_ranges  0x0000000000000308       0x18 ./zf_device/zf_device_type.o
 .debug_ranges  0x0000000000000320       0x38 ./zf_device/zf_device_wireless_ch573.o
 .debug_ranges  0x0000000000000358       0x40 ./zf_device/zf_device_wireless_uart.o
 .debug_ranges  0x0000000000000398       0x20 ./zf_common/zf_common_clock.o
 .debug_ranges  0x00000000000003b8       0x68 ./zf_common/zf_common_debug.o
 .debug_ranges  0x0000000000000420       0x40 ./zf_common/zf_common_fifo.o
 .debug_ranges  0x0000000000000460       0x50 ./zf_common/zf_common_interrupt.o
 .debug_ranges  0x00000000000004b0       0xe8 ./user_c/isr.o
 .debug_ranges  0x0000000000000598       0x10 ./user_c/main.o
 .debug_ranges  0x00000000000005a8       0x28 ./sdk/Startup/startup_ch32v30x.o
 .debug_ranges  0x00000000000005d0       0x48 ./sdk/Peripheral/ch32v30x_exti.o
 .debug_ranges  0x0000000000000618       0x98 ./sdk/Peripheral/ch32v30x_gpio.o
 .debug_ranges  0x00000000000006b0      0x198 ./sdk/Peripheral/ch32v30x_rcc.o
 .debug_ranges  0x0000000000000848       0xc0 ./sdk/Peripheral/ch32v30x_spi.o
 .debug_ranges  0x0000000000000908      0x2e0 ./sdk/Peripheral/ch32v30x_tim.o
 .debug_ranges  0x0000000000000be8       0xf0 ./sdk/Peripheral/ch32v30x_usart.o
 .debug_ranges  0x0000000000000cd8       0x40 ./sdk/Peripheral/ch32v30x_usbotg_device.o

.debug_line     0x0000000000000000    0x1142b
 .debug_line    0x0000000000000000      0x31d ./zf_driver/zf_driver_delay.o
 .debug_line    0x000000000000031d      0x5a6 ./zf_driver/zf_driver_gpio.o
 .debug_line    0x00000000000008c3       0x8a ./zf_driver/zf_driver_irq.o
 .debug_line    0x000000000000094d     0x19e8 ./zf_driver/zf_driver_spi.o
 .debug_line    0x0000000000002335      0xbc2 ./zf_driver/zf_driver_uart.o
 .debug_line    0x0000000000002ef7      0x497 ./zf_device/zf_device_bluetooth_ch9141.o
 .debug_line    0x000000000000338e      0x49b ./zf_device/zf_device_bluetooth_ch9141_ch2.o
 .debug_line    0x0000000000003829      0x512 ./zf_device/zf_device_camera.o
 .debug_line    0x0000000000003d3b      0xaf1 ./zf_device/zf_device_mt9v03x_dvp.o
 .debug_line    0x000000000000482c     0x14e5 ./zf_device/zf_device_oled.o
 .debug_line    0x0000000000005d11      0xcf8 ./zf_device/zf_device_scc8660_dvp.o
 .debug_line    0x0000000000006a09       0xbb ./zf_device/zf_device_type.o
 .debug_line    0x0000000000006ac4      0x539 ./zf_device/zf_device_wireless_ch573.o
 .debug_line    0x0000000000006ffd      0x609 ./zf_device/zf_device_wireless_uart.o
 .debug_line    0x0000000000007606      0x58f ./zf_common/zf_common_clock.o
 .debug_line    0x0000000000007b95      0xa37 ./zf_common/zf_common_debug.o
 .debug_line    0x00000000000085cc      0x601 ./zf_common/zf_common_fifo.o
 .debug_line    0x0000000000008bcd      0x177 ./zf_common/zf_common_font.o
 .debug_line    0x0000000000008d44      0x475 ./zf_common/zf_common_interrupt.o
 .debug_line    0x00000000000091b9      0xb6c ./user_c/isr.o
 .debug_line    0x0000000000009d25      0x4c6 ./user_c/main.o
 .debug_line    0x000000000000a1eb      0x39f ./sdk/Startup/startup_ch32v30x.o
 .debug_line    0x000000000000a58a      0x555 ./sdk/Peripheral/ch32v30x_exti.o
 .debug_line    0x000000000000aadf      0xa22 ./sdk/Peripheral/ch32v30x_gpio.o
 .debug_line    0x000000000000b501     0x126f ./sdk/Peripheral/ch32v30x_rcc.o
 .debug_line    0x000000000000c770      0xa6b ./sdk/Peripheral/ch32v30x_spi.o
 .debug_line    0x000000000000d1db     0x221f ./sdk/Peripheral/ch32v30x_tim.o
 .debug_line    0x000000000000f3fa      0xc4b ./sdk/Peripheral/ch32v30x_usart.o
 .debug_line    0x0000000000010045     0x13e6 ./sdk/Peripheral/ch32v30x_usbotg_device.o

.debug_str      0x0000000000000000     0x53bc
 .debug_str     0x0000000000000000      0x57d ./zf_driver/zf_driver_delay.o
                                        0x607 (size before relaxing)
 .debug_str     0x000000000000057d      0x286 ./zf_driver/zf_driver_gpio.o
                                        0x82e (size before relaxing)
 .debug_str     0x0000000000000803       0x4e ./zf_driver/zf_driver_irq.o
                                         0x7c (size before relaxing)
 .debug_str     0x0000000000000851      0x4e4 ./zf_driver/zf_driver_spi.o
                                        0xb25 (size before relaxing)
 .debug_str     0x0000000000000d35      0x903 ./zf_driver/zf_driver_uart.o
                                        0xfc6 (size before relaxing)
 .debug_str     0x0000000000001638      0x1f7 ./zf_device/zf_device_bluetooth_ch9141.o
                                        0xa52 (size before relaxing)
 .debug_str     0x000000000000182f      0x11e ./zf_device/zf_device_bluetooth_ch9141_ch2.o
                                        0xa62 (size before relaxing)
 .debug_str     0x000000000000194d      0x1ce ./zf_device/zf_device_camera.o
                                        0x885 (size before relaxing)
 .debug_str     0x0000000000001b1b      0x1a4 ./zf_device/zf_device_mt9v03x_dvp.o
                                        0xb10 (size before relaxing)
 .debug_str     0x0000000000001cbf      0x354 ./zf_device/zf_device_oled.o
                                        0xb2d (size before relaxing)
 .debug_str     0x0000000000002013      0x2d3 ./zf_device/zf_device_scc8660_dvp.o
                                        0xcd1 (size before relaxing)
 .debug_str     0x00000000000022e6       0x6e ./zf_device/zf_device_type.o
                                        0x21b (size before relaxing)
 .debug_str     0x0000000000002354      0x125 ./zf_device/zf_device_wireless_ch573.o
                                        0xab6 (size before relaxing)
 .debug_str     0x0000000000002479      0x12c ./zf_device/zf_device_wireless_uart.o
                                        0xabd (size before relaxing)
 .debug_str     0x00000000000025a5      0x199 ./zf_common/zf_common_clock.o
                                        0x761 (size before relaxing)
 .debug_str     0x000000000000273e      0x199 ./zf_common/zf_common_debug.o
                                        0xa66 (size before relaxing)
 .debug_str     0x00000000000028d7      0x128 ./zf_common/zf_common_fifo.o
                                        0x710 (size before relaxing)
 .debug_str     0x00000000000029ff       0x43 ./zf_common/zf_common_font.o
                                        0x5ee (size before relaxing)
 .debug_str     0x0000000000002a42      0x175 ./zf_common/zf_common_interrupt.o
                                        0xcb1 (size before relaxing)
 .debug_str     0x0000000000002bb7      0x657 ./user_c/isr.o
                                        0xee2 (size before relaxing)
 .debug_str     0x000000000000320e       0x4c ./user_c/main.o
                                        0xb79 (size before relaxing)
 .debug_str     0x000000000000325a       0x47 ./sdk/Startup/startup_ch32v30x.o
                                         0x81 (size before relaxing)
 .debug_str     0x00000000000032a1      0x1fa ./sdk/Peripheral/ch32v30x_exti.o
                                        0x3bd (size before relaxing)
 .debug_str     0x000000000000349b      0x250 ./sdk/Peripheral/ch32v30x_gpio.o
                                        0x58a (size before relaxing)
 .debug_str     0x00000000000036eb      0x645 ./sdk/Peripheral/ch32v30x_rcc.o
                                        0x8f1 (size before relaxing)
 .debug_str     0x0000000000003d30      0x2c4 ./sdk/Peripheral/ch32v30x_spi.o
                                        0x670 (size before relaxing)
 .debug_str     0x0000000000003ff4      0xacd ./sdk/Peripheral/ch32v30x_tim.o
                                        0xe7d (size before relaxing)
 .debug_str     0x0000000000004ac1      0x3a7 ./sdk/Peripheral/ch32v30x_usart.o
                                        0x707 (size before relaxing)
 .debug_str     0x0000000000004e68      0x554 ./sdk/Peripheral/ch32v30x_usbotg_device.o
                                        0xc70 (size before relaxing)

.comment        0x0000000000000000       0x33
 .comment       0x0000000000000000       0x33 ./zf_driver/zf_driver_delay.o
                                         0x34 (size before relaxing)
 .comment       0x0000000000000033       0x34 ./zf_driver/zf_driver_gpio.o
 .comment       0x0000000000000033       0x34 ./zf_driver/zf_driver_spi.o
 .comment       0x0000000000000033       0x34 ./zf_driver/zf_driver_uart.o
 .comment       0x0000000000000033       0x34 ./zf_device/zf_device_bluetooth_ch9141.o
 .comment       0x0000000000000033       0x34 ./zf_device/zf_device_bluetooth_ch9141_ch2.o
 .comment       0x0000000000000033       0x34 ./zf_device/zf_device_camera.o
 .comment       0x0000000000000033       0x34 ./zf_device/zf_device_mt9v03x_dvp.o
 .comment       0x0000000000000033       0x34 ./zf_device/zf_device_oled.o
 .comment       0x0000000000000033       0x34 ./zf_device/zf_device_scc8660_dvp.o
 .comment       0x0000000000000033       0x34 ./zf_device/zf_device_type.o
 .comment       0x0000000000000033       0x34 ./zf_device/zf_device_wireless_ch573.o
 .comment       0x0000000000000033       0x34 ./zf_device/zf_device_wireless_uart.o
 .comment       0x0000000000000033       0x34 ./zf_common/zf_common_clock.o
 .comment       0x0000000000000033       0x34 ./zf_common/zf_common_debug.o
 .comment       0x0000000000000033       0x34 ./zf_common/zf_common_fifo.o
 .comment       0x0000000000000033       0x34 ./zf_common/zf_common_font.o
 .comment       0x0000000000000033       0x34 ./zf_common/zf_common_interrupt.o
 .comment       0x0000000000000033       0x34 ./user_c/isr.o
 .comment       0x0000000000000033       0x34 ./user_c/main.o
 .comment       0x0000000000000033       0x34 ./sdk/Peripheral/ch32v30x_exti.o
 .comment       0x0000000000000033       0x34 ./sdk/Peripheral/ch32v30x_gpio.o
 .comment       0x0000000000000033       0x34 ./sdk/Peripheral/ch32v30x_rcc.o
 .comment       0x0000000000000033       0x34 ./sdk/Peripheral/ch32v30x_spi.o
 .comment       0x0000000000000033       0x34 ./sdk/Peripheral/ch32v30x_tim.o
 .comment       0x0000000000000033       0x34 ./sdk/Peripheral/ch32v30x_usart.o
 .comment       0x0000000000000033       0x34 ./sdk/Peripheral/ch32v30x_usbotg_device.o

.debug_frame    0x0000000000000000     0x5120
 .debug_frame   0x0000000000000000       0x30 ./zf_driver/zf_driver_delay.o
 .debug_frame   0x0000000000000030       0x98 ./zf_driver/zf_driver_gpio.o
 .debug_frame   0x00000000000000c8      0x2b8 ./zf_driver/zf_driver_spi.o
 .debug_frame   0x0000000000000380      0x150 ./zf_driver/zf_driver_uart.o
 .debug_frame   0x00000000000004d0       0xb4 ./zf_device/zf_device_bluetooth_ch9141.o
 .debug_frame   0x0000000000000584       0xb4 ./zf_device/zf_device_bluetooth_ch9141_ch2.o
 .debug_frame   0x0000000000000638       0xdc ./zf_device/zf_device_camera.o
 .debug_frame   0x0000000000000714      0x17c ./zf_device/zf_device_mt9v03x_dvp.o
 .debug_frame   0x0000000000000890      0x2bc ./zf_device/zf_device_oled.o
 .debug_frame   0x0000000000000b4c      0x244 ./zf_device/zf_device_scc8660_dvp.o
 .debug_frame   0x0000000000000d90       0x50 ./zf_device/zf_device_type.o
 .debug_frame   0x0000000000000de0      0x104 ./zf_device/zf_device_wireless_ch573.o
 .debug_frame   0x0000000000000ee4      0x13c ./zf_device/zf_device_wireless_uart.o
 .debug_frame   0x0000000000001020       0x78 ./zf_common/zf_common_clock.o
 .debug_frame   0x0000000000001098      0x1b4 ./zf_common/zf_common_debug.o
 .debug_frame   0x000000000000124c      0x104 ./zf_common/zf_common_fifo.o
 .debug_frame   0x0000000000001350      0x144 ./zf_common/zf_common_interrupt.o
 .debug_frame   0x0000000000001494      0xbac ./user_c/isr.o
 .debug_frame   0x0000000000002040       0x30 ./user_c/main.o
 .debug_frame   0x0000000000002070      0x114 ./sdk/Peripheral/ch32v30x_exti.o
 .debug_frame   0x0000000000002184      0x264 ./sdk/Peripheral/ch32v30x_gpio.o
 .debug_frame   0x00000000000023e8      0x658 ./sdk/Peripheral/ch32v30x_rcc.o
 .debug_frame   0x0000000000002a40      0x2fc ./sdk/Peripheral/ch32v30x_spi.o
 .debug_frame   0x0000000000002d3c      0xbbc ./sdk/Peripheral/ch32v30x_tim.o
 .debug_frame   0x00000000000038f8      0x3bc ./sdk/Peripheral/ch32v30x_usart.o
 .debug_frame   0x0000000000003cb4      0x150 ./sdk/Peripheral/ch32v30x_usbotg_device.o
 .debug_frame   0x0000000000003e04       0x44 c:/mounriver/mounriver_studio/toolchain/risc-v embedded gcc/bin/../lib/gcc/riscv-none-embed/8.2.0/rv32imafc/ilp32f\libgcc.a(adddf3.o)
 .debug_frame   0x0000000000003e48       0x58 c:/mounriver/mounriver_studio/toolchain/risc-v embedded gcc/bin/../lib/gcc/riscv-none-embed/8.2.0/rv32imafc/ilp32f\libgcc.a(divdf3.o)
 .debug_frame   0x0000000000003ea0       0x20 c:/mounriver/mounriver_studio/toolchain/risc-v embedded gcc/bin/../lib/gcc/riscv-none-embed/8.2.0/rv32imafc/ilp32f\libgcc.a(eqdf2.o)